Component: ARM Compiler 5.06 update 7 (build 960) Tool: armlink [4d3601]

==============================================================================

Section Cross References

    startup_stm32f427xx.o(STACK) refers (Special) to heapauxi.o(.text) for __use_two_region_memory
    startup_stm32f427xx.o(HEAP) refers (Special) to heapauxi.o(.text) for __use_two_region_memory
    startup_stm32f427xx.o(RESET) refers (Special) to heapauxi.o(.text) for __use_two_region_memory
    startup_stm32f427xx.o(RESET) refers to startup_stm32f427xx.o(STACK) for __initial_sp
    startup_stm32f427xx.o(RESET) refers to startup_stm32f427xx.o(.text) for Reset_Handler
    startup_stm32f427xx.o(RESET) refers to stm32f4xx_it.o(i.NMI_Handler) for NMI_Handler
    startup_stm32f427xx.o(RESET) refers to stm32f4xx_it.o(i.HardFault_Handler) for HardFault_Handler
    startup_stm32f427xx.o(RESET) refers to stm32f4xx_it.o(i.MemManage_Handler) for MemManage_Handler
    startup_stm32f427xx.o(RESET) refers to stm32f4xx_it.o(i.BusFault_Handler) for BusFault_Handler
    startup_stm32f427xx.o(RESET) refers to stm32f4xx_it.o(i.UsageFault_Handler) for UsageFault_Handler
    startup_stm32f427xx.o(RESET) refers to port.o(.emb_text) for SVC_Handler
    startup_stm32f427xx.o(RESET) refers to stm32f4xx_it.o(i.DebugMon_Handler) for DebugMon_Handler
    startup_stm32f427xx.o(RESET) refers to cmsis_os2.o(i.SysTick_Handler) for SysTick_Handler
    startup_stm32f427xx.o(RESET) refers to stm32f4xx_it.o(i.DMA1_Stream1_IRQHandler) for DMA1_Stream1_IRQHandler
    startup_stm32f427xx.o(RESET) refers to stm32f4xx_it.o(i.USART1_IRQHandler) for USART1_IRQHandler
    startup_stm32f427xx.o(RESET) refers to stm32f4xx_it.o(i.USART3_IRQHandler) for USART3_IRQHandler
    startup_stm32f427xx.o(RESET) refers to stm32f4xx_it.o(i.TIM8_TRG_COM_TIM14_IRQHandler) for TIM8_TRG_COM_TIM14_IRQHandler
    startup_stm32f427xx.o(RESET) refers to stm32f4xx_it.o(i.DMA2_Stream2_IRQHandler) for DMA2_Stream2_IRQHandler
    startup_stm32f427xx.o(RESET) refers to stm32f4xx_it.o(i.CAN2_TX_IRQHandler) for CAN2_TX_IRQHandler
    startup_stm32f427xx.o(RESET) refers to stm32f4xx_it.o(i.CAN2_RX0_IRQHandler) for CAN2_RX0_IRQHandler
    startup_stm32f427xx.o(RESET) refers to stm32f4xx_it.o(i.CAN2_SCE_IRQHandler) for CAN2_SCE_IRQHandler
    startup_stm32f427xx.o(.text) refers (Special) to heapauxi.o(.text) for __use_two_region_memory
    startup_stm32f427xx.o(.text) refers to system_stm32f4xx.o(i.SystemInit) for SystemInit
    startup_stm32f427xx.o(.text) refers to __main.o(!!!main) for __main
    startup_stm32f427xx.o(.text) refers to startup_stm32f427xx.o(HEAP) for Heap_Mem
    startup_stm32f427xx.o(.text) refers to startup_stm32f427xx.o(STACK) for Stack_Mem
    main.o(i.HAL_TIM_PeriodElapsedCallback) refers to stm32f4xx_hal.o(i.HAL_IncTick) for HAL_IncTick
    main.o(i.SystemClock_Config) refers to rt_memclr_w.o(.text) for __aeabi_memclr4
    main.o(i.SystemClock_Config) refers to stm32f4xx_hal_rcc.o(i.HAL_RCC_OscConfig) for HAL_RCC_OscConfig
    main.o(i.SystemClock_Config) refers to stm32f4xx_hal_pwr_ex.o(i.HAL_PWREx_EnableOverDrive) for HAL_PWREx_EnableOverDrive
    main.o(i.SystemClock_Config) refers to stm32f4xx_hal_rcc.o(i.HAL_RCC_ClockConfig) for HAL_RCC_ClockConfig
    main.o(i.main) refers to stm32f4xx_hal.o(i.HAL_Init) for HAL_Init
    main.o(i.main) refers to main.o(i.SystemClock_Config) for SystemClock_Config
    main.o(i.main) refers to gpio.o(i.MX_GPIO_Init) for MX_GPIO_Init
    main.o(i.main) refers to dma.o(i.MX_DMA_Init) for MX_DMA_Init
    main.o(i.main) refers to can.o(i.MX_CAN1_Init) for MX_CAN1_Init
    main.o(i.main) refers to can.o(i.MX_CAN2_Init) for MX_CAN2_Init
    main.o(i.main) refers to usart.o(i.MX_USART1_UART_Init) for MX_USART1_UART_Init
    main.o(i.main) refers to usart.o(i.MX_USART3_UART_Init) for MX_USART3_UART_Init
    main.o(i.main) refers to spi.o(i.MX_SPI5_Init) for MX_SPI5_Init
    main.o(i.main) refers to rc.o(i.RC_Init) for RC_Init
    main.o(i.main) refers to canbus.o(i.CAN1_BusStart) for CAN1_BusStart
    main.o(i.main) refers to canbus.o(i.CAN2_BusStart) for CAN2_BusStart
    main.o(i.main) refers to bsp_imu.o(i.mpu_device_init) for mpu_device_init
    main.o(i.main) refers to bsp_imu.o(i.mpu_get_data) for mpu_get_data
    main.o(i.main) refers to bsp_imu.o(i.init_quaternion) for init_quaternion
    main.o(i.main) refers to cmsis_os2.o(i.osKernelInitialize) for osKernelInitialize
    main.o(i.main) refers to freertos.o(i.MX_FREERTOS_Init) for MX_FREERTOS_Init
    main.o(i.main) refers to cmsis_os2.o(i.osKernelStart) for osKernelStart
    gpio.o(i.MX_GPIO_Init) refers to rt_memclr_w.o(.text) for __aeabi_memclr4
    gpio.o(i.MX_GPIO_Init) refers to stm32f4xx_hal_gpio.o(i.HAL_GPIO_WritePin) for HAL_GPIO_WritePin
    gpio.o(i.MX_GPIO_Init) refers to stm32f4xx_hal_gpio.o(i.HAL_GPIO_Init) for HAL_GPIO_Init
    freertos.o(i.MX_FREERTOS_Init) refers to cmsis_os2.o(i.osThreadNew) for osThreadNew
[...]
    CAN1_TX_IRQHandler                       0x08000367   Thumb Code     0  startup_stm32f427xx.o(.text)
    CAN2_RX1_IRQHandler                      0x08000367   Thumb Code     0  startup_stm32f427xx.o(.text)
    DCMI_IRQHandler                          0x08000367   Thumb Code     0  startup_stm32f427xx.o(.text)
    DMA1_Stream0_IRQHandler                  0x08000367   Thumb Code     0  startup_stm32f427xx.o(.text)
    DMA1_Stream2_IRQHandler                  0x08000367   Thumb Code     0  startup_stm32f427xx.o(.text)
    DMA1_Stream3_IRQHandler                  0x08000367   Thumb Code     0  startup_stm32f427xx.o(.text)
    DMA1_Stream4_IRQHandler                  0x08000367   Thumb Code     0  startup_stm32f427xx.o(.text)
    DMA1_Stream5_IRQHandler                  0x08000367   Thumb Code     0  startup_stm32f427xx.o(.text)
    DMA1_Stream6_IRQHandler                  0x08000367   Thumb Code     0  startup_stm32f427xx.o(.text)
    DMA1_Stream7_IRQHandler                  0x08000367   Thumb Code     0  startup_stm32f427xx.o(.text)
    DMA2D_IRQHandler                         0x08000367   Thumb Code     0  startup_stm32f427xx.o(.text)
    DMA2_Stream0_IRQHandler                  0x08000367   Thumb Code     0  startup_stm32f427xx.o(.text)
    DMA2_Stream1_IRQHandler                  0x08000367   Thumb Code     0  startup_stm32f427xx.o(.text)
    DMA2_Stream3_IRQHandler                  0x08000367   Thumb Code     0  startup_stm32f427xx.o(.text)
    DMA2_Stream4_IRQHandler                  0x08000367   Thumb Code     0  startup_stm32f427xx.o(.text)
    DMA2_Stream5_IRQHandler                  0x08000367   Thumb Code     0  startup_stm32f427xx.o(.text)
    DMA2_Stream6_IRQHandler                  0x08000367   Thumb Code     0  startup_stm32f427xx.o(.text)
    DMA2_Stream7_IRQHandler                  0x08000367   Thumb Code     0  startup_stm32f427xx.o(.text)
    ETH_IRQHandler                           0x08000367   Thumb Code     0  startup_stm32f427xx.o(.text)
    ETH_WKUP_IRQHandler                      0x08000367   Thumb Code     0  startup_stm32f427xx.o(.text)
    EXTI0_IRQHandler                         0x08000367   Thumb Code     0  startup_stm32f427xx.o(.text)
    EXTI15_10_IRQHandler                     0x08000367   Thumb Code     0  startup_stm32f427xx.o(.text)
    EXTI1_IRQHandler                         0x08000367   Thumb Code     0  startup_stm32f427xx.o(.text)
    EXTI2_IRQHandler                         0x08000367   Thumb Code     0  startup_stm32f427xx.o(.text)
    EXTI3_IRQHandler                         0x08000367   Thumb Code     0  startup_stm32f427xx.o(.text)
    EXTI4_IRQHandler                         0x08000367   Thumb Code     0  startup_stm32f427xx.o(.text)
    EXTI9_5_IRQHandler                       0x08000367   Thumb Code     0  startup_stm32f427xx.o(.text)
    FLASH_IRQHandler                         0x08000367   Thumb Code     0  startup_stm32f427xx.o(.text)
    FMC_IRQHandler                           0x08000367   Thumb Code     0  startup_stm32f427xx.o(.text)
    FPU_IRQHandler                           0x08000367   Thumb Code     0  startup_stm32f427xx.o(.text)
    HASH_RNG_IRQHandler                      0x08000367   Thumb Code     0  startup_stm32f427xx.o(.text)
    I2C1_ER_IRQHandler                       0x08000367   Thumb Code     0  startup_stm32f427xx.o(.text)
    I2C1_EV_IRQHandler                       0x08000367   Thumb Code     0  startup_stm32f427xx.o(.text)
    I2C2_ER_IRQHandler                       0x08000367   Thumb Code     0  startup_stm32f427xx.o(.text)
    I2C2_EV_IRQHandler                       0x08000367   Thumb Code     0  startup_stm32f427xx.o(.text)
    I2C3_ER_IRQHandler                       0x08000367   Thumb Code     0  startup_stm32f427xx.o(.text)
    I2C3_EV_IRQHandler                       0x08000367   Thumb Code     0  startup_stm32f427xx.o(.text)
    OTG_FS_IRQHandler                        0x08000367   Thumb Code     0  startup_stm32f427xx.o(.text)
    OTG_FS_WKUP_IRQHandler                   0x08000367   Thumb Code     0  startup_stm32f427xx.o(.text)
    OTG_HS_EP1_IN_IRQHandler                 0x08000367   Thumb Code     0  startup_stm32f427xx.o(.text)
    OTG_HS_EP1_OUT_IRQHandler                0x08000367   Thumb Code     0  startup_stm32f427xx.o(.text)
    OTG_HS_IRQHandler                        0x08000367   Thumb Code     0  startup_stm32f427xx.o(.text)
    OTG_HS_WKUP_IRQHandler                   0x08000367   Thumb Code     0  startup_stm32f427xx.o(.text)
    PVD_IRQHandler                           0x08000367   Thumb Code     0  startup_stm32f427xx.o(.text)
    RCC_IRQHandler                           0x08000367   Thumb Code     0  startup_stm32f427xx.o(.text)
    RTC_Alarm_IRQHandler                     0x08000367   Thumb Code     0  startup_stm32f427xx.o(.text)
    RTC_WKUP_IRQHandler                      0x08000367   Thumb Code     0  startup_stm32f427xx.o(.text)
    SAI1_IRQHandler                          0x08000367   Thumb Code     0  startup_stm32f427xx.o(.text)
    SDIO_IRQHandler                          0x08000367   Thumb Code     0  startup_stm32f427xx.o(.text)
    SPI1_IRQHandler                          0x08000367   Thumb Code     0  startup_stm32f427xx.o(.text)
    SPI2_IRQHandler                          0x08000367   Thumb Code     0  startup_stm32f427xx.o(.text)
    SPI3_IRQHandler                          0x08000367   Thumb Code     0  startup_stm32f427xx.o(.text)
    SPI4_IRQHandler                          0x08000367   Thumb Code     0  startup_stm32f427xx.o(.text)
    SPI5_IRQHandler                          0x08000367   Thumb Code     0  startup_stm32f427xx.o(.text)
    SPI6_IRQHandler                          0x08000367   Thumb Code     0  startup_stm32f427xx.o(.text)
    TAMP_STAMP_IRQHandler                    0x08000367   Thumb Code     0  startup_stm32f427xx.o(.text)
    TIM1_BRK_TIM9_IRQHandler                 0x08000367   Thumb Code     0  startup_stm32f427xx.o(.text)
    TIM1_CC_IRQHandler                       0x08000367   Thumb Code     0  startup_stm32f427xx.o(.text)
    TIM1_TRG_COM_TIM11_IRQHandler            0x08000367   Thumb Code     0  startup_stm32f427xx.o(.text)
    TIM1_UP_TIM10_IRQHandler                 0x08000367   Thumb Code     0  startup_stm32f427xx.o(.text)
    TIM2_IRQHandler                          0x08000367   Thumb Code     0  startup_stm32f427xx.o(.text)
    TIM3_IRQHandler                          0x08000367   Thumb Code     0  startup_stm32f427xx.o(.text)
    TIM4_IRQHandler                          0x08000367   Thumb Code     0  startup_stm32f427xx.o(.text)
    TIM5_IRQHandler                          0x08000367   Thumb Code     0  startup_stm32f427xx.o(.text)
    TIM6_DAC_IRQHandler                      0x08000367   Thumb Code     0  startup_stm32f427xx.o(.text)
    TIM7_IRQHandler                          0x08000367   Thumb Code     0  startup_stm32f427xx.o(.text)
    TIM8_BRK_TIM12_IRQHandler                0x08000367   Thumb Code     0  startup_stm32f427xx.o(.text)
    TIM8_CC_IRQHandler                       0x08000367   Thumb Code     0  startup_stm32f427xx.o(.text)
    TIM8_UP_TIM13_IRQHandler                 0x08000367   Thumb Code     0  startup_stm32f427xx.o(.text)
    UART4_IRQHandler                         0x08000367   Thumb Code     0  startup_stm32f427xx.o(.text)
    UART5_IRQHandler                         0x08000367   Thumb Code     0  startup_stm32f427xx.o(.text)
    UART7_IRQHandler                         0x08000367   Thumb Code     0  startup_stm32f427xx.o(.text)
    UART8_IRQHandler                         0x08000367   Thumb Code     0  startup_stm32f427xx.o(.text)
    USART2_IRQHandler                        0x08000367   Thumb Code     0  startup_stm32f427xx.o(.text)
    USART6_IRQHandler                        0x08000367   Thumb Code     0  startup_stm32f427xx.o(.text)
    WWDG_IRQHandler                          0x08000367   Thumb Code     0  startup_stm32f427xx.o(.text)
    __user_initial_stackheap                 0x08000369   Thumb Code     0  startup_stm32f427xx.o(.text)
    __aeabi_uldivmod                         0x0800038d   Thumb Code     0  lludivv7m.o(.text)
    _ll_udiv                                 0x0800038d   Thumb Code   238  lludivv7m.o(.text)
    __aeabi_memcpy                           0x0800047b   Thumb Code     0  rt_memcpy_v6.o(.text)
    __rt_memcpy                              0x0800047b   Thumb Code   138  rt_memcpy_v6.o(.text)
    _memcpy_lastbytes                        0x080004e1   Thumb Code     0  rt_memcpy_v6.o(.text)
    __aeabi_memcpy4                          0x08000505   Thumb Code     0  rt_memcpy_w.o(.text)
    __aeabi_memcpy8                          0x08000505   Thumb Code     0  rt_memcpy_w.o(.text)
    __rt_memcpy_w                            0x08000505   Thumb Code   100  rt_memcpy_w.o(.text)
    _memcpy_lastbytes_aligned                0x0800054d   Thumb Code     0  rt_memcpy_w.o(.text)
    __aeabi_memset                           0x08000569   Thumb Code    16  aeabi_memset.o(.text)
    __aeabi_memclr                           0x08000579   Thumb Code     0  rt_memclr.o(.text)
    __rt_memclr                              0x08000579   Thumb Code    68  rt_memclr.o(.text)
    _memset                                  0x0800057d   Thumb Code     0  rt_memclr.o(.text)
    __aeabi_memclr4                          0x080005bd   Thumb Code     0  rt_memclr_w.o(.text)
    __aeabi_memclr8                          0x080005bd   Thumb Code     0  rt_memclr_w.o(.text)
    __rt_memclr_w                            0x080005bd   Thumb Code    78  rt_memclr_w.o(.text)
    _memset_w                                0x080005c1   Thumb Code     0  rt_memclr_w.o(.text)
    __use_two_region_memory                  0x0800060b   Thumb Code     2  heapauxi.o(.text)
    __rt_heap_escrow$2region                 0x0800060d   Thumb Code     2  heapauxi.o(.text)
    __rt_heap_expand$2region                 0x0800060f   Thumb Code     2  heapauxi.o(.text)
    __read_errno                             0x08000611   Thumb Code    10  _rserrno.o(.text)
    __set_errno                              0x0800061b   Thumb Code    12  _rserrno.o(.text)
    __aeabi_errno_addr                       0x08000629   Thumb Code     8  rt_errno_addr_intlibspace.o(.text)
    __errno$intlibspace                      0x08000629   Thumb Code     0  rt_errno_addr_intlibspace.o(.text)
    __rt_errno_addr$intlibspace              0x08000629   Thumb Code     0  rt_errno_addr_intlibspace.o(.text)
    __user_libspace                          0x08000631   Thumb Code     8  libspace.o(.text)
    __user_perproc_libspace                  0x08000631   Thumb Code     0  libspace.o(.text)
    __user_perthread_libspace                0x08000631   Thumb Code     0  libspace.o(.text)
    __user_setup_stackheap                   0x08000639   Thumb Code    74  sys_stackheap_outer.o(.text)
    exit                                     0x08000683   Thumb Code    18  exit.o(.text)
    _sys_exit                                0x08000695   Thumb Code     8  sys_exit.o(.text)
    __I$use$semihosting                      0x080006a1   Thumb Code     0  use_no_semi.o(.text)
    __use_no_semihosting_swi                 0x080006a1   Thumb Code     2  use_no_semi.o(.text)
    BusFault_Handler                         0x080006a3   Thumb Code     2  stm32f4xx_it.o(i.BusFault_Handler)
    __semihosting_library_function           0x080006a3   Thumb Code     0  indicate_semi.o(.text)
    CAN1_BusStart                            0x080006a5   Thumb Code    80  canbus.o(i.CAN1_BusStart)
    CAN1_Send                                0x080006fd   Thumb Code    60  canbus.o(i.CAN1_Send)
    CAN2_BusStart                            0x0800073d   Thumb Code    80  canbus.o(i.CAN2_BusStart)
    CAN2_FindLatestById                      0x08000795   Thumb Code    46  canbus.o(i.CAN2_FindLatestById)
    CAN2_RX0_IRQHandler                      0x080007c9   Thumb Code     6  stm32f4xx_it.o(i.CAN2_RX0_IRQHandler)
    CAN2_SCE_IRQHandler                      0x080007d5   Thumb Code     6  stm32f4xx_it.o(i.CAN2_SCE_IRQHandler)
    CAN2_Send                                0x080007e1   Thumb Code    60  canbus.o(i.CAN2_Send)
    CAN2_TX_IRQHandler                       0x08000821   Thumb Code     6  stm32f4xx_it.o(i.CAN2_TX_IRQHandler)
    DMA1_Stream1_IRQHandler                  0x080008e5   Thumb Code     6  stm32f4xx_it.o(i.DMA1_Stream1_IRQHandler)
    DMA2_Stream2_IRQHandler                  0x080008f1   Thumb Code     6  stm32f4xx_it.o(i.DMA2_Stream2_IRQHandler)
    DebugMon_Handler                         0x080009a1   Thumb Code     2  stm32f4xx_it.o(i.DebugMon_Handler)
    Error_Handler                            0x080009a3   Thumb Code     4  main.o(i.Error_Handler)
    GetTripodData                            0x080009a9   Thumb Code   162  tripod.o(i.GetTripodData)
    GetUnderpanWheelSpeed                    0x08000a55   Thumb Code   712  underpan.o(i.GetUnderpanWheelSpeed)
    HAL_CAN_ActivateNotification             0x08000d29   Thumb Code    36  stm32f4xx_hal_can.o(i.HAL_CAN_ActivateNotification)
    HAL_CAN_AddTxMessage                     0x08000d4d   Thumb Code   208  stm32f4xx_hal_can.o(i.HAL_CAN_AddTxMessage)
    HAL_CAN_ConfigFilter                     0x08000e1d   Thumb Code   262  stm32f4xx_hal_can.o(i.HAL_CAN_ConfigFilter)
    HAL_CAN_ErrorCallback                    0x08000f29   Thumb Code     2  stm32f4xx_hal_can.o(i.HAL_CAN_ErrorCallback)
    HAL_CAN_GetRxFifoFillLevel               0x08000f2d   Thumb Code    34  stm32f4xx_hal_can.o(i.HAL_CAN_GetRxFifoFillLevel)
    HAL_CAN_GetRxMessage                     0x08000f4f   Thumb Code   244  stm32f4xx_hal_can.o(i.HAL_CAN_GetRxMessage)
    HAL_CAN_IRQHandler                       0x08001043   Thumb Code   508  stm32f4xx_hal_can.o(i.HAL_CAN_IRQHandler)
    HAL_CAN_Init                             0x0800123f   Thumb Code   282  stm32f4xx_hal_can.o(i.HAL_CAN_Init)
    HAL_CAN_MspInit                          0x08001359   Thumb Code   294  can.o(i.HAL_CAN_MspInit)
    HAL_CAN_RxFifo0FullCallback              0x08001499   Thumb Code     2  stm32f4xx_hal_can.o(i.HAL_CAN_RxFifo0FullCallback)
    HAL_CAN_RxFifo0MsgPendingCallback        0x0800149d   Thumb Code    72  canbus.o(i.HAL_CAN_RxFifo0MsgPendingCallback)
    HAL_CAN_RxFifo1FullCallback              0x080014f5   Thumb Code     2  stm32f4xx_hal_can.o(i.HAL_CAN_RxFifo1FullCallback)
    HAL_CAN_RxFifo1MsgPendingCallback        0x080014f7   Thumb Code     2  stm32f4xx_hal_can.o(i.HAL_CAN_RxFifo1MsgPendingCallback)
    HAL_CAN_SleepCallback                    0x080014f9   Thumb Code     2  stm32f4xx_hal_can.o(i.HAL_CAN_SleepCallback)
    HAL_CAN_Start                            0x080014fd   Thumb Code    88  stm32f4xx_hal_can.o(i.HAL_CAN_Start)
    HAL_CAN_TxMailbox0AbortCallback          0x08001555   Thumb Code     2  stm32f4xx_hal_can.o(i.HAL_CAN_TxMailbox0AbortCallback)
    HAL_CAN_TxMailbox0CompleteCallback       0x08001557   Thumb Code     2  stm32f4xx_hal_can.o(i.HAL_CAN_TxMailbox0CompleteCallback)
    HAL_CAN_TxMailbox1AbortCallback          0x08001559   Thumb Code     2  stm32f4xx_hal_can.o(i.HAL_CAN_TxMailbox1AbortCallback)
    HAL_CAN_TxMailbox1CompleteCallback       0x0800155b   Thumb Code     2  stm32f4xx_hal_can.o(i.HAL_CAN_TxMailbox1CompleteCallback)
    HAL_CAN_TxMailbox2AbortCallback          0x0800155d   Thumb Code     2  stm32f4xx_hal_can.o(i.HAL_CAN_TxMailbox2AbortCallback)
    HAL_CAN_TxMailbox2CompleteCallback       0x0800155f   Thumb Code     2  stm32f4xx_hal_can.o(i.HAL_CAN_TxMailbox2CompleteCallback)
    HAL_CAN_WakeUpFromRxMsgCallback          0x08001561   Thumb Code     2  stm32f4xx_hal_can.o(i.HAL_CAN_WakeUpFromRxMsgCallback)
    HAL_DMA_Abort                            0x08001563   Thumb Code   146  stm32f4xx_hal_dma.o(i.HAL_DMA_Abort)
    HAL_DMA_Abort_IT                         0x080015f5   Thumb Code    36  stm32f4xx_hal_dma.o(i.HAL_DMA_Abort_IT)
    HAL_DMA_IRQHandler                       0x08001619   Thumb Code   412  stm32f4xx_hal_dma.o(i.HAL_DMA_IRQHandler)
    HAL_DMA_Init                             0x080017b9   Thumb Code   206  stm32f4xx_hal_dma.o(i.HAL_DMA_Init)
    HAL_DMA_Start_IT                         0x0800188d   Thumb Code   110  stm32f4xx_hal_dma.o(i.HAL_DMA_Start_IT)
    HAL_Delay                                0x080018fd   Thumb Code    32  stm32f4xx_hal.o(i.HAL_Delay)
    HAL_GPIO_Init                            0x08001921   Thumb Code   510  stm32f4xx_hal_gpio.o(i.HAL_GPIO_Init)
    HAL_GPIO_WritePin                        0x08001b55   Thumb Code    10  stm32f4xx_hal_gpio.o(i.HAL_GPIO_WritePin)
    HAL_GetTick                              0x08001b61   Thumb Code     6  stm32f4xx_hal.o(i.HAL_GetTick)
    HAL_IncTick                              0x08001b6d   Thumb Code    12  stm32f4xx_hal.o(i.HAL_IncTick)
    HAL_Init                                 0x08001b7d   Thumb Code    48  stm32f4xx_hal.o(i.HAL_Init)
    HAL_InitTick                             0x08001bb1   Thumb Code   132  stm32f4xx_hal_timebase_tim.o(i.HAL_InitTick)
    HAL_MspInit                              0x08001c49   Thumb Code    52  stm32f4xx_hal_msp.o(i.HAL_MspInit)
    HAL_NVIC_EnableIRQ                       0x08001c81   Thumb Code    26  stm32f4xx_hal_cortex.o(i.HAL_NVIC_EnableIRQ)
    HAL_NVIC_SetPriority                     0x08001c9d   Thumb Code    60  stm32f4xx_hal_cortex.o(i.HAL_NVIC_SetPriority)
    HAL_NVIC_SetPriorityGrouping             0x08001cdd   Thumb Code    26  stm32f4xx_hal_cortex.o(i.HAL_NVIC_SetPriorityGrouping)
    HAL_PWREx_EnableOverDrive                0x08001d01   Thumb Code    98  stm32f4xx_hal_pwr_ex.o(i.HAL_PWREx_EnableOverDrive)
    HAL_RCC_ClockConfig                      0x08001d71   Thumb Code   288  stm32f4xx_hal_rcc.o(i.HAL_RCC_ClockConfig)
    HAL_RCC_GetClockConfig                   0x08001ea5   Thumb Code    54  stm32f4xx_hal_rcc.o(i.HAL_RCC_GetClockConfig)
    HAL_RCC_GetPCLK1Freq                     0x08001ee5   Thumb Code    20  stm32f4xx_hal_rcc.o(i.HAL_RCC_GetPCLK1Freq)
    HAL_RCC_GetPCLK2Freq                     0x08001f05   Thumb Code    20  stm32f4xx_hal_rcc.o(i.HAL_RCC_GetPCLK2Freq)
    HAL_RCC_GetSysClockFreq                  0x08001f25   Thumb Code    88  stm32f4xx_hal_rcc.o(i.HAL_RCC_GetSysClockFreq)
    HAL_RCC_OscConfig                        0x08001f89   Thumb Code   856  stm32f4xx_hal_rcc.o(i.HAL_RCC_OscConfig)
    HAL_SPI_Init                             0x080022f5   Thumb Code   188  stm32f4xx_hal_spi.o(i.HAL_SPI_Init)
    HAL_SPI_MspInit                          0x080023b1   Thumb Code    94  spi.o(i.HAL_SPI_MspInit)
    HAL_SPI_TransmitReceive                  0x0800241d   Thumb Code   496  stm32f4xx_hal_spi.o(i.HAL_SPI_TransmitReceive)
    HAL_TIMEx_BreakCallback                  0x0800260d   Thumb Code     2  stm32f4xx_hal_tim_ex.o(i.HAL_TIMEx_BreakCallback)
    HAL_TIMEx_CommutCallback                 0x0800260f   Thumb Code     2  stm32f4xx_hal_tim_ex.o(i.HAL_TIMEx_CommutCallback)
    HAL_TIM_Base_Init                        0x08002611   Thumb Code    90  stm32f4xx_hal_tim.o(i.HAL_TIM_Base_Init)
    HAL_TIM_Base_MspInit                     0x0800266b   Thumb Code     2  stm32f4xx_hal_tim.o(i.HAL_TIM_Base_MspInit)
    HAL_TIM_Base_Start_IT                    0x0800266d   Thumb Code   100  stm32f4xx_hal_tim.o(i.HAL_TIM_Base_Start_IT)
    HAL_TIM_IC_CaptureCallback               0x080026ed   Thumb Code     2  stm32f4xx_hal_tim.o(i.HAL_TIM_IC_CaptureCallback)
    HAL_TIM_IRQHandler                       0x080026ef   Thumb Code   304  stm32f4xx_hal_tim.o(i.HAL_TIM_IRQHandler)
    HAL_TIM_OC_DelayElapsedCallback          0x0800281f   Thumb Code     2  stm32f4xx_hal_tim.o(i.HAL_TIM_OC_DelayElapsedCallback)
    HAL_TIM_PWM_PulseFinishedCallback        0x08002821   Thumb Code     2  stm32f4xx_hal_tim.o(i.HAL_TIM_PWM_PulseFinishedCallback)
    HAL_TIM_PeriodElapsedCallback            0x08002825   Thumb Code    14  main.o(i.HAL_TIM_PeriodElapsedCallback)
    HAL_TIM_TriggerCallback                  0x08002839   Thumb Code     2  stm32f4xx_hal_tim.o(i.HAL_TIM_TriggerCallback)
    HAL_UARTEx_ReceiveToIdle_DMA             0x0800283b   Thumb Code    74  stm32f4xx_hal_uart.o(i.HAL_UARTEx_ReceiveToIdle_DMA)
    HAL_UARTEx_RxEventCallback               0x08002885   Thumb Code    80  rc.o(i.HAL_UARTEx_RxEventCallback)
    HAL_UART_ErrorCallback                   0x080028e5   Thumb Code     2  stm32f4xx_hal_uart.o(i.HAL_UART_ErrorCallback)
    HAL_UART_IRQHandler                      0x080028e9   Thumb Code   636  stm32f4xx_hal_uart.o(i.HAL_UART_IRQHandler)
    HAL_UART_Init                            0x08002b69   Thumb Code   100  stm32f4xx_hal_uart.o(i.HAL_UART_Init)
    HAL_UART_MspInit                         0x08002bcd   Thumb Code   286  usart.o(i.HAL_UART_MspInit)
    HAL_UART_RxCpltCallback                  0x08002d0d   Thumb Code     2  stm32f4xx_hal_uart.o(i.HAL_UART_RxCpltCallback)
    HAL_UART_RxHalfCpltCallback              0x08002d0f   Thumb Code     2  stm32f4xx_hal_uart.o(i.HAL_UART_RxHalfCpltCallback)
    HAL_UART_TxCpltCallback                  0x08002d11   Thumb Code     2  stm32f4xx_hal_uart.o(i.HAL_UART_TxCpltCallback)
    HardFault_Handler                        0x08002d13   Thumb Code     2  stm32f4xx_it.o(i.HardFault_Handler)
    MX_CAN1_Init                             0x08002d15   Thumb Code    52  can.o(i.MX_CAN1_Init)
    MX_CAN2_Init                             0x08002d51   Thumb Code    52  can.o(i.MX_CAN2_Init)
    MX_DMA_Init                              0x08002d8d   Thumb Code    72  dma.o(i.MX_DMA_Init)
    MX_FREERTOS_Init                         0x08002dd9   Thumb Code    60  freertos.o(i.MX_FREERTOS_Init)
    MX_GPIO_Init                             0x08002e2d   Thumb Code   148  gpio.o(i.MX_GPIO_Init)
    MX_SPI5_Init                             0x08002ec9   Thumb Code    60  spi.o(i.MX_SPI5_Init)
    MX_USART1_UART_Init                      0x08002f0d   Thumb Code    48  usart.o(i.MX_USART1_UART_Init)
    MX_USART3_UART_Init                      0x08002f45   Thumb Code    46  usart.o(i.MX_USART3_UART_Init)
    MemManage_Handler                        0x08002f81   Thumb Code     2  stm32f4xx_it.o(i.MemManage_Handler)
    NMI_Handler                              0x08002f83   Thumb Code     2  stm32f4xx_it.o(i.NMI_Handler)
    PID_Compute                              0x08002f85   Thumb Code    66  pid.o(i.PID_Compute)
    RC_GetData                               0x08002fc9   Thumb Code     4  rc.o(i.RC_GetData)
    RC_Init                                  0x08002fd1   Thumb Code    58  rc.o(i.RC_Init)
    RC_ProcessFrame                          0x08003019   Thumb Code   108  rc.o(i.RC_ProcessFrame)
    StartDefaultTask                         0x080031b1   Thumb Code     8  freertos.o(i.StartDefaultTask)
    StartGetIMUData                          0x080031b9   Thumb Code    20  imu.o(i.StartGetIMUData)
    StartTripod                              0x080031cd   Thumb Code   144  tripod.o(i.StartTripod)
    StartUnderpan                            0x08003265   Thumb Code   176  underpan.o(i.StartUnderpan)
    SysTick_Handler                          0x08003335   Thumb Code    26  cmsis_os2.o(i.SysTick_Handler)
    SystemClock_Config                       0x08003351   Thumb Code   148  main.o(i.SystemClock_Config)
    SystemInit                               0x080033ed   Thumb Code    12  system_stm32f4xx.o(i.SystemInit)
    TIM8_TRG_COM_TIM14_IRQHandler            0x080033fd   Thumb Code     6  stm32f4xx_it.o(i.TIM8_TRG_COM_TIM14_IRQHandler)
    TIM_Base_SetConfig                       0x08003409   Thumb Code   164  stm32f4xx_hal_tim.o(i.TIM_Base_SetConfig)
    UART_Start_Receive_DMA                   0x0800380d   Thumb Code   146  stm32f4xx_hal_uart.o(i.UART_Start_Receive_DMA)
    USART1_IRQHandler                        0x080038ad   Thumb Code     6  stm32f4xx_it.o(i.USART1_IRQHandler)
    USART3_IRQHandler                        0x080038b9   Thumb Code     6  stm32f4xx_it.o(i.USART3_IRQHandler)
    UsageFault_Handler                       0x080038c5   Thumb Code     2  stm32f4xx_it.o(i.UsageFault_Handler)
    __ARM_fpclassify                         0x080038c7   Thumb Code    48  fpclassify.o(i.__ARM_fpclassify)
    __hardfp_asin                            0x08003919   Thumb Code   770  asin.o(i.__hardfp_asin)
    __hardfp_atan                            0x08003c79   Thumb Code   622  atan.o(i.__hardfp_atan)
    __hardfp_atan2                           0x08003f51   Thumb Code   448  atan2.o(i.__hardfp_atan2)
    __hardfp_cos                             0x08004151   Thumb Code   180  cos.o(i.__hardfp_cos)
    __hardfp_fabs                            0x08004219   Thumb Code    20  fabs.o(i.__hardfp_fabs)
    __hardfp_sin                             0x08004231   Thumb Code   180  sin.o(i.__hardfp_sin)
    __hardfp_sqrt                            0x080042f9   Thumb Code   122  sqrt.o(i.__hardfp_sqrt)
    __ieee754_rem_pio2                       0x08004379   Thumb Code   938  rred.o(i.__ieee754_rem_pio2)
    __kernel_cos                             0x080047b1   Thumb Code   322  cos_i.o(i.__kernel_cos)
    __kernel_poly                            0x08004921   Thumb Code   248  poly.o(i.__kernel_poly)
    __kernel_sin                             0x08004a19   Thumb Code   280  sin_i.o(i.__kernel_sin)
    __mathlib_dbl_infnan                     0x08004b49   Thumb Code    20  dunder.o(i.__mathlib_dbl_infnan)
    __mathlib_dbl_infnan2                    0x08004b5d   Thumb Code    20  dunder.o(i.__mathlib_dbl_infnan2)
    __mathlib_dbl_invalid                    0x08004b71   Thumb Code    24  dunder.o(i.__mathlib_dbl_invalid)
    __mathlib_dbl_underflow                  0x08004b91   Thumb Code    24  dunder.o(i.__mathlib_dbl_underflow)
    atan                                     0x08004bb1   Thumb Code    16  atan.o(i.atan)
    fabs                                     0x08004bc1   Thumb Code    24  fabs.o(i.fabs)
    imu_ahrs_update                          0x08004bd9   Thumb Code  1194  bsp_imu.o(i.imu_ahrs_update)
    imu_attitude_update                      0x08005085   Thumb Code   346  bsp_imu.o(i.imu_attitude_update)
    init_quaternion                          0x080051f9   Thumb Code   360  bsp_imu.o(i.init_quaternion)
    inv_sqrt                                 0x080053c5   Thumb Code    40  bsp_imu.o(i.inv_sqrt)
    ist8310_get_data                         0x080053f1   Thumb Code    10  bsp_imu.o(i.ist8310_get_data)
    ist8310_init                             0x080053fb   Thumb Code   256  bsp_imu.o(i.ist8310_init)
    main                                     0x08005575   Thumb Code    92  main.o(i.main)
    mpu_device_init                          0x080055d1   Thumb Code    90  bsp_imu.o(i.mpu_device_init)
    mpu_get_data                             0x08005635   Thumb Code   234  bsp_imu.o(i.mpu_get_data)
    mpu_offset_call                          0x080057c5   Thumb Code   162  bsp_imu.o(i.mpu_offset_call)
    mpu_read_byte                            0x0800586d   Thumb Code    68  bsp_imu.o(i.mpu_read_byte)
    mpu_read_bytes                           0x080058bd   Thumb Code    80  bsp_imu.o(i.mpu_read_bytes)
    mpu_set_accel_fsr                        0x08005919   Thumb Code    10  bsp_imu.o(i.mpu_set_accel_fsr)
    mpu_set_gyro_fsr                         0x08005923   Thumb Code    10  bsp_imu.o(i.mpu_set_gyro_fsr)
    mpu_write_byte                           0x0800592d   Thumb Code    72  bsp_imu.o(i.mpu_write_byte)
    osDelay                                  0x08005981   Thumb Code    26  cmsis_os2.o(i.osDelay)
    osKernelInitialize                       0x0800599d   Thumb Code    32  cmsis_os2.o(i.osKernelInitialize)
    osKernelStart                            0x080059c1   Thumb Code    48  cmsis_os2.o(i.osKernelStart)
    osThreadNew                              0x080059f9   Thumb Code   138  cmsis_os2.o(i.osThreadNew)
    pvPortMalloc                             0x08006219   Thumb Code   216  heap_4.o(i.pvPortMalloc)
    pxPortInitialiseStack                    0x080062f5   Thumb Code    40  port.o(i.pxPortInitialiseStack)
    sqrt                                     0x08006321   Thumb Code   110  sqrt.o(i.sqrt)
    uxListRemove                             0x0800638f   Thumb Code    38  list.o(i.uxListRemove)
    vApplicationGetIdleTaskMemory            0x080063b5   Thumb Code    16  cmsis_os2.o(i.vApplicationGetIdleTaskMemory)
    vApplicationGetTimerTaskMemory           0x080063c9   Thumb Code    18  cmsis_os2.o(i.vApplicationGetTimerTaskMemory)
    vListInitialise                          0x080063e1   Thumb Code    22  list.o(i.vListInitialise)
    vListInitialiseItem                      0x080063f7   Thumb Code     6  list.o(i.vListInitialiseItem)
    vListInsert                              0x080063fd   Thumb Code    48  list.o(i.vListInsert)
    vListInsertEnd                           0x0800642d   Thumb Code    24  list.o(i.vListInsertEnd)
    vPortEnterCritical                       0x08006445   Thumb Code    54  port.o(i.vPortEnterCritical)
    vPortExitCritical                        0x08006485   Thumb Code    34  port.o(i.vPortExitCritical)
    vPortFree                                0x080064ad   Thumb Code    94  heap_4.o(i.vPortFree)
    vPortSetupTimerInterrupt                 0x08006511   Thumb Code    32  port.o(i.vPortSetupTimerInterrupt)
    vPortValidateInterruptPriority           0x08006535   Thumb Code    74  port.o(i.vPortValidateInterruptPriority)
    vQueueAddToRegistry                      0x08006589   Thumb Code    34  queue.o(i.vQueueAddToRegistry)
    vQueueWaitForMessageRestricted           0x080065b1   Thumb Code    68  queue.o(i.vQueueWaitForMessageRestricted)
    vTaskDelay                               0x080065f5   Thumb Code    66  tasks.o(i.vTaskDelay)
    vTaskInternalSetTimeOutState             0x08006641   Thumb Code    12  tasks.o(i.vTaskInternalSetTimeOutState)
    vTaskMissedYield                         0x08006651   Thumb Code     8  tasks.o(i.vTaskMissedYield)
    vTaskPlaceOnEventList                    0x0800665d   Thumb Code    44  tasks.o(i.vTaskPlaceOnEventList)
    vTaskPlaceOnEventListRestricted          0x0800668d   Thumb Code    52  tasks.o(i.vTaskPlaceOnEventListRestricted)
    vTaskStartScheduler                      0x080066c5   Thumb Code   118  tasks.o(i.vTaskStartScheduler)
    vTaskSuspendAll                          0x0800674d   Thumb Code    10  tasks.o(i.vTaskSuspendAll)
    vTaskSwitchContext                       0x0800675d   Thumb Code    90  tasks.o(i.vTaskSwitchContext)
    xPortStartScheduler                      0x080067c1   Thumb Code   222  port.o(i.xPortStartScheduler)
    xPortSysTickHandler                      0x080068b5   Thumb Code    38  port.o(i.xPortSysTickHandler)
    xQueueGenericCreateStatic                0x080068e1   Thumb Code   102  queue.o(i.xQueueGenericCreateStatic)
    xQueueGenericReset                       0x08006949   Thumb Code   132  queue.o(i.xQueueGenericReset)
    xQueueGenericSend                        0x080069d1   Thumb Code   346  queue.o(i.xQueueGenericSend)
    xQueueGenericSendFromISR                 0x08006b31   Thumb Code   190  queue.o(i.xQueueGenericSendFromISR)
    xQueueReceive                            0x08006bf1   Thumb Code   308  queue.o(i.xQueueReceive)
    xTaskCheckForTimeOut                     0x08006d29   Thumb Code   112  tasks.o(i.xTaskCheckForTimeOut)
    xTaskCreate                              0x08006d9d   Thumb Code    90  tasks.o(i.xTaskCreate)
    xTaskCreateStatic                        0x08006df7   Thumb Code    86  tasks.o(i.xTaskCreateStatic)
    xTaskGetSchedulerState                   0x08006e4d   Thumb Code    22  tasks.o(i.xTaskGetSchedulerState)
    xTaskGetTickCount                        0x08006e69   Thumb Code     6  tasks.o(i.xTaskGetTickCount)
    xTaskIncrementTick                       0x08006e75   Thumb Code   192  tasks.o(i.xTaskIncrementTick)
    xTaskPriorityDisinherit                  0x08006f3d   Thumb Code   118  tasks.o(i.xTaskPriorityDisinherit)
    xTaskRemoveFromEventList                 0x08006fbd   Thumb Code    98  tasks.o(i.xTaskRemoveFromEventList)
    xTaskResumeAll                           0x0800702d   Thumb Code   182  tasks.o(i.xTaskResumeAll)
    xTimerCreateTimerTask                    0x080070f1   Thumb Code    78  timers.o(i.xTimerCreateTimerTask)
    xTimerGenericCommand                     0x08007151   Thumb Code    98  timers.o(i.xTimerGenericCommand)
    __aeabi_dneg                             0x080071b9   Thumb Code     0  basic.o(x$fpl$basic)
    _dneg                                    0x080071b9   Thumb Code     6  basic.o(x$fpl$basic)
    __aeabi_fneg                             0x080071bf   Thumb Code     0  basic.o(x$fpl$basic)
    _fneg                                    0x080071bf   Thumb Code     6  basic.o(x$fpl$basic)
    _dabs                                    0x080071c5   Thumb Code     6  basic.o(x$fpl$basic)
    _fabs                                    0x080071cb   Thumb Code     6  basic.o(x$fpl$basic)
    __aeabi_d2f                              0x080071d1   Thumb Code     0  d2f.o(x$fpl$d2f)
    _d2f                                     0x080071d1   Thumb Code    98  d2f.o(x$fpl$d2f)
    __aeabi_dadd                             0x08007235   Thumb Code     0  daddsub_clz.o(x$fpl$dadd)
    _dadd                                    0x08007235   Thumb Code   332  daddsub_clz.o(x$fpl$dadd)
    __fpl_dcmp_Inf                           0x08007385   Thumb Code    24  dcmpi.o(x$fpl$dcmpinf)
    __aeabi_ddiv                             0x0800739d   Thumb Code     0  ddiv.o(x$fpl$ddiv)
    _ddiv                                    0x0800739d   Thumb Code   552  ddiv.o(x$fpl$ddiv)
    __aeabi_cdcmpeq                          0x0800764d   Thumb Code     0  deqf.o(x$fpl$deqf)
    _dcmpeq                                  0x0800764d   Thumb Code   120  deqf.o(x$fpl$deqf)
    __aeabi_d2iz                             0x080076c5   Thumb Code     0  dfix.o(x$fpl$dfix)
    _dfix                                    0x080076c5   Thumb Code    94  dfix.o(x$fpl$dfix)
    __aeabi_i2d                              0x08007723   Thumb Code     0  dflt_clz.o(x$fpl$dflt)
    _dflt                                    0x08007723   Thumb Code    46  dflt_clz.o(x$fpl$dflt)
    __aeabi_ui2d                             0x08007751   Thumb Code     0  dflt_clz.o(x$fpl$dfltu)
    _dfltu                                   0x08007751   Thumb Code    38  dflt_clz.o(x$fpl$dfltu)
    __aeabi_cdcmple                          0x08007779   Thumb Code     0  dleqf.o(x$fpl$dleqf)
    _dcmple                                  0x08007779   Thumb Code   120  dleqf.o(x$fpl$dleqf)
    __fpl_dcmple_InfNaN                      0x080077db   Thumb Code     0  dleqf.o(x$fpl$dleqf)
    __aeabi_dmul                             0x080077f1   Thumb Code     0  dmul.o(x$fpl$dmul)
    _dmul                                    0x080077f1   Thumb Code   332  dmul.o(x$fpl$dmul)
    __fpl_dnaninf                            0x08007945   Thumb Code   156  dnaninf.o(x$fpl$dnaninf)
    __fpl_dretinf                            0x080079e1   Thumb Code    12  dretinf.o(x$fpl$dretinf)
    __aeabi_cdrcmple                         0x080079ed   Thumb Code     0  drleqf.o(x$fpl$drleqf)
    _drcmple                                 0x080079ed   Thumb Code   108  drleqf.o(x$fpl$drleqf)
    __aeabi_drsub                            0x08007a59   Thumb Code     0  daddsub_clz.o(x$fpl$drsb)
    _drsb                                    0x08007a59   Thumb Code    22  daddsub_clz.o(x$fpl$drsb)
    _dsqrt                                   0x08007a71   Thumb Code   404  dsqrt_umaal.o(x$fpl$dsqrt)
    __aeabi_dsub                             0x08007c09   Thumb Code     0  daddsub_clz.o(x$fpl$dsub)
    _dsub                                    0x08007c09   Thumb Code   464  daddsub_clz.o(x$fpl$dsub)
    __aeabi_f2d                              0x08007ddd   Thumb Code     0  f2d.o(x$fpl$f2d)
    _f2d                                     0x08007ddd   Thumb Code    86  f2d.o(x$fpl$f2d)
    __fpl_fnaninf                            0x08007e33   Thumb Code   140  fnaninf.o(x$fpl$fnaninf)
    _fp_init                                 0x08007ebf   Thumb Code    10  fpinit.o(x$fpl$fpinit)
    __fplib_config_fpu_vfp                   0x08007ec7   Thumb Code     0  fpinit.o(x$fpl$fpinit)
    __fplib_config_pureend_doubles           0x08007ec7   Thumb Code     0  fpinit.o(x$fpl$fpinit)
    __fpl_fretinf                            0x08007ec9   Thumb Code    10  fretinf.o(x$fpl$fretinf)
    __I$use$fp                               0x08007ed2   Number         0  usenofp.o(x$fpl$usenofp)
    defaultTask_attributes                   0x08007ed4   Data          36  freertos.o(.constdata)
    Underpan_attributes                      0x08007ef8   Data          36  freertos.o(.constdata)
    tripod_attributes                        0x08007f1c   Data          36  freertos.o(.constdata)
    GetIMUData_attributes                    0x08007f40   Data          36  freertos.o(.constdata)
    AHBPrescTable                            0x08007f6c   Data          16  system_stm32f4xx.o(.constdata)
    APBPrescTable                            0x08007f7c   Data           8  system_stm32f4xx.o(.constdata)
    __mathlib_zero                           0x080080b0   Data           8  qnan.o(.constdata)
    Region$$Table$$Base                      0x080081d4   Number         0  anon$$obj.o(Region$$Table)
    Region$$Table$$Limit                     0x080081f4   Number         0  anon$$obj.o(Region$$Table)
    defaultTaskHandle                        0x20000000   Data           4  freertos.o(.data)
    UnderpanHandle                           0x20000004   Data           4  freertos.o(.data)
    tripodHandle                             0x20000008   Data           4  freertos.o(.data)
    GetIMUDataHandle                         0x2000000c   Data           4  freertos.o(.data)
    uwTickFreq                               0x20000014   Data           1  stm32f4xx_hal.o(.data)
    uwTickPrio                               0x20000018   Data           4  stm32f4xx_hal.o(.data)
    uwTick                                   0x2000001c   Data           4  stm32f4xx_hal.o(.data)
    SystemCoreClock                          0x20000020   Data           4  system_stm32f4xx.o(.data)
    pxCurrentTCB                             0x20000024   Data           4  tasks.o(.data)
    upyaw_zeropoint                          0x200000a8   Data           2  tripod.o(.data)
    downyaw_zeropoint                        0x200000aa   Data           2  tripod.o(.data)
    upyaw_speed                              0x200000ac   Data           2  tripod.o(.data)
    downyaw_speed                            0x200000ae   Data           2  tripod.o(.data)
    pitch_speed                              0x200000b0   Data           2  tripod.o(.data)
    upyaw_angle                              0x200000b2   Data           2  tripod.o(.data)
    downyaw_angle                            0x200000b4   Data           2  tripod.o(.data)
    pitch_angle                              0x200000b6   Data           2  tripod.o(.data)
    upyaw_data                               0x200000b8   Data           2  tripod.o(.data)
    downyaw_data                             0x200000ba   Data           2  tripod.o(.data)
    pitch_data                               0x200000bc   Data           2  tripod.o(.data)
    downyaw_pid                              0x200000c0   Data          32  tripod.o(.data)
    upyaw_pid                                0x200000e0   Data          32  tripod.o(.data)
    pitch_pid                                0x20000100   Data          32  tripod.o(.data)
    ZeroAnglePoint                           0x20000120   Data           2  underpan.o(.data)
    revove_speed                             0x20000122   Data           2  underpan.o(.data)
    max_speed                                0x20000124   Data           2  underpan.o(.data)
    underpan_speed                           0x20000126   Data           6  underpan.o(.data)
    deviation_angle                          0x20000130   Data           8  underpan.o(.data)
    id                                       0x2000013a   Data           1  bsp_imu.o(.data)
    q0                                       0x2000013c   Data           4  bsp_imu.o(.data)
    q1                                       0x20000140   Data           4  bsp_imu.o(.data)
    q2                                       0x20000144   Data           4  bsp_imu.o(.data)
    q3                                       0x20000148   Data           4  bsp_imu.o(.data)
    exInt                                    0x2000014c   Data           4  bsp_imu.o(.data)
    eyInt                                    0x20000150   Data           4  bsp_imu.o(.data)
    ezInt                                    0x20000154   Data           4  bsp_imu.o(.data)
    last_update                              0x2000017c   Data           4  bsp_imu.o(.data)
    now_update                               0x20000180   Data           4  bsp_imu.o(.data)
    ist_buff                                 0x20000184   Data           6  bsp_imu.o(.data)
    hcan1                                    0x20000198   Data          40  can.o(.bss)
    hcan2                                    0x200001c0   Data          40  can.o(.bss)
    hspi5                                    0x200001e8   Data          88  spi.o(.bss)
    huart1                                   0x20000240   Data          72  usart.o(.bss)
    huart3                                   0x20000288   Data          72  usart.o(.bss)
    hdma_usart1_rx                           0x200002d0   Data          96  usart.o(.bss)
    hdma_usart3_rx                           0x20000330   Data          96  usart.o(.bss)
    htim14                                   0x20000390   Data          72  stm32f4xx_hal_timebase_tim.o(.bss)
    xQueueRegistry                           0x200003d8   Data          64  queue.o(.bss)
    sbus_rx_buffer                           0x20004f34   Data          36  rc.o(.bss)
    RC_CtrlData                              0x20004f6c   Data          20  tripod.o(.bss)
    Upyaw_motor_msg                          0x20004f80   Data          36  tripod.o(.bss)
    Downyaw_motor_msg                        0x20004fa4   Data          36  tripod.o(.bss)
    pitch_motor_msg                          0x20004fc8   Data          36  tripod.o(.bss)
    can2_6020_msg                            0x2000500c   Data          36  underpan.o(.bss)
    imu                                      0x20005030   Data          52  bsp_imu.o(.bss)
    mpu_buff                                 0x20005064   Data          14  bsp_imu.o(.bss)
    mpu_data                                 0x20005072   Data          32  bsp_imu.o(.bss)
    __libspace_start                         0x20005094   Data          96  libspace.o(.bss)
    __temporary_stack_top$libspace           0x200050f4   Data           0  libspace.o(.bss)



==============================================================================

Memory Map of the image

  Image Entry point : 0x080001ad

  Load Region LR_IROM1 (Base: 0x08000000, Size: 0x0000838c, Max: 0x00200000, ABSOLUTE, COMPRESSED[0x0000821c])

    Execution Region ER_IROM1 (Exec base: 0x08000000, Load base: 0x08000000, Size: 0x000081f4, Max: 0x00200000, ABSOLUTE)

    Exec Addr    Load Addr    Size         Type   Attr      Idx    E Section Name        Object

    0x08000000   0x08000000   0x000001ac   Data   RO            3    RESET               startup_stm32f427xx.o
    0x080001ac   0x080001ac   0x00000008   Code   RO         6088  * !!!main             c_w.l(__main.o)
    0x080001b4   0x080001b4   0x00000034   Code   RO         6428    !!!scatter          c_w.l(__scatter.o)
    0x080001e8   0x080001e8   0x0000005a   Code   RO         6426    !!dczerorl2         c_w.l(__dczerorl2.o)
    0x08000242   0x08000242   0x00000002   PAD
    0x08000244   0x08000244   0x0000001c   Code   RO         6430    !!handler_zi        c_w.l(__scatter_zi.o)
    0x08000260   0x08000260   0x00000002   Code   RO         6297    .ARM.Collect$$libinit$$00000000  c_w.l(libinit.o)
    0x08000262   0x08000262   0x00000004   Code   RO         6306    .ARM.Collect$$libinit$$00000001  c_w.l(libinit2.o)
    0x08000266   0x08000266   0x00000000   Code   RO         6309    .ARM.Collect$$libinit$$00000004  c_w.l(libinit2.o)
    0x08000266   0x08000266   0x00000000   Code   RO         6312    .ARM.Collect$$libinit$$0000000A  c_w.l(libinit2.o)
    0x08000266   0x08000266   0x00000000   Code   RO         6314    .ARM.Collect$$libinit$$0000000C  c_w.l(libinit2.o)
    0x08000266   0x08000266   0x00000000   Code   RO         6316    .ARM.Collect$$libinit$$0000000E  c_w.l(libinit2.o)
    0x08000266   0x08000266   0x00000000   Code   RO         6319    .ARM.Collect$$libinit$$00000011  c_w.l(libinit2.o)
    0x08000266   0x08000266   0x00000000   Code   RO         6321    .ARM.Collect$$libinit$$00000013  c_w.l(libinit2.o)
    0x08000266   0x08000266   0x00000000   Code   RO         6323    .ARM.Collect$$libinit$$00000015  c_w.l(libinit2.o)
    0x08000266   0x08000266   0x00000000   Code   RO         6325    .ARM.Collect$$libinit$$00000017  c_w.l(libinit2.o)
    0x08000266   0x08000266   0x00000000   Code   RO         6327    .ARM.Collect$$libinit$$00000019  c_w.l(libinit2.o)
    0x08000266   0x08000266   0x00000000   Code   RO         6329    .ARM.Collect$$libinit$$0000001B  c_w.l(libinit2.o)
    0x08000266   0x08000266   0x00000000   Code   RO         6331    .ARM.Collect$$libinit$$0000001D  c_w.l(libinit2.o)
    0x08000266   0x08000266   0x00000000   Code   RO         6333    .ARM.Collect$$libinit$$0000001F  c_w.l(libinit2.o)
    0x08000266   0x08000266   0x00000000   Code   RO         6335    .ARM.Collect$$libinit$$00000021  c_w.l(libinit2.o)
    0x08000266   0x08000266   0x00000000   Code   RO         6337    .ARM.Collect$$libinit$$00000023  c_w.l(libinit2.o)
    0x08000266   0x08000266   0x00000000   Code   RO         6339    .ARM.Collect$$libinit$$00000025  c_w.l(libinit2.o)
    0x08000266   0x08000266   0x00000000   Code   RO         6343    .ARM.Collect$$libinit$$0000002C  c_w.l(libinit2.o)
    0x08000266   0x08000266   0x00000000   Code   RO         6345    .ARM.Collect$$libinit$$0000002E  c_w.l(libinit2.o)
    0x08000266   0x08000266   0x00000000   Code   RO         6347    .ARM.Collect$$libinit$$00000030  c_w.l(libinit2.o)
    0x08000266   0x08000266   0x00000000   Code   RO         6349    .ARM.Collect$$libinit$$00000032  c_w.l(libinit2.o)
    0x08000266   0x08000266   0x00000002   Code   RO         6350    .ARM.Collect$$libinit$$00000033  c_w.l(libinit2.o)
    0x08000268   0x08000268   0x00000002   Code   RO         6381    .ARM.Collect$$libshutdown$$00000000  c_w.l(libshutdown.o)
    0x0800026a   0x0800026a   0x00000000   Code   RO         6407    .ARM.Collect$$libshutdown$$00000002  c_w.l(libshutdown2.o)
    0x0800026a   0x0800026a   0x00000000   Code   RO         6409    .ARM.Collect$$libshutdown$$00000004  c_w.l(libshutdown2.o)
    0x0800026a   0x0800026a   0x00000000   Code   RO         6411    .ARM.Collect$$libshutdown$$00000006  c_w.l(libshutdown2.o)
    0x0800026a   0x0800026a   0x00000000   Code   RO         6414    .ARM.Collect$$libshutdown$$00000009  c_w.l(libshutdown2.o)
    0x0800026a   0x0800026a   0x00000000   Code   RO         6417    .ARM.Collect$$libshutdown$$0000000C  c_w.l(libshutdown2.o)
    0x0800026a   0x0800026a   0x00000000   Code   RO         6419    .ARM.Collect$$libshutdown$$0000000E  c_w.l(libshutdown2.o)
    0x0800026a   0x0800026a   0x00000000   Code   RO         6422    .ARM.Collect$$libshutdown$$00000011  c_w.l(libshutdown2.o)
    0x0800026a   0x0800026a   0x00000002   Code   RO         6423    .ARM.Collect$$libshutdown$$00000012  c_w.l(libshutdown2.o)
    0x0800026c   0x0800026c   0x00000000   Code   RO         6182    .ARM.Collect$$rtentry$$00000000  c_w.l(__rtentry.o)
    0x0800026c   0x0800026c   0x00000000   Code   RO         6258    .ARM.Collect$$rtentry$$00000002  c_w.l(__rtentry2.o)
    0x0800026c   0x0800026c   0x00000006   Code   RO         6270    .ARM.Collect$$rtentry$$00000004  c_w.l(__rtentry4.o)
    0x08000272   0x08000272   0x00000000   Code   RO         6260    .ARM.Collect$$rtentry$$00000009  c_w.l(__rtentry2.o)
    0x08000272   0x08000272   0x00000004   Code   RO         6261    .ARM.Collect$$rtentry$$0000000A  c_w.l(__rtentry2.o)
    0x08000276   0x08000276   0x00000000   Code   RO         6263    .ARM.Collect$$rtentry$$0000000C  c_w.l(__rtentry2.o)
    0x08000276   0x08000276   0x00000008   Code   RO         6264    .ARM.Collect$$rtentry$$0000000D  c_w.l(__rtentry2.o)
    0x0800027e   0x0800027e   0x00000002   Code   RO         6298    .ARM.Collect$$rtexit$$00000000  c_w.l(rtexit.o)
    0x08000280   0x08000280   0x00000000   Code   RO         6354    .ARM.Collect$$rtexit$$00000002  c_w.l(rtexit2.o)
    0x08000280   0x08000280   0x00000004   Code   RO         6355    .ARM.Collect$$rtexit$$00000003  c_w.l(rtexit2.o)
    0x08000284   0x08000284   0x00000006   Code   RO         6356    .ARM.Collect$$rtexit$$00000004  c_w.l(rtexit2.o)
    0x0800028a   0x0800028a   0x00000002   PAD
    0x0800028c   0x0800028c   0x000000be   Code   RO         5492    .emb_text           port.o
    0x0800034a   0x0800034a   0x00000002   PAD
    0x0800034c   0x0800034c   0x00000040   Code   RO            4    .text               startup_stm32f427xx.o
    0x0800038c   0x0800038c   0x000000ee   Code   RO         6072    .text               c_w.l(lludivv7m.o)
    0x0800047a   0x0800047a   0x0000008a   Code   RO         6074    .text               c_w.l(rt_memcpy_v6.o)
    0x08000504   0x08000504   0x00000064   Code   RO         6076    .text               c_w.l(rt_memcpy_w.o)
    0x08000568   0x08000568   0x00000010   Code   RO         6080    .text               c_w.l(aeabi_memset.o)
    0x08000578   0x08000578   0x00000044   Code   RO         6082    .text               c_w.l(rt_memclr.o)
    0x080005bc   0x080005bc   0x0000004e   Code   RO         6084    .text               c_w.l(rt_memclr_w.o)
    0x0800060a   0x0800060a   0x00000006   Code   RO         6086    .text               c_w.l(heapauxi.o)
    0x08000610   0x08000610   0x00000016   Code   RO         6187    .text               c_w.l(_rserrno.o)
    0x08000626   0x08000626   0x00000002   PAD
    0x08000628   0x08000628   0x00000008   Code   RO         6277    .text               c_w.l(rt_errno_addr_intlibspace.o)
    0x08000630   0x08000630   0x00000008   Code   RO         6281    .text               c_w.l(libspace.o)
    0x08000638   0x08000638   0x0000004a   Code   RO         6284    .text               c_w.l(sys_stackheap_outer.o)
    0x08000682   0x08000682   0x00000012   Code   RO         6286    .text               c_w.l(exit.o)
    0x08000694   0x08000694   0x0000000c   Code   RO         6351    .text               c_w.l(sys_exit.o)
    0x080006a0   0x080006a0   0x00000002   Code   RO         6370    .text               c_w.l(use_no_semi.o)
    0x080006a2   0x080006a2   0x00000000   Code   RO         6372    .text               c_w.l(indicate_semi.o)
    0x080006a2   0x080006a2   0x00000002   Code   RO          483    i.BusFault_Handler  stm32f4xx_it.o
    0x080006a4   0x080006a4   0x00000058   Code   RO         5572    i.CAN1_BusStart     canbus.o
    0x080006fc   0x080006fc   0x00000040   Code   RO         5575    i.CAN1_Send         canbus.o
    0x0800073c   0x0800073c   0x00000058   Code   RO         5576    i.CAN2_BusStart     canbus.o
    0x08000794   0x08000794   0x00000034   Code   RO         5577    i.CAN2_FindLatestById  canbus.o
    0x080007c8   0x080007c8   0x0000000c   Code   RO          484    i.CAN2_RX0_IRQHandler  stm32f4xx_it.o
    0x080007d4   0x080007d4   0x0000000c   Code   RO          485    i.CAN2_SCE_IRQHandler  stm32f4xx_it.o
    0x080007e0   0x080007e0   0x00000040   Code   RO         5579    i.CAN2_Send         canbus.o
    0x08000820   0x08000820   0x0000000c   Code   RO          486    i.CAN2_TX_IRQHandler  stm32f4xx_it.o
    0x0800082c   0x0800082c   0x0000000e   Code   RO         5580    i.CAN_RxLatestClear  canbus.o
    0x0800083a   0x0800083a   0x00000002   PAD
    0x0800083c   0x0800083c   0x00000030   Code   RO         5581    i.CAN_RxLatestFindIndex  canbus.o
    0x0800086c   0x0800086c   0x00000078   Code   RO         5582    i.CAN_RxLatestStore  canbus.o
    0x080008e4   0x080008e4   0x0000000c   Code   RO          487    i.DMA1_Stream1_IRQHandler  stm32f4xx_it.o
    0x080008f0   0x080008f0   0x0000000c   Code   RO          488    i.DMA2_Stream2_IRQHandler  stm32f4xx_it.o
    0x080008fc   0x080008fc   0x00000028   Code   RO         2370    i.DMA_CalcBaseAndBitshift  stm32f4xx_hal_dma.o
    0x08000924   0x08000924   0x00000054   Code   RO         2371    i.DMA_CheckFifoParam  stm32f4xx_hal_dma.o
    0x08000978   0x08000978   0x00000028   Code   RO         2372    i.DMA_SetConfig     stm32f4xx_hal_dma.o
    0x080009a0   0x080009a0   0x00000002   Code   RO          489    i.DebugMon_Handler  stm32f4xx_it.o
    0x080009a2   0x080009a2   0x00000004   Code   RO           13    i.Error_Handler     main.o
    0x080009a6   0x080009a6   0x00000002   PAD
    0x080009a8   0x080009a8   0x000000ac   Code   RO         5730    i.GetTripodData     tripod.o
    0x08000a54   0x08000a54   0x000002d4   Code   RO         5772    i.GetUnderpanWheelSpeed  underpan.o
    0x08000d28   0x08000d28   0x00000024   Code   RO         1626    i.HAL_CAN_ActivateNotification  stm32f4xx_hal_can.o
    0x08000d4c   0x08000d4c   0x000000d0   Code   RO         1627    i.HAL_CAN_AddTxMessage  stm32f4xx_hal_can.o
    0x08000e1c   0x08000e1c   0x0000010c   Code   RO         1628    i.HAL_CAN_ConfigFilter  stm32f4xx_hal_can.o
    0x08000f28   0x08000f28   0x00000002   Code   RO         1631    i.HAL_CAN_ErrorCallback  stm32f4xx_hal_can.o
    0x08000f2a   0x08000f2a   0x00000002   PAD
    0x08000f2c   0x08000f2c   0x00000022   Code   RO         1633    i.HAL_CAN_GetRxFifoFillLevel  stm32f4xx_hal_can.o
    0x08000f4e   0x08000f4e   0x000000f4   Code   RO         1634    i.HAL_CAN_GetRxMessage  stm32f4xx_hal_can.o
    0x08001042   0x08001042   0x000001fc   Code   RO         1638    i.HAL_CAN_IRQHandler  stm32f4xx_hal_can.o
    0x0800123e   0x0800123e   0x0000011a   Code   RO         1639    i.HAL_CAN_Init      stm32f4xx_hal_can.o
    0x08001358   0x08001358   0x00000140   Code   RO          321    i.HAL_CAN_MspInit   can.o
    0x08001498   0x08001498   0x00000002   Code   RO         1646    i.HAL_CAN_RxFifo0FullCallback  stm32f4xx_hal_can.o
    0x0800149a   0x0800149a   0x00000002   PAD
    0x0800149c   0x0800149c   0x00000058   Code   RO         5583    i.HAL_CAN_RxFifo0MsgPendingCallback  canbus.o
    0x080014f4   0x080014f4   0x00000002   Code   RO         1648    i.HAL_CAN_RxFifo1FullCallback  stm32f4xx_hal_can.o
    0x080014f6   0x080014f6   0x00000002   Code   RO         1649    i.HAL_CAN_RxFifo1MsgPendingCallback  stm32f4xx_hal_can.o
    0x080014f8   0x080014f8   0x00000002   Code   RO         1650    i.HAL_CAN_SleepCallback  stm32f4xx_hal_can.o
    0x080014fa   0x080014fa   0x00000002   PAD
    0x080014fc   0x080014fc   0x00000058   Code   RO         1651    i.HAL_CAN_Start     stm32f4xx_hal_can.o
    0x08001554   0x08001554   0x00000002   Code   RO         1653    i.HAL_CAN_TxMailbox0AbortCallback  stm32f4xx_hal_can.o
    0x08001556   0x08001556   0x00000002   Code   RO         1654    i.HAL_CAN_TxMailbox0CompleteCallback  stm32f4xx_hal_can.o
    0x08001558   0x08001558   0x00000002   Code   RO         1655    i.HAL_CAN_TxMailbox1AbortCallback  stm32f4xx_hal_can.o
    0x0800155a   0x0800155a   0x00000002   Code   RO         1656    i.HAL_CAN_TxMailbox1CompleteCallback  stm32f4xx_hal_can.o
    0x0800155c   0x0800155c   0x00000002   Code   RO         1657    i.HAL_CAN_TxMailbox2AbortCallback  stm32f4xx_hal_can.o
    0x0800155e   0x0800155e   0x00000002   Code   RO         1658    i.HAL_CAN_TxMailbox2CompleteCallback  stm32f4xx_hal_can.o
    0x08001560   0x08001560   0x00000002   Code   RO         1660    i.HAL_CAN_WakeUpFromRxMsgCallback  stm32f4xx_hal_can.o
    0x08001562   0x08001562   0x00000092   Code   RO         2373    i.HAL_DMA_Abort     stm32f4xx_hal_dma.o
    0x080015f4   0x080015f4   0x00000024   Code   RO         2374    i.HAL_DMA_Abort_IT  stm32f4xx_hal_dma.o
    0x08001618   0x08001618   0x000001a0   Code   RO         2378    i.HAL_DMA_IRQHandler  stm32f4xx_hal_dma.o
    0x080017b8   0x080017b8   0x000000d4   Code   RO         2379    i.HAL_DMA_Init      stm32f4xx_hal_dma.o
    0x0800188c   0x0800188c   0x0000006e   Code   RO         2383    i.HAL_DMA_Start_IT  stm32f4xx_hal_dma.o
    0x080018fa   0x080018fa   0x00000002   PAD
    0x080018fc   0x080018fc   0x00000024   Code   RO         2828    i.HAL_Delay         stm32f4xx_hal.o
    0x08001920   0x08001920   0x00000234   Code   RO         2266    i.HAL_GPIO_Init     stm32f4xx_hal_gpio.o
    0x08001b54   0x08001b54   0x0000000a   Code   RO         2270    i.HAL_GPIO_WritePin  stm32f4xx_hal_gpio.o
    0x08001b5e   0x08001b5e   0x00000002   PAD
    0x08001b60   0x08001b60   0x0000000c   Code   RO         2836    i.HAL_GetTick       stm32f4xx_hal.o
    0x08001b6c   0x08001b6c   0x00000010   Code   RO         2842    i.HAL_IncTick       stm32f4xx_hal.o
    0x08001b7c   0x08001b7c   0x00000034   Code   RO         2843    i.HAL_Init          stm32f4xx_hal.o
    0x08001bb0   0x08001bb0   0x00000098   Code   RO          613    i.HAL_InitTick      stm32f4xx_hal_timebase_tim.o
    0x08001c48   0x08001c48   0x00000038   Code   RO          589    i.HAL_MspInit       stm32f4xx_hal_msp.o
    0x08001c80   0x08001c80   0x0000001a   Code   RO         2676    i.HAL_NVIC_EnableIRQ  stm32f4xx_hal_cortex.o
    0x08001c9a   0x08001c9a   0x00000002   PAD
    0x08001c9c   0x08001c9c   0x00000040   Code   RO         2682    i.HAL_NVIC_SetPriority  stm32f4xx_hal_cortex.o
    0x08001cdc   0x08001cdc   0x00000024   Code   RO         2683    i.HAL_NVIC_SetPriorityGrouping  stm32f4xx_hal_cortex.o
    0x08001d00   0x08001d00   0x00000070   Code   RO         2602    i.HAL_PWREx_EnableOverDrive  stm32f4xx_hal_pwr_ex.o
    0x08001d70   0x08001d70   0x00000134   Code   RO         1860    i.HAL_RCC_ClockConfig  stm32f4xx_hal_rcc.o
    0x08001ea4   0x08001ea4   0x00000040   Code   RO         1864    i.HAL_RCC_GetClockConfig  stm32f4xx_hal_rcc.o
    0x08001ee4   0x08001ee4   0x00000020   Code   RO         1867    i.HAL_RCC_GetPCLK1Freq  stm32f4xx_hal_rcc.o
    0x08001f04   0x08001f04   0x00000020   Code   RO         1868    i.HAL_RCC_GetPCLK2Freq  stm32f4xx_hal_rcc.o
    0x08001f24   0x08001f24   0x00000064   Code   RO         1869    i.HAL_RCC_GetSysClockFreq  stm32f4xx_hal_rcc.o
    0x08001f88   0x08001f88   0x0000036c   Code   RO         1872    i.HAL_RCC_OscConfig  stm32f4xx_hal_rcc.o
    0x080022f4   0x080022f4   0x000000bc   Code   RO         3102    i.HAL_SPI_Init      stm32f4xx_hal_spi.o
    0x080023b0   0x080023b0   0x0000006c   Code   RO          394    i.HAL_SPI_MspInit   spi.o
    0x0800241c   0x0800241c   0x000001f0   Code   RO         3111    i.HAL_SPI_TransmitReceive  stm32f4xx_hal_spi.o
    0x0800260c   0x0800260c   0x00000002   Code   RO         1358    i.HAL_TIMEx_BreakCallback  stm32f4xx_hal_tim_ex.o
    0x0800260e   0x0800260e   0x00000002   Code   RO         1359    i.HAL_TIMEx_CommutCallback  stm32f4xx_hal_tim_ex.o
    0x08002610   0x08002610   0x0000005a   Code   RO          654    i.HAL_TIM_Base_Init  stm32f4xx_hal_tim.o
    0x0800266a   0x0800266a   0x00000002   Code   RO          656    i.HAL_TIM_Base_MspInit  stm32f4xx_hal_tim.o
    0x0800266c   0x0800266c   0x00000080   Code   RO          659    i.HAL_TIM_Base_Start_IT  stm32f4xx_hal_tim.o
    0x080026ec   0x080026ec   0x00000002   Code   RO          688    i.HAL_TIM_IC_CaptureCallback  stm32f4xx_hal_tim.o
    0x080026ee   0x080026ee   0x00000130   Code   RO          702    i.HAL_TIM_IRQHandler  stm32f4xx_hal_tim.o
    0x0800281e   0x0800281e   0x00000002   Code   RO          705    i.HAL_TIM_OC_DelayElapsedCallback  stm32f4xx_hal_tim.o
    0x08002820   0x08002820   0x00000002   Code   RO          732    i.HAL_TIM_PWM_PulseFinishedCallback  stm32f4xx_hal_tim.o
    0x08002822   0x08002822   0x00000002   PAD
    0x08002824   0x08002824   0x00000014   Code   RO           14    i.HAL_TIM_PeriodElapsedCallback  main.o
    0x08002838   0x08002838   0x00000002   Code   RO          745    i.HAL_TIM_TriggerCallback  stm32f4xx_hal_tim.o
    0x0800283a   0x0800283a   0x0000004a   Code   RO         3423    i.HAL_UARTEx_ReceiveToIdle_DMA  stm32f4xx_hal_uart.o
    0x08002884   0x08002884   0x00000060   Code   RO         5681    i.HAL_UARTEx_RxEventCallback  rc.o
    0x080028e4   0x080028e4   0x00000002   Code   RO         3439    i.HAL_UART_ErrorCallback  stm32f4xx_hal_uart.o
    0x080028e6   0x080028e6   0x00000002   PAD
    0x080028e8   0x080028e8   0x00000280   Code   RO         3442    i.HAL_UART_IRQHandler  stm32f4xx_hal_uart.o
    0x08002b68   0x08002b68   0x00000064   Code   RO         3443    i.HAL_UART_Init     stm32f4xx_hal_uart.o
    0x08002bcc   0x08002bcc   0x00000140   Code   RO          436    i.HAL_UART_MspInit  usart.o
    0x08002d0c   0x08002d0c   0x00000002   Code   RO         3449    i.HAL_UART_RxCpltCallback  stm32f4xx_hal_uart.o
    0x08002d0e   0x08002d0e   0x00000002   Code   RO         3450    i.HAL_UART_RxHalfCpltCallback  stm32f4xx_hal_uart.o
    0x08002d10   0x08002d10   0x00000002   Code   RO         3454    i.HAL_UART_TxCpltCallback  stm32f4xx_hal_uart.o
    0x08002d12   0x08002d12   0x00000002   Code   RO          490    i.HardFault_Handler  stm32f4xx_it.o
    0x08002d14   0x08002d14   0x0000003c   Code   RO          322    i.MX_CAN1_Init      can.o
    0x08002d50   0x08002d50   0x0000003c   Code   RO          323    i.MX_CAN2_Init      can.o
    0x08002d8c   0x08002d8c   0x0000004c   Code   RO          369    i.MX_DMA_Init       dma.o
    0x08002dd8   0x08002dd8   0x00000054   Code   RO          259    i.MX_FREERTOS_Init  freertos.o
    0x08002e2c   0x08002e2c   0x0000009c   Code   RO          235    i.MX_GPIO_Init      gpio.o
    0x08002ec8   0x08002ec8   0x00000044   Code   RO          395    i.MX_SPI5_Init      spi.o
    0x08002f0c   0x08002f0c   0x00000038   Code   RO          437    i.MX_USART1_UART_Init  usart.o
    0x08002f44   0x08002f44   0x0000003c   Code   RO          438    i.MX_USART3_UART_Init  usart.o
    0x08002f80   0x08002f80   0x00000002   Code   RO          491    i.MemManage_Handler  stm32f4xx_it.o
    0x08002f82   0x08002f82   0x00000002   Code   RO          492    i.NMI_Handler       stm32f4xx_it.o
    0x08002f84   0x08002f84   0x00000042   Code   RO         5657    i.PID_Compute       pid.o
    0x08002fc6   0x08002fc6   0x00000002   PAD
    0x08002fc8   0x08002fc8   0x00000008   Code   RO         5682    i.RC_GetData        rc.o
    0x08002fd0   0x08002fd0   0x00000048   Code   RO         5683    i.RC_Init           rc.o
    0x08003018   0x08003018   0x00000070   Code   RO         5684    i.RC_ProcessFrame   rc.o
    0x08003088   0x08003088   0x0000006c   Code   RO         3140    i.SPI_EndRxTxTransaction  stm32f4xx_hal_spi.o
    0x080030f4   0x080030f4   0x000000bc   Code   RO         3145    i.SPI_WaitFlagStateUntilTimeout  stm32f4xx_hal_spi.o
    0x080031b0   0x080031b0   0x00000008   Code   RO          260    i.StartDefaultTask  freertos.o
    0x080031b8   0x080031b8   0x00000014   Code   RO         5809    i.StartGetIMUData   imu.o
    0x080031cc   0x080031cc   0x00000098   Code   RO         5731    i.StartTripod       tripod.o
    0x08003264   0x08003264   0x000000d0   Code   RO         5773    i.StartUnderpan     underpan.o
    0x08003334   0x08003334   0x0000001a   Code   RO         4924    i.SysTick_Handler   cmsis_os2.o
    0x0800334e   0x0800334e   0x00000002   PAD
    0x08003350   0x08003350   0x0000009c   Code   RO           15    i.SystemClock_Config  main.o
    0x080033ec   0x080033ec   0x00000010   Code   RO         3777    i.SystemInit        system_stm32f4xx.o
    0x080033fc   0x080033fc   0x0000000c   Code   RO          493    i.TIM8_TRG_COM_TIM14_IRQHandler  stm32f4xx_it.o
    0x08003408   0x08003408   0x000000d0   Code   RO          747    i.TIM_Base_SetConfig  stm32f4xx_hal_tim.o
    0x080034d8   0x080034d8   0x0000000e   Code   RO         3456    i.UART_DMAAbortOnError  stm32f4xx_hal_uart.o
    0x080034e6   0x080034e6   0x0000004a   Code   RO         3457    i.UART_DMAError     stm32f4xx_hal_uart.o
    0x08003530   0x08003530   0x00000086   Code   RO         3458    i.UART_DMAReceiveCplt  stm32f4xx_hal_uart.o
    0x080035b6   0x080035b6   0x0000001e   Code   RO         3460    i.UART_DMARxHalfCplt  stm32f4xx_hal_uart.o
    0x080035d4   0x080035d4   0x0000004e   Code   RO         3466    i.UART_EndRxTransfer  stm32f4xx_hal_uart.o
    0x08003622   0x08003622   0x0000001c   Code   RO         3467    i.UART_EndTxTransfer  stm32f4xx_hal_uart.o
    0x0800363e   0x0800363e   0x000000c2   Code   RO         3468    i.UART_Receive_IT   stm32f4xx_hal_uart.o
    0x08003700   0x08003700   0x0000010c   Code   RO         3469    i.UART_SetConfig    stm32f4xx_hal_uart.o
    0x0800380c   0x0800380c   0x000000a0   Code   RO         3470    i.UART_Start_Receive_DMA  stm32f4xx_hal_uart.o
    0x080038ac   0x080038ac   0x0000000c   Code   RO          494    i.USART1_IRQHandler  stm32f4xx_it.o
    0x080038b8   0x080038b8   0x0000000c   Code   RO          495    i.USART3_IRQHandler  stm32f4xx_it.o
    0x080038c4   0x080038c4   0x00000002   Code   RO          496    i.UsageFault_Handler  stm32f4xx_it.o
    0x080038c6   0x080038c6   0x00000030   Code   RO         6241    i.__ARM_fpclassify  m_wm.l(fpclassify.o)
    0x080038f6   0x080038f6   0x00000020   Code   RO         2689    i.__NVIC_SetPriority  stm32f4xx_hal_cortex.o
    0x08003916   0x08003916   0x00000002   PAD
    0x08003918   0x08003918   0x00000360   Code   RO         6114    i.__hardfp_asin     m_wm.l(asin.o)
    0x08003c78   0x08003c78   0x000002d8   Code   RO         6210    i.__hardfp_atan     m_wm.l(atan.o)
    0x08003f50   0x08003f50   0x00000200   Code   RO         6128    i.__hardfp_atan2    m_wm.l(atan2.o)
    0x08004150   0x08004150   0x000000c8   Code   RO         6140    i.__hardfp_cos      m_wm.l(cos.o)
    0x08004218   0x08004218   0x00000014   Code   RO         6152    i.__hardfp_fabs     m_wm.l(fabs.o)
    0x0800422c   0x0800422c   0x00000004   PAD
    0x08004230   0x08004230   0x000000c8   Code   RO         6158    i.__hardfp_sin      m_wm.l(sin.o)
    0x080042f8   0x080042f8   0x0000007a   Code   RO         6170    i.__hardfp_sqrt     m_wm.l(sqrt.o)
    0x08004372   0x08004372   0x00000006   PAD
    0x08004378   0x08004378   0x00000438   Code   RO         6246    i.__ieee754_rem_pio2  m_wm.l(rred.o)
    0x080047b0   0x080047b0   0x00000170   Code   RO         6224    i.__kernel_cos      m_wm.l(cos_i.o)
    0x08004920   0x08004920   0x000000f8   Code   RO         6243    i.__kernel_poly     m_wm.l(poly.o)
    0x08004a18   0x08004a18   0x00000130   Code   RO         6251    i.__kernel_sin      m_wm.l(sin_i.o)
    0x08004b48   0x08004b48   0x00000014   Code   RO         6228    i.__mathlib_dbl_infnan  m_wm.l(dunder.o)
    0x08004b5c   0x08004b5c   0x00000014   Code   RO         6229    i.__mathlib_dbl_infnan2  m_wm.l(dunder.o)
    0x08004b70   0x08004b70   0x00000020   Code   RO         6230    i.__mathlib_dbl_invalid  m_wm.l(dunder.o)
    0x08004b90   0x08004b90   0x00000020   Code   RO         6233    i.__mathlib_dbl_underflow  m_wm.l(dunder.o)
    0x08004bb0   0x08004bb0   0x00000010   Code   RO         6212    i.atan              m_wm.l(atan.o)
    0x08004bc0   0x08004bc0   0x00000018   Code   RO         6154    i.fabs              m_wm.l(fabs.o)
    0x08004bd8   0x08004bd8   0x000004aa   Code   RO         5833    i.imu_ahrs_update   bsp_imu.o
    0x08005082   0x08005082   0x00000002   PAD
    0x08005084   0x08005084   0x00000174   Code   RO         5834    i.imu_attitude_update  bsp_imu.o
    0x080051f8   0x080051f8   0x000001cc   Code   RO         5835    i.init_quaternion   bsp_imu.o
    0x080053c4   0x080053c4   0x0000002c   Code   RO         5836    i.inv_sqrt          bsp_imu.o
    0x080053f0   0x080053f0   0x0000000a   Code   RO         5837    i.ist8310_get_data  bsp_imu.o
    0x080053fa   0x080053fa   0x00000100   Code   RO         5838    i.ist8310_init      bsp_imu.o
    0x080054fa   0x080054fa   0x00000038   Code   RO         5839    i.ist_reg_read_by_mpu  bsp_imu.o
    0x08005532   0x08005532   0x00000042   Code   RO         5840    i.ist_reg_write_by_mpu  bsp_imu.o
    0x08005574   0x08005574   0x0000005c   Code   RO           16    i.main              main.o
    0x080055d0   0x080055d0   0x00000064   Code   RO         5841    i.mpu_device_init   bsp_imu.o
    0x08005634   0x08005634   0x00000100   Code   RO         5842    i.mpu_get_data      bsp_imu.o
    0x08005734   0x08005734   0x0000008e   Code   RO         5843    i.mpu_master_i2c_auto_read_config  bsp_imu.o
    0x080057c2   0x080057c2   0x00000002   PAD
    0x080057c4   0x080057c4   0x000000a8   Code   RO         5844    i.mpu_offset_call   bsp_imu.o
    0x0800586c   0x0800586c   0x00000050   Code   RO         5845    i.mpu_read_byte     bsp_imu.o
    0x080058bc   0x080058bc   0x0000005c   Code   RO         5846    i.mpu_read_bytes    bsp_imu.o
    0x08005918   0x08005918   0x0000000a   Code   RO         5847    i.mpu_set_accel_fsr  bsp_imu.o
    0x08005922   0x08005922   0x0000000a   Code   RO         5848    i.mpu_set_gyro_fsr  bsp_imu.o
    0x0800592c   0x0800592c   0x00000054   Code   RO         5849    i.mpu_write_byte    bsp_imu.o
    0x08005980   0x08005980   0x0000001a   Code   RO         4926    i.osDelay           cmsis_os2.o
    0x0800599a   0x0800599a   0x00000002   PAD
    0x0800599c   0x0800599c   0x00000024   Code   RO         4940    i.osKernelInitialize  cmsis_os2.o
    0x080059c0   0x080059c0   0x00000038   Code   RO         4943    i.osKernelStart     cmsis_os2.o
    0x080059f8   0x080059f8   0x0000008a   Code   RO         4985    i.osThreadNew       cmsis_os2.o
    0x08005a82   0x08005a82   0x00000002   PAD
    0x08005a84   0x08005a84   0x0000005c   Code   RO         4385    i.prvAddCurrentTaskToDelayedList  tasks.o
    0x08005ae0   0x08005ae0   0x000000d0   Code   RO         4386    i.prvAddNewTaskToReadyList  tasks.o
    0x08005bb0   0x08005bb0   0x00000058   Code   RO         4750    i.prvCheckForValidListAndQueue  timers.o
    0x08005c08   0x08005c08   0x00000026   Code   RO         3982    i.prvCopyDataFromQueue  queue.o
    0x08005c2e   0x08005c2e   0x0000006c   Code   RO         3983    i.prvCopyDataToQueue  queue.o
    0x08005c9a   0x08005c9a   0x00000034   Code   RO         4387    i.prvDeleteTCB      tasks.o
    0x08005cce   0x08005cce   0x00000002   PAD
    0x08005cd0   0x08005cd0   0x0000004c   Code   RO         5437    i.prvHeapInit       heap_4.o
    0x08005d1c   0x08005d1c   0x00000060   Code   RO         4388    i.prvIdleTask       tasks.o
    0x08005d7c   0x08005d7c   0x00000022   Code   RO         3985    i.prvInitialiseNewQueue  queue.o
    0x08005d9e   0x08005d9e   0x00000002   PAD
    0x08005da0   0x08005da0   0x000000b0   Code   RO         4389    i.prvInitialiseNewTask  tasks.o
    0x08005e50   0x08005e50   0x0000004c   Code   RO         5438    i.prvInsertBlockIntoFreeList  heap_4.o
    0x08005e9c   0x08005e9c   0x00000038   Code   RO         4752    i.prvInsertTimerInActiveList  timers.o
    0x08005ed4   0x08005ed4   0x0000001c   Code   RO         3986    i.prvIsQueueEmpty   queue.o
    0x08005ef0   0x08005ef0   0x000000fc   Code   RO         4753    i.prvProcessReceivedCommands  timers.o
    0x08005fec   0x08005fec   0x000000c0   Code   RO         4754    i.prvProcessTimerOrBlockTask  timers.o
    0x080060ac   0x080060ac   0x00000020   Code   RO         4391    i.prvResetNextTaskUnblockTime  tasks.o
    0x080060cc   0x080060cc   0x00000028   Code   RO         4755    i.prvSampleTimeNow  timers.o
    0x080060f4   0x080060f4   0x0000006c   Code   RO         4756    i.prvSwitchTimerLists  timers.o
    0x08006160   0x08006160   0x00000028   Code   RO         5493    i.prvTaskExitError  port.o
    0x08006188   0x08006188   0x00000024   Code   RO         4757    i.prvTimerTask      timers.o
    0x080061ac   0x080061ac   0x0000006a   Code   RO         3987    i.prvUnlockQueue    queue.o
    0x08006216   0x08006216   0x00000002   PAD
    0x08006218   0x08006218   0x000000dc   Code   RO         5439    i.pvPortMalloc      heap_4.o
    0x080062f4   0x080062f4   0x0000002c   Code   RO         5494    i.pxPortInitialiseStack  port.o
    0x08006320   0x08006320   0x0000006e   Code   RO         6172    i.sqrt              m_wm.l(sqrt.o)
    0x0800638e   0x0800638e   0x00000026   Code   RO         3942    i.uxListRemove      list.o
    0x080063b4   0x080063b4   0x00000014   Code   RO         4997    i.vApplicationGetIdleTaskMemory  cmsis_os2.o
    0x080063c8   0x080063c8   0x00000018   Code   RO         4998    i.vApplicationGetTimerTaskMemory  cmsis_os2.o
    0x080063e0   0x080063e0   0x00000016   Code   RO         3943    i.vListInitialise   list.o
    0x080063f6   0x080063f6   0x00000006   Code   RO         3944    i.vListInitialiseItem  list.o
    0x080063fc   0x080063fc   0x00000030   Code   RO         3945    i.vListInsert       list.o
    0x0800642c   0x0800642c   0x00000018   Code   RO         3946    i.vListInsertEnd    list.o
    0x08006444   0x08006444   0x00000040   Code   RO         5496    i.vPortEnterCritical  port.o
    0x08006484   0x08006484   0x00000028   Code   RO         5497    i.vPortExitCritical  port.o
    0x080064ac   0x080064ac   0x00000064   Code   RO         5440    i.vPortFree         heap_4.o
    0x08006510   0x08006510   0x00000024   Code   RO         5498    i.vPortSetupTimerInterrupt  port.o
    0x08006534   0x08006534   0x00000054   Code   RO         5499    i.vPortValidateInterruptPriority  port.o
    0x08006588   0x08006588   0x00000028   Code   RO         3993    i.vQueueAddToRegistry  queue.o
    0x080065b0   0x080065b0   0x00000044   Code   RO         3997    i.vQueueWaitForMessageRestricted  queue.o
    0x080065f4   0x080065f4   0x0000004c   Code   RO         4404    i.vTaskDelay        tasks.o
    0x08006640   0x08006640   0x00000010   Code   RO         4409    i.vTaskInternalSetTimeOutState  tasks.o
    0x08006650   0x08006650   0x0000000c   Code   RO         4410    i.vTaskMissedYield  tasks.o
    0x0800665c   0x0800665c   0x00000030   Code   RO         4412    i.vTaskPlaceOnEventList  tasks.o
    0x0800668c   0x0800668c   0x00000038   Code   RO         4413    i.vTaskPlaceOnEventListRestricted  tasks.o
    0x080066c4   0x080066c4   0x00000088   Code   RO         4421    i.vTaskStartScheduler  tasks.o
    0x0800674c   0x0800674c   0x00000010   Code   RO         4423    i.vTaskSuspendAll   tasks.o
    0x0800675c   0x0800675c   0x00000064   Code   RO         4424    i.vTaskSwitchContext  tasks.o
    0x080067c0   0x080067c0   0x000000f4   Code   RO         5500    i.xPortStartScheduler  port.o
    0x080068b4   0x080068b4   0x0000002c   Code   RO         5501    i.xPortSysTickHandler  port.o
    0x080068e0   0x080068e0   0x00000066   Code   RO         4003    i.xQueueGenericCreateStatic  queue.o
    0x08006946   0x08006946   0x00000002   PAD
    0x08006948   0x08006948   0x00000088   Code   RO         4004    i.xQueueGenericReset  queue.o
    0x080069d0   0x080069d0   0x00000160   Code   RO         4005    i.xQueueGenericSend  queue.o
    0x08006b30   0x08006b30   0x000000be   Code   RO         4006    i.xQueueGenericSendFromISR  queue.o
    0x08006bee   0x08006bee   0x00000002   PAD
    0x08006bf0   0x08006bf0   0x00000138   Code   RO         4015    i.xQueueReceive     queue.o
    0x08006d28   0x08006d28   0x00000074   Code   RO         4426    i.xTaskCheckForTimeOut  tasks.o
    0x08006d9c   0x08006d9c   0x0000005a   Code   RO         4427    i.xTaskCreate       tasks.o
    0x08006df6   0x08006df6   0x00000056   Code   RO         4428    i.xTaskCreateStatic  tasks.o
    0x08006e4c   0x08006e4c   0x0000001c   Code   RO         4432    i.xTaskGetSchedulerState  tasks.o
    0x08006e68   0x08006e68   0x0000000c   Code   RO         4433    i.xTaskGetTickCount  tasks.o
    0x08006e74   0x08006e74   0x000000c8   Code   RO         4435    i.xTaskIncrementTick  tasks.o
    0x08006f3c   0x08006f3c   0x00000080   Code   RO         4438    i.xTaskPriorityDisinherit  tasks.o
    0x08006fbc   0x08006fbc   0x00000070   Code   RO         4440    i.xTaskRemoveFromEventList  tasks.o
    0x0800702c   0x0800702c   0x000000c4   Code   RO         4441    i.xTaskResumeAll    tasks.o
    0x080070f0   0x080070f0   0x00000060   Code   RO         4766    i.xTimerCreateTimerTask  timers.o
    0x08007150   0x08007150   0x00000068   Code   RO         4767    i.xTimerGenericCommand  timers.o
    0x080071b8   0x080071b8   0x00000018   Code   RO         6189    x$fpl$basic         fz_wm.l(basic.o)
    0x080071d0   0x080071d0   0x00000062   Code   RO         6090    x$fpl$d2f           fz_wm.l(d2f.o)
    0x08007232   0x08007232   0x00000002   PAD
    0x08007234   0x08007234   0x00000150   Code   RO         6092    x$fpl$dadd          fz_wm.l(daddsub_clz.o)
    0x08007384   0x08007384   0x00000018   Code   RO         6279    x$fpl$dcmpinf       fz_wm.l(dcmpi.o)
    0x0800739c   0x0800739c   0x000002b0   Code   RO         6192    x$fpl$ddiv          fz_wm.l(ddiv.o)
    0x0800764c   0x0800764c   0x00000078   Code   RO         6195    x$fpl$deqf          fz_wm.l(deqf.o)
    0x080076c4   0x080076c4   0x0000005e   Code   RO         6098    x$fpl$dfix          fz_wm.l(dfix.o)
    0x08007722   0x08007722   0x0000002e   Code   RO         6103    x$fpl$dflt          fz_wm.l(dflt_clz.o)
    0x08007750   0x08007750   0x00000026   Code   RO         6102    x$fpl$dfltu         fz_wm.l(dflt_clz.o)
    0x08007776   0x08007776   0x00000002   PAD
    0x08007778   0x08007778   0x00000078   Code   RO         6197    x$fpl$dleqf         fz_wm.l(dleqf.o)
    0x080077f0   0x080077f0   0x00000154   Code   RO         6108    x$fpl$dmul          fz_wm.l(dmul.o)
    0x08007944   0x08007944   0x0000009c   Code   RO         6199    x$fpl$dnaninf       fz_wm.l(dnaninf.o)
    0x080079e0   0x080079e0   0x0000000c   Code   RO         6201    x$fpl$dretinf       fz_wm.l(dretinf.o)
    0x080079ec   0x080079ec   0x0000006c   Code   RO         6110    x$fpl$drleqf        fz_wm.l(drleqf.o)
    0x08007a58   0x08007a58   0x00000016   Code   RO         6093    x$fpl$drsb          fz_wm.l(daddsub_clz.o)
    0x08007a6e   0x08007a6e   0x00000002   PAD
    0x08007a70   0x08007a70   0x00000198   Code   RO         6203    x$fpl$dsqrt         fz_wm.l(dsqrt_umaal.o)
    0x08007c08   0x08007c08   0x000001d4   Code   RO         6094    x$fpl$dsub          fz_wm.l(daddsub_clz.o)
    0x08007ddc   0x08007ddc   0x00000056   Code   RO         6112    x$fpl$f2d           fz_wm.l(f2d.o)
    0x08007e32   0x08007e32   0x0000008c   Code   RO         6205    x$fpl$fnaninf       fz_wm.l(fnaninf.o)
    0x08007ebe   0x08007ebe   0x0000000a   Code   RO         6366    x$fpl$fpinit        fz_wm.l(fpinit.o)
    0x08007ec8   0x08007ec8   0x0000000a   Code   RO         6207    x$fpl$fretinf       fz_wm.l(fretinf.o)
    0x08007ed2   0x08007ed2   0x00000000   Code   RO         6209    x$fpl$usenofp       fz_wm.l(usenofp.o)
    0x08007ed2   0x08007ed2   0x00000002   PAD
    0x08007ed4   0x08007ed4   0x00000090   Data   RO          264    .constdata          freertos.o
    0x08007f64   0x08007f64   0x00000008   Data   RO         2385    .constdata          stm32f4xx_hal_dma.o
    0x08007f6c   0x08007f6c   0x00000010   Data   RO         3778    .constdata          system_stm32f4xx.o
    0x08007f7c   0x08007f7c   0x00000008   Data   RO         3779    .constdata          system_stm32f4xx.o
    0x08007f84   0x08007f84   0x00000014   Data   RO         5851    .constdata          bsp_imu.o
    0x08007f98   0x08007f98   0x00000050   Data   RO         6117    .constdata          m_wm.l(asin.o)
    0x08007fe8   0x08007fe8   0x00000098   Data   RO         6213    .constdata          m_wm.l(atan.o)
    0x08008080   0x08008080   0x00000030   Data   RO         6225    .constdata          m_wm.l(cos_i.o)
    0x080080b0   0x080080b0   0x00000008   Data   RO         6245    .constdata          m_wm.l(qnan.o)
    0x080080b8   0x080080b8   0x000000c8   Data   RO         6248    .constdata          m_wm.l(rred.o)
    0x08008180   0x08008180   0x00000028   Data   RO         6252    .constdata          m_wm.l(sin_i.o)
    0x080081a8   0x080081a8   0x00000029   Data   RO          265    .conststring        freertos.o
    0x080081d1   0x080081d1   0x00000003   PAD
    0x080081d4   0x080081d4   0x00000020   Data   RO         6424    Region$$Table       anon$$obj.o


    Execution Region RW_IRAM2 (Exec base: 0x10000000, Load base: 0x0800821c, Size: 0x00000000, Max: 0x00010000, ABSOLUTE)

    **** No section assigned to this execution region ****


    Execution Region RW_IRAM1 (Exec base: 0x20000000, Load base: 0x080081f4, Size: 0x000056f8, Max: 0x00030000, ABSOLUTE, COMPRESSED[0x00000028])

    Exec Addr    Load Addr    Size         Type   Attr      Idx    E Section Name        Object

    0x20000000   COMPRESSED   0x00000010   Data   RW          266    .data               freertos.o
    0x20000010   COMPRESSED   0x00000004   Data   RW          325    .data               can.o
    0x20000014   COMPRESSED   0x0000000c   Data   RW         2850    .data               stm32f4xx_hal.o
    0x20000020   COMPRESSED   0x00000004   Data   RW         3780    .data               system_stm32f4xx.o
    0x20000024   COMPRESSED   0x0000003c   Data   RW         4444    .data               tasks.o
    0x20000060   COMPRESSED   0x00000014   Data   RW         4775    .data               timers.o
    0x20000074   COMPRESSED   0x00000004   Data   RW         5000    .data               cmsis_os2.o
    0x20000078   COMPRESSED   0x00000020   Data   RW         5446    .data               heap_4.o
    0x20000098   COMPRESSED   0x0000000c   Data   RW         5502    .data               port.o
    0x200000a4   COMPRESSED   0x00000001   Data   RW         5686    .data               rc.o
    0x200000a5   COMPRESSED   0x00000003   PAD
    0x200000a8   COMPRESSED   0x00000078   Data   RW         5733    .data               tripod.o
    0x20000120   COMPRESSED   0x00000018   Data   RW         5775    .data               underpan.o
    0x20000138   COMPRESSED   0x00000060   Data   RW         5852    .data               bsp_imu.o
    0x20000198        -       0x00000050   Zero   RW          324    .bss                can.o
    0x200001e8        -       0x00000058   Zero   RW          396    .bss                spi.o
    0x20000240        -       0x00000150   Zero   RW          439    .bss                usart.o
    0x20000390        -       0x00000048   Zero   RW          616    .bss                stm32f4xx_hal_timebase_tim.o
    0x200003d8        -       0x00000040   Zero   RW         4019    .bss                queue.o
    0x20000418        -       0x000004c4   Zero   RW         4443    .bss                tasks.o
    0x200008dc        -       0x00000118   Zero   RW         4774    .bss                timers.o
    0x200009f4        -       0x000006b8   Zero   RW         4999    .bss                cmsis_os2.o
    0x200010ac        -       0x00003c00   Zero   RW         5445    .bss                heap_4.o
    0x20004cac        -       0x00000288   Zero   RW         5584    .bss                canbus.o
    0x20004f34        -       0x00000038   Zero   RW         5685    .bss                rc.o
    0x20004f6c        -       0x00000080   Zero   RW         5732    .bss                tripod.o
    0x20004fec        -       0x00000044   Zero   RW         5774    .bss                underpan.o
    0x20005030        -       0x00000062   Zero   RW         5850    .bss                bsp_imu.o
    0x20005092   COMPRESSED   0x00000002   PAD
    0x20005094        -       0x00000060   Zero   RW         6282    .bss                c_w.l(libspace.o)
    0x200050f4   COMPRESSED   0x00000004   PAD
    0x200050f8        -       0x00000200   Zero   RW            2    HEAP                startup_stm32f427xx.o
    0x200052f8        -       0x00000400   Zero   RW            1    STACK               startup_stm32f427xx.o


==============================================================================

Image component sizes


      Code (inc. data)   RO Data    RW Data    ZI Data      Debug   Object Name

      3400        222         20         96         98      13532   bsp_imu.o
       440         42          0          4         80       2586   can.o
       626         46          0          0        648       7230   canbus.o
       326         22          0          4       1720      65259   cmsis_os2.o
        76          4          0          0          0        826   dma.o
         0          0          0          0          0      19500   event_groups.o
        92         24        185         16          0       2038   freertos.o
       156          8          0          0          0       1035   gpio.o
       472         24          0         32      15360       4899   heap_4.o
        20          0          0          0          0        510   imu.o
       138          0          0          0          0       3582   list.o
       272         14          0          0          0     773853   main.o
        66          0          0          0          0       1278   pid.o
       786         82          0         12          0      11557   port.o
      1514         20          0          0         64      17476   queue.o
       288         38          0          1         56       3975   rc.o
       176         22          0          0         88       1705   spi.o
        64         26        428          0       1536        848   startup_stm32f427xx.o
       116         18          0         12          0       8894   stm32f4xx_hal.o
      1692          6          0          0          0      15188   stm32f4xx_hal_can.o
       158         14          0          0          0      33066   stm32f4xx_hal_cortex.o
      1084         16          8          0          0       7382   stm32f4xx_hal_dma.o
       574         54          0          0          0       2220   stm32f4xx_hal_gpio.o
        56          4          0          0          0        874   stm32f4xx_hal_msp.o
       112         14          0          0          0       1296   stm32f4xx_hal_pwr_ex.o
      1412         86          0          0          0       5945   stm32f4xx_hal_rcc.o
       980         16          0          0          0       4925   stm32f4xx_hal_spi.o
       740         72          0          0          0       7536   stm32f4xx_hal_tim.o
         4          0          0          0          0       1641   stm32f4xx_hal_tim_ex.o
       152         20          0          0         72       1496   stm32f4xx_hal_timebase_tim.o
      1802         28          0          0          0      12845   stm32f4xx_hal_uart.o
       108         48          0          0          0       6638   stm32f4xx_it.o
         0          0          0          0          0        412   stream_buffer.o
        16          4         24          4          0       1139   system_stm32f4xx.o
      2084        168          0         60       1220      27012   tasks.o
       972         80          0         20        280      32207   timers.o
       324         18          0        120        128       2119   tripod.o
       932         44          0         24         68       2981   underpan.o
       436         56          0          0        336       2609   usart.o

    ----------------------------------------------------------------------
     22712       1360        700        408      21756    1110114   Object Totals
         0          0         32          0          0          0   (incl. Generated)
        46          0          3          3          2          0   (incl. Padding)

    ----------------------------------------------------------------------

      Code (inc. data)   RO Data    RW Data    ZI Data      Debug   Library Member Name

        90          0          0          0          0          0   __dczerorl2.o
         8          0          0          0          0         68   __main.o
         0          0          0          0          0          0   __rtentry.o
        12          0          0          0          0          0   __rtentry2.o
         6          0          0          0          0          0   __rtentry4.o
        52          8          0          0          0          0   __scatter.o
        28          0          0          0          0          0   __scatter_zi.o
        22          0          0          0          0        100   _rserrno.o
        16          0          0          0          0         68   aeabi_memset.o
        18          0          0          0          0         80   exit.o
         6          0          0          0          0        152   heapauxi.o
         0          0          0          0          0          0   indicate_semi.o
         2          0          0          0          0          0   libinit.o
         6          0          0          0          0          0   libinit2.o
         2          0          0          0          0          0   libshutdown.o
         2          0          0          0          0          0   libshutdown2.o
         8          4          0          0         96         68   libspace.o
       238          0          0          0          0        100   lludivv7m.o
         8          4          0          0          0         68   rt_errno_addr_intlibspace.o
        68          0          0          0          0         68   rt_memclr.o
        78          0          0          0          0         80   rt_memclr_w.o
       138          0          0          0          0         68   rt_memcpy_v6.o
       100          0          0          0          0         80   rt_memcpy_w.o
         2          0          0          0          0          0   rtexit.o
        10          0          0          0          0          0   rtexit2.o
        12          4          0          0          0         68   sys_exit.o
        74          0          0          0          0         80   sys_stackheap_outer.o
         2          0          0          0          0         68   use_no_semi.o
        24          0          0          0          0        164   basic.o
        98          4          0          0          0        140   d2f.o
       826         16          0          0          0        492   daddsub_clz.o
        24          0          0          0          0        116   dcmpi.o
       688        140          0          0          0        256   ddiv.o
       120          4          0          0          0        140   deqf.o
        94          4          0          0          0        140   dfix.o
        84          0          0          0          0        232   dflt_clz.o
       120          4          0          0          0        140   dleqf.o
       340         12          0          0          0        152   dmul.o
       156          4          0          0          0        140   dnaninf.o
        12          0          0          0          0        116   dretinf.o
       108          0          0          0          0        128   drleqf.o
       408         56          0          0          0        168   dsqrt_umaal.o
        86          4          0          0          0        132   f2d.o
       140          4          0          0          0        132   fnaninf.o
        10          0          0          0          0        116   fpinit.o
        10          0          0          0          0        116   fretinf.o
         0          0          0          0          0          0   usenofp.o
       864         94         80          0          0        280   asin.o
       744        106        152          0          0        352   atan.o
       512         64          0          0          0        208   atan2.o
       200         20          0          0          0        164   cos.o
       368         46         48          0          0        200   cos_i.o
       104         16          0          0          0        496   dunder.o
        44          0          0          0          0        248   fabs.o
        48          0          0          0          0        124   fpclassify.o
       248          0          0          0          0        152   poly.o
         0          0          8          0          0          0   qnan.o
      1080        142        200          0          0        188   rred.o
       200         20          0          0          0        164   sin.o
       304         24         40          0          0        208   sin_i.o
       232          0          0          0          0        296   sqrt.o

    ----------------------------------------------------------------------
      9328        804        528          0        100       7316   Library Totals
        24          0          0          0          4          0   (incl. Padding)

    ----------------------------------------------------------------------

      Code (inc. data)   RO Data    RW Data    ZI Data      Debug   Library Name

      1008         20          0          0         96       1216   c_w.l
      3348        252          0          0          0       3020   fz_wm.l
      4948        532        528          0          0       3080   m_wm.l

    ----------------------------------------------------------------------
      9328        804        528          0        100       7316   Library Totals

    ----------------------------------------------------------------------

==============================================================================


      Code (inc. data)   RO Data    RW Data    ZI Data      Debug   

     32040       2164       1228        408      21856    1092458   Grand Totals
     32040       2164       1228         40      21856    1092458   ELF Image Totals (compressed)
     32040       2164       1228         40          0          0   ROM Totals

==============================================================================

    Total RO  Size (Code + RO Data)                33268 (  32.49kB)
    Total RW  Size (RW Data + ZI Data)             22264 (  21.74kB)
    Total ROM Size (Code + RO Data + RW Data)      33308 (  32.53kB)

==============================================================================

