Component: ARM Compiler 5.06 update 7 (build 960) Tool: armlink [4d3601]

==============================================================================

Section Cross References

    startup_stm32f427xx.o(STACK) refers (Special) to heapauxi.o(.text) for __use_two_region_memory
    startup_stm32f427xx.o(HEAP) refers (Special) to heapauxi.o(.text) for __use_two_region_memory
    startup_stm32f427xx.o(RESET) refers (Special) to heapauxi.o(.text) for __use_two_region_memory
    startup_stm32f427xx.o(RESET) refers to startup_stm32f427xx.o(STACK) for __initial_sp
    startup_stm32f427xx.o(RESET) refers to startup_stm32f427xx.o(.text) for Reset_Handler
    startup_stm32f427xx.o(RESET) refers to stm32f4xx_it.o(i.NMI_Handler) for NMI_Handler
    startup_stm32f427xx.o(RESET) refers to stm32f4xx_it.o(i.HardFault_Handler) for HardFault_Handler
    startup_stm32f427xx.o(RESET) refers to stm32f4xx_it.o(i.MemManage_Handler) for MemManage_Handler
    startup_stm32f427xx.o(RESET) refers to stm32f4xx_it.o(i.BusFault_Handler) for BusFault_Handler
    startup_stm32f427xx.o(RESET) refers to stm32f4xx_it.o(i.UsageFault_Handler) for UsageFault_Handler
    startup_stm32f427xx.o(RESET) refers to port.o(.emb_text) for SVC_Handler
    startup_stm32f427xx.o(RESET) refers to stm32f4xx_it.o(i.DebugMon_Handler) for DebugMon_Handler
    startup_stm32f427xx.o(RESET) refers to cmsis_os2.o(i.SysTick_Handler) for SysTick_Handler
    startup_stm32f427xx.o(RESET) refers to stm32f4xx_it.o(i.DMA1_Stream1_IRQHandler) for DMA1_Stream1_IRQHandler
    startup_stm32f427xx.o(RESET) refers to stm32f4xx_it.o(i.USART1_IRQHandler) for USART1_IRQHandler
    startup_stm32f427xx.o(RESET) refers to stm32f4xx_it.o(i.USART3_IRQHandler) for USART3_IRQHandler
    startup_stm32f427xx.o(RESET) refers to stm32f4xx_it.o(i.TIM8_TRG_COM_TIM14_IRQHandler) for TIM8_TRG_COM_TIM14_IRQHandler
    startup_stm32f427xx.o(RESET) refers to stm32f4xx_it.o(i.DMA2_Stream2_IRQHandler) for DMA2_Stream2_IRQHandler
    startup_stm32f427xx.o(RESET) refers to stm32f4xx_it.o(i.CAN2_TX_IRQHandler) for CAN2_TX_IRQHandler
    startup_stm32f427xx.o(RESET) refers to stm32f4xx_it.o(i.CAN2_RX0_IRQHandler) for CAN2_RX0_IRQHandler
    startup_stm32f427xx.o(RESET) refers to stm32f4xx_it.o(i.CAN2_SCE_IRQHandler) for CAN2_SCE_IRQHandler
    startup_stm32f427xx.o(.text) refers (Special) to heapauxi.o(.text) for __use_two_region_memory
    startup_stm32f427xx.o(.text) refers to system_stm32f4xx.o(i.SystemInit) for SystemInit
    startup_stm32f427xx.o(.text) refers to __main.o(!!!main) for __main
    startup_stm32f427xx.o(.text) refers to startup_stm32f427xx.o(HEAP) for Heap_Mem
    startup_stm32f427xx.o(.text) refers to startup_stm32f427xx.o(STACK) for Stack_Mem
    main.o(i.HAL_TIM_PeriodElapsedCallback) refers to stm32f4xx_hal.o(i.HAL_IncTick) for HAL_IncTick
    main.o(i.SystemClock_Config) refers to rt_memclr_w.o(.text) for __aeabi_memclr4
    main.o(i.SystemClock_Config) refers to stm32f4xx_hal_rcc.o(i.HAL_RCC_OscConfig) for HAL_RCC_OscConfig
    main.o(i.SystemClock_Config) refers to stm32f4xx_hal_pwr_ex.o(i.HAL_PWREx_EnableOverDrive) for HAL_PWREx_EnableOverDrive
    main.o(i.SystemClock_Config) refers to stm32f4xx_hal_rcc.o(i.HAL_RCC_ClockConfig) for HAL_RCC_ClockConfig
    main.o(i.main) refers to stm32f4xx_hal.o(i.HAL_Init) for HAL_Init
    main.o(i.main) refers to main.o(i.SystemClock_Config) for SystemClock_Config
    main.o(i.main) refers to gpio.o(i.MX_GPIO_Init) for MX_GPIO_Init
    main.o(i.main) refers to dma.o(i.MX_DMA_Init) for MX_DMA_Init
    main.o(i.main) refers to can.o(i.MX_CAN1_Init) for MX_CAN1_Init
    main.o(i.main) refers to can.o(i.MX_CAN2_Init) for MX_CAN2_Init
    main.o(i.main) refers to usart.o(i.MX_USART1_UART_Init) for MX_USART1_UART_Init
    main.o(i.main) refers to usart.o(i.MX_USART3_UART_Init) for MX_USART3_UART_Init
    main.o(i.main) refers to spi.o(i.MX_SPI5_Init) for MX_SPI5_Init
    main.o(i.main) refers to rc.o(i.RC_Init) for RC_Init
    main.o(i.main) refers to canbus.o(i.CAN1_BusStart) for CAN1_BusStart
    main.o(i.main) refers to canbus.o(i.CAN2_BusStart) for CAN2_BusStart
    main.o(i.main) refers to bsp_imu.o(i.mpu_device_init) for mpu_device_init
    main.o(i.main) refers to bsp_imu.o(i.mpu_get_data) for mpu_get_data
    main.o(i.main) refers to bsp_imu.o(i.init_quaternion) for init_quaternion
    main.o(i.main) refers to cmsis_os2.o(i.osKernelInitialize) for osKernelInitialize
    main.o(i.main) refers to freertos.o(i.MX_FREERTOS_Init) for MX_FREERTOS_Init
    main.o(i.main) refers to cmsis_os2.o(i.osKernelStart) for osKernelStart
    gpio.o(i.MX_GPIO_Init) refers to rt_memclr_w.o(.text) for __aeabi_memclr4
    gpio.o(i.MX_GPIO_Init) refers to stm32f4xx_hal_gpio.o(i.HAL_GPIO_WritePin) for HAL_GPIO_WritePin
    gpio.o(i.MX_GPIO_Init) refers to stm32f4xx_hal_gpio.o(i.HAL_GPIO_Init) for HAL_GPIO_Init
    freertos.o(i.MX_FREERTOS_Init) refers to cmsis_os2.o(i.osThreadNew) for osThreadNew
[...]
    _fp_trap_init                             - Undefined Weak Reference
    _fp_trap_shutdown                         - Undefined Weak Reference
    _get_lc_collate                           - Undefined Weak Reference
    _get_lc_ctype                             - Undefined Weak Reference
    _get_lc_monetary                          - Undefined Weak Reference
    _get_lc_numeric                           - Undefined Weak Reference
    _get_lc_time                              - Undefined Weak Reference
    _getenv_init                              - Undefined Weak Reference
    _handle_redirection                       - Undefined Weak Reference
    _init_alloc                               - Undefined Weak Reference
    _init_user_alloc                          - Undefined Weak Reference
    _initio                                   - Undefined Weak Reference
    _rand_init                                - Undefined Weak Reference
    _signal_finish                            - Undefined Weak Reference
    _signal_init                              - Undefined Weak Reference
    _terminate_alloc                          - Undefined Weak Reference
    _terminate_user_alloc                     - Undefined Weak Reference
    _terminateio                              - Undefined Weak Reference
    __Vectors_Size                           0x000001ac   Number         0  startup_stm32f427xx.o ABSOLUTE
    __Vectors                                0x08000000   Data           4  startup_stm32f427xx.o(RESET)
    __Vectors_End                            0x080001ac   Data           0  startup_stm32f427xx.o(RESET)
    __main                                   0x080001ad   Thumb Code     8  __main.o(!!!main)
    __scatterload                            0x080001b5   Thumb Code     0  __scatter.o(!!!scatter)
    __scatterload_rt2                        0x080001b5   Thumb Code    44  __scatter.o(!!!scatter)
    __scatterload_rt2_thumb_only             0x080001b5   Thumb Code     0  __scatter.o(!!!scatter)
    __scatterload_null                       0x080001c3   Thumb Code     0  __scatter.o(!!!scatter)
    __scatterload_copy                       0x080001e9   Thumb Code    26  __scatter_copy.o(!!handler_copy)
    __scatterload_zeroinit                   0x08000205   Thumb Code    28  __scatter_zi.o(!!handler_zi)
    __rt_lib_init                            0x08000221   Thumb Code     0  libinit.o(.ARM.Collect$$libinit$$00000000)
    __rt_lib_init_fp_1                       0x08000223   Thumb Code     0  libinit2.o(.ARM.Collect$$libinit$$00000001)
    __rt_lib_init_alloca_1                   0x08000227   Thumb Code     0  libinit2.o(.ARM.Collect$$libinit$$0000002E)
    __rt_lib_init_argv_1                     0x08000227   Thumb Code     0  libinit2.o(.ARM.Collect$$libinit$$0000002C)
    __rt_lib_init_atexit_1                   0x08000227   Thumb Code     0  libinit2.o(.ARM.Collect$$libinit$$0000001B)
    __rt_lib_init_clock_1                    0x08000227   Thumb Code     0  libinit2.o(.ARM.Collect$$libinit$$00000021)
    __rt_lib_init_cpp_1                      0x08000227   Thumb Code     0  libinit2.o(.ARM.Collect$$libinit$$00000032)
    __rt_lib_init_exceptions_1               0x08000227   Thumb Code     0  libinit2.o(.ARM.Collect$$libinit$$00000030)
    __rt_lib_init_fp_trap_1                  0x08000227   Thumb Code     0  libinit2.o(.ARM.Collect$$libinit$$0000001F)
    __rt_lib_init_getenv_1                   0x08000227   Thumb Code     0  libinit2.o(.ARM.Collect$$libinit$$00000023)
    __rt_lib_init_heap_1                     0x08000227   Thumb Code     0  libinit2.o(.ARM.Collect$$libinit$$0000000A)
    __rt_lib_init_lc_collate_1               0x08000227   Thumb Code     0  libinit2.o(.ARM.Collect$$libinit$$00000011)
    __rt_lib_init_lc_ctype_1                 0x08000227   Thumb Code     0  libinit2.o(.ARM.Collect$$libinit$$00000013)
    __rt_lib_init_lc_monetary_1              0x08000227   Thumb Code     0  libinit2.o(.ARM.Collect$$libinit$$00000015)
    __rt_lib_init_lc_numeric_1               0x08000227   Thumb Code     0  libinit2.o(.ARM.Collect$$libinit$$00000017)
    __rt_lib_init_lc_time_1                  0x08000227   Thumb Code     0  libinit2.o(.ARM.Collect$$libinit$$00000019)
    __rt_lib_init_preinit_1                  0x08000227   Thumb Code     0  libinit2.o(.ARM.Collect$$libinit$$00000004)
    __rt_lib_init_rand_1                     0x08000227   Thumb Code     0  libinit2.o(.ARM.Collect$$libinit$$0000000E)
    __rt_lib_init_return                     0x08000227   Thumb Code     0  libinit2.o(.ARM.Collect$$libinit$$00000033)
    __rt_lib_init_signal_1                   0x08000227   Thumb Code     0  libinit2.o(.ARM.Collect$$libinit$$0000001D)
    __rt_lib_init_stdio_1                    0x08000227   Thumb Code     0  libinit2.o(.ARM.Collect$$libinit$$00000025)
    __rt_lib_init_user_alloc_1               0x08000227   Thumb Code     0  libinit2.o(.ARM.Collect$$libinit$$0000000C)
    __rt_lib_shutdown                        0x08000229   Thumb Code     0  libshutdown.o(.ARM.Collect$$libshutdown$$00000000)
    __rt_lib_shutdown_cpp_1                  0x0800022b   Thumb Code     0  libshutdown2.o(.ARM.Collect$$libshutdown$$00000004)
    __rt_lib_shutdown_fini_1                 0x0800022b   Thumb Code     0  libshutdown2.o(.ARM.Collect$$libshutdown$$00000002)
    __rt_lib_shutdown_fp_trap_1              0x0800022b   Thumb Code     0  libshutdown2.o(.ARM.Collect$$libshutdown$$00000009)
    __rt_lib_shutdown_heap_1                 0x0800022b   Thumb Code     0  libshutdown2.o(.ARM.Collect$$libshutdown$$00000011)
    __rt_lib_shutdown_return                 0x0800022b   Thumb Code     0  libshutdown2.o(.ARM.Collect$$libshutdown$$00000012)
    __rt_lib_shutdown_signal_1               0x0800022b   Thumb Code     0  libshutdown2.o(.ARM.Collect$$libshutdown$$0000000C)
    __rt_lib_shutdown_stdio_1                0x0800022b   Thumb Code     0  libshutdown2.o(.ARM.Collect$$libshutdown$$00000006)
    __rt_lib_shutdown_user_alloc_1           0x0800022b   Thumb Code     0  libshutdown2.o(.ARM.Collect$$libshutdown$$0000000E)
    __rt_entry                               0x0800022d   Thumb Code     0  __rtentry.o(.ARM.Collect$$rtentry$$00000000)
    __rt_entry_presh_1                       0x0800022d   Thumb Code     0  __rtentry2.o(.ARM.Collect$$rtentry$$00000002)
    __rt_entry_sh                            0x0800022d   Thumb Code     0  __rtentry4.o(.ARM.Collect$$rtentry$$00000004)
    __rt_entry_li                            0x08000233   Thumb Code     0  __rtentry2.o(.ARM.Collect$$rtentry$$0000000A)
    __rt_entry_postsh_1                      0x08000233   Thumb Code     0  __rtentry2.o(.ARM.Collect$$rtentry$$00000009)
    __rt_entry_main                          0x08000237   Thumb Code     0  __rtentry2.o(.ARM.Collect$$rtentry$$0000000D)
    __rt_entry_postli_1                      0x08000237   Thumb Code     0  __rtentry2.o(.ARM.Collect$$rtentry$$0000000C)
    __rt_exit                                0x0800023f   Thumb Code     0  rtexit.o(.ARM.Collect$$rtexit$$00000000)
    __rt_exit_ls                             0x08000241   Thumb Code     0  rtexit2.o(.ARM.Collect$$rtexit$$00000003)
    __rt_exit_prels_1                        0x08000241   Thumb Code     0  rtexit2.o(.ARM.Collect$$rtexit$$00000002)
    __rt_exit_exit                           0x08000245   Thumb Code     0  rtexit2.o(.ARM.Collect$$rtexit$$00000004)
    SVC_Handler                              0x0800024d   Thumb Code    28  port.o(.emb_text)
    __asm___6_port_c_39a90d8d__prvStartFirstTask 0x0800026d   Thumb Code    36  port.o(.emb_text)
    __asm___6_port_c_39a90d8d__prvEnableVFP  0x08000295   Thumb Code    16  port.o(.emb_text)
    PendSV_Handler                           0x080002a9   Thumb Code    88  port.o(.emb_text)
    vPortGetIPSR                             0x08000305   Thumb Code     6  port.o(.emb_text)
    Reset_Handler                            0x0800030d   Thumb Code     8  startup_stm32f427xx.o(.text)
    ADC_IRQHandler                           0x08000327   Thumb Code     0  startup_stm32f427xx.o(.text)
    CAN1_RX0_IRQHandler                      0x08000327   Thumb Code     0  startup_stm32f427xx.o(.text)
    CAN1_RX1_IRQHandler                      0x08000327   Thumb Code     0  startup_stm32f427xx.o(.text)
    CAN1_SCE_IRQHandler                      0x08000327   Thumb Code     0  startup_stm32f427xx.o(.text)
    CAN1_TX_IRQHandler                       0x08000327   Thumb Code     0  startup_stm32f427xx.o(.text)
    CAN2_RX1_IRQHandler                      0x08000327   Thumb Code     0  startup_stm32f427xx.o(.text)
    DCMI_IRQHandler                          0x08000327   Thumb Code     0  startup_stm32f427xx.o(.text)
    DMA1_Stream0_IRQHandler                  0x08000327   Thumb Code     0  startup_stm32f427xx.o(.text)
    DMA1_Stream2_IRQHandler                  0x08000327   Thumb Code     0  startup_stm32f427xx.o(.text)
    DMA1_Stream3_IRQHandler                  0x08000327   Thumb Code     0  startup_stm32f427xx.o(.text)
    DMA1_Stream4_IRQHandler                  0x08000327   Thumb Code     0  startup_stm32f427xx.o(.text)
    DMA1_Stream5_IRQHandler                  0x08000327   Thumb Code     0  startup_stm32f427xx.o(.text)
    DMA1_Stream6_IRQHandler                  0x08000327   Thumb Code     0  startup_stm32f427xx.o(.text)
    DMA1_Stream7_IRQHandler                  0x08000327   Thumb Code     0  startup_stm32f427xx.o(.text)
    DMA2D_IRQHandler                         0x08000327   Thumb Code     0  startup_stm32f427xx.o(.text)
    DMA2_Stream0_IRQHandler                  0x08000327   Thumb Code     0  startup_stm32f427xx.o(.text)
    DMA2_Stream1_IRQHandler                  0x08000327   Thumb Code     0  startup_stm32f427xx.o(.text)
    DMA2_Stream3_IRQHandler                  0x08000327   Thumb Code     0  startup_stm32f427xx.o(.text)
    DMA2_Stream4_IRQHandler                  0x08000327   Thumb Code     0  startup_stm32f427xx.o(.text)
    DMA2_Stream5_IRQHandler                  0x08000327   Thumb Code     0  startup_stm32f427xx.o(.text)
    DMA2_Stream6_IRQHandler                  0x08000327   Thumb Code     0  startup_stm32f427xx.o(.text)
    DMA2_Stream7_IRQHandler                  0x08000327   Thumb Code     0  startup_stm32f427xx.o(.text)
    ETH_IRQHandler                           0x08000327   Thumb Code     0  startup_stm32f427xx.o(.text)
    ETH_WKUP_IRQHandler                      0x08000327   Thumb Code     0  startup_stm32f427xx.o(.text)
    EXTI0_IRQHandler                         0x08000327   Thumb Code     0  startup_stm32f427xx.o(.text)
    EXTI15_10_IRQHandler                     0x08000327   Thumb Code     0  startup_stm32f427xx.o(.text)
    EXTI1_IRQHandler                         0x08000327   Thumb Code     0  startup_stm32f427xx.o(.text)
    EXTI2_IRQHandler                         0x08000327   Thumb Code     0  startup_stm32f427xx.o(.text)
    EXTI3_IRQHandler                         0x08000327   Thumb Code     0  startup_stm32f427xx.o(.text)
    EXTI4_IRQHandler                         0x08000327   Thumb Code     0  startup_stm32f427xx.o(.text)
    EXTI9_5_IRQHandler                       0x08000327   Thumb Code     0  startup_stm32f427xx.o(.text)
    FLASH_IRQHandler                         0x08000327   Thumb Code     0  startup_stm32f427xx.o(.text)
    FMC_IRQHandler                           0x08000327   Thumb Code     0  startup_stm32f427xx.o(.text)
    FPU_IRQHandler                           0x08000327   Thumb Code     0  startup_stm32f427xx.o(.text)
    HASH_RNG_IRQHandler                      0x08000327   Thumb Code     0  startup_stm32f427xx.o(.text)
    I2C1_ER_IRQHandler                       0x08000327   Thumb Code     0  startup_stm32f427xx.o(.text)
    I2C1_EV_IRQHandler                       0x08000327   Thumb Code     0  startup_stm32f427xx.o(.text)
    I2C2_ER_IRQHandler                       0x08000327   Thumb Code     0  startup_stm32f427xx.o(.text)
    I2C2_EV_IRQHandler                       0x08000327   Thumb Code     0  startup_stm32f427xx.o(.text)
    I2C3_ER_IRQHandler                       0x08000327   Thumb Code     0  startup_stm32f427xx.o(.text)
    I2C3_EV_IRQHandler                       0x08000327   Thumb Code     0  startup_stm32f427xx.o(.text)
    OTG_FS_IRQHandler                        0x08000327   Thumb Code     0  startup_stm32f427xx.o(.text)
    OTG_FS_WKUP_IRQHandler                   0x08000327   Thumb Code     0  startup_stm32f427xx.o(.text)
    OTG_HS_EP1_IN_IRQHandler                 0x08000327   Thumb Code     0  startup_stm32f427xx.o(.text)
    OTG_HS_EP1_OUT_IRQHandler                0x08000327   Thumb Code     0  startup_stm32f427xx.o(.text)
    OTG_HS_IRQHandler                        0x08000327   Thumb Code     0  startup_stm32f427xx.o(.text)
    OTG_HS_WKUP_IRQHandler                   0x08000327   Thumb Code     0  startup_stm32f427xx.o(.text)
    PVD_IRQHandler                           0x08000327   Thumb Code     0  startup_stm32f427xx.o(.text)
    RCC_IRQHandler                           0x08000327   Thumb Code     0  startup_stm32f427xx.o(.text)
    RTC_Alarm_IRQHandler                     0x08000327   Thumb Code     0  startup_stm32f427xx.o(.text)
    RTC_WKUP_IRQHandler                      0x08000327   Thumb Code     0  startup_stm32f427xx.o(.text)
    SAI1_IRQHandler                          0x08000327   Thumb Code     0  startup_stm32f427xx.o(.text)
    SDIO_IRQHandler                          0x08000327   Thumb Code     0  startup_stm32f427xx.o(.text)
    SPI1_IRQHandler                          0x08000327   Thumb Code     0  startup_stm32f427xx.o(.text)
    SPI2_IRQHandler                          0x08000327   Thumb Code     0  startup_stm32f427xx.o(.text)
    SPI3_IRQHandler                          0x08000327   Thumb Code     0  startup_stm32f427xx.o(.text)
    SPI4_IRQHandler                          0x08000327   Thumb Code     0  startup_stm32f427xx.o(.text)
    SPI5_IRQHandler                          0x08000327   Thumb Code     0  startup_stm32f427xx.o(.text)
    SPI6_IRQHandler                          0x08000327   Thumb Code     0  startup_stm32f427xx.o(.text)
    TAMP_STAMP_IRQHandler                    0x08000327   Thumb Code     0  startup_stm32f427xx.o(.text)
    TIM1_BRK_TIM9_IRQHandler                 0x08000327   Thumb Code     0  startup_stm32f427xx.o(.text)
    TIM1_CC_IRQHandler                       0x08000327   Thumb Code     0  startup_stm32f427xx.o(.text)
    TIM1_TRG_COM_TIM11_IRQHandler            0x08000327   Thumb Code     0  startup_stm32f427xx.o(.text)
    TIM1_UP_TIM10_IRQHandler                 0x08000327   Thumb Code     0  startup_stm32f427xx.o(.text)
    TIM2_IRQHandler                          0x08000327   Thumb Code     0  startup_stm32f427xx.o(.text)
    TIM3_IRQHandler                          0x08000327   Thumb Code     0  startup_stm32f427xx.o(.text)
    TIM4_IRQHandler                          0x08000327   Thumb Code     0  startup_stm32f427xx.o(.text)
    TIM5_IRQHandler                          0x08000327   Thumb Code     0  startup_stm32f427xx.o(.text)
    TIM6_DAC_IRQHandler                      0x08000327   Thumb Code     0  startup_stm32f427xx.o(.text)
    TIM7_IRQHandler                          0x08000327   Thumb Code     0  startup_stm32f427xx.o(.text)
    TIM8_BRK_TIM12_IRQHandler                0x08000327   Thumb Code     0  startup_stm32f427xx.o(.text)
    TIM8_CC_IRQHandler                       0x08000327   Thumb Code     0  startup_stm32f427xx.o(.text)
    TIM8_UP_TIM13_IRQHandler                 0x08000327   Thumb Code     0  startup_stm32f427xx.o(.text)
    UART4_IRQHandler                         0x08000327   Thumb Code     0  startup_stm32f427xx.o(.text)
    UART5_IRQHandler                         0x08000327   Thumb Code     0  startup_stm32f427xx.o(.text)
    UART7_IRQHandler                         0x08000327   Thumb Code     0  startup_stm32f427xx.o(.text)
    UART8_IRQHandler                         0x08000327   Thumb Code     0  startup_stm32f427xx.o(.text)
    USART2_IRQHandler                        0x08000327   Thumb Code     0  startup_stm32f427xx.o(.text)
    USART6_IRQHandler                        0x08000327   Thumb Code     0  startup_stm32f427xx.o(.text)
    WWDG_IRQHandler                          0x08000327   Thumb Code     0  startup_stm32f427xx.o(.text)
    __user_initial_stackheap                 0x08000329   Thumb Code     0  startup_stm32f427xx.o(.text)
    __aeabi_uldivmod                         0x0800034d   Thumb Code     0  lludivv7m.o(.text)
    _ll_udiv                                 0x0800034d   Thumb Code   238  lludivv7m.o(.text)
    __aeabi_memcpy                           0x0800043b   Thumb Code     0  rt_memcpy_v6.o(.text)
    __rt_memcpy                              0x0800043b   Thumb Code   138  rt_memcpy_v6.o(.text)
    _memcpy_lastbytes                        0x080004a1   Thumb Code     0  rt_memcpy_v6.o(.text)
    __aeabi_memcpy4                          0x080004c5   Thumb Code     0  rt_memcpy_w.o(.text)
    __aeabi_memcpy8                          0x080004c5   Thumb Code     0  rt_memcpy_w.o(.text)
    __rt_memcpy_w                            0x080004c5   Thumb Code   100  rt_memcpy_w.o(.text)
    _memcpy_lastbytes_aligned                0x0800050d   Thumb Code     0  rt_memcpy_w.o(.text)
    __aeabi_memset                           0x08000529   Thumb Code    16  aeabi_memset.o(.text)
    __aeabi_memclr                           0x08000539   Thumb Code     0  rt_memclr.o(.text)
    __rt_memclr                              0x08000539   Thumb Code    68  rt_memclr.o(.text)
    _memset                                  0x0800053d   Thumb Code     0  rt_memclr.o(.text)
    __aeabi_memclr4                          0x0800057d   Thumb Code     0  rt_memclr_w.o(.text)
    __aeabi_memclr8                          0x0800057d   Thumb Code     0  rt_memclr_w.o(.text)
    __rt_memclr_w                            0x0800057d   Thumb Code    78  rt_memclr_w.o(.text)
    _memset_w                                0x08000581   Thumb Code     0  rt_memclr_w.o(.text)
    __use_two_region_memory                  0x080005cb   Thumb Code     2  heapauxi.o(.text)
    __rt_heap_escrow$2region                 0x080005cd   Thumb Code     2  heapauxi.o(.text)
    __rt_heap_expand$2region                 0x080005cf   Thumb Code     2  heapauxi.o(.text)
    __read_errno                             0x080005d1   Thumb Code    10  _rserrno.o(.text)
    __set_errno                              0x080005db   Thumb Code    12  _rserrno.o(.text)
    __aeabi_errno_addr                       0x080005e9   Thumb Code     8  rt_errno_addr_intlibspace.o(.text)
    __errno$intlibspace                      0x080005e9   Thumb Code     0  rt_errno_addr_intlibspace.o(.text)
    __rt_errno_addr$intlibspace              0x080005e9   Thumb Code     0  rt_errno_addr_intlibspace.o(.text)
    __user_libspace                          0x080005f1   Thumb Code     8  libspace.o(.text)
    __user_perproc_libspace                  0x080005f1   Thumb Code     0  libspace.o(.text)
    __user_perthread_libspace                0x080005f1   Thumb Code     0  libspace.o(.text)
    __user_setup_stackheap                   0x080005f9   Thumb Code    74  sys_stackheap_outer.o(.text)
    exit                                     0x08000643   Thumb Code    18  exit.o(.text)
    _sys_exit                                0x08000655   Thumb Code     8  sys_exit.o(.text)
    __I$use$semihosting                      0x08000661   Thumb Code     0  use_no_semi.o(.text)
    __use_no_semihosting_swi                 0x08000661   Thumb Code     2  use_no_semi.o(.text)
    BusFault_Handler                         0x08000663   Thumb Code     2  stm32f4xx_it.o(i.BusFault_Handler)
    __semihosting_library_function           0x08000663   Thumb Code     0  indicate_semi.o(.text)
    CAN1_BusStart                            0x08000665   Thumb Code    80  canbus.o(i.CAN1_BusStart)
    CAN1_Send                                0x080006bd   Thumb Code    60  canbus.o(i.CAN1_Send)
    CAN2_BusStart                            0x080006fd   Thumb Code    80  canbus.o(i.CAN2_BusStart)
    CAN2_FindLatestById                      0x08000755   Thumb Code    46  canbus.o(i.CAN2_FindLatestById)
    CAN2_RX0_IRQHandler                      0x08000789   Thumb Code     6  stm32f4xx_it.o(i.CAN2_RX0_IRQHandler)
    CAN2_SCE_IRQHandler                      0x08000795   Thumb Code     6  stm32f4xx_it.o(i.CAN2_SCE_IRQHandler)
    CAN2_TX_IRQHandler                       0x080007a1   Thumb Code     6  stm32f4xx_it.o(i.CAN2_TX_IRQHandler)
    DMA1_Stream1_IRQHandler                  0x08000865   Thumb Code     6  stm32f4xx_it.o(i.DMA1_Stream1_IRQHandler)
    DMA2_Stream2_IRQHandler                  0x08000871   Thumb Code     6  stm32f4xx_it.o(i.DMA2_Stream2_IRQHandler)
    DebugMon_Handler                         0x08000921   Thumb Code     2  stm32f4xx_it.o(i.DebugMon_Handler)
    Error_Handler                            0x08000923   Thumb Code     4  main.o(i.Error_Handler)
    GetUnderpanWheelSpeed                    0x08000929   Thumb Code   414  underpan.o(i.GetUnderpanWheelSpeed)
    HAL_CAN_ActivateNotification             0x08000ad1   Thumb Code    36  stm32f4xx_hal_can.o(i.HAL_CAN_ActivateNotification)
    HAL_CAN_AddTxMessage                     0x08000af5   Thumb Code   208  stm32f4xx_hal_can.o(i.HAL_CAN_AddTxMessage)
    HAL_CAN_ConfigFilter                     0x08000bc5   Thumb Code   262  stm32f4xx_hal_can.o(i.HAL_CAN_ConfigFilter)
    HAL_CAN_ErrorCallback                    0x08000cd1   Thumb Code     2  stm32f4xx_hal_can.o(i.HAL_CAN_ErrorCallback)
    HAL_CAN_GetRxFifoFillLevel               0x08000cd5   Thumb Code    34  stm32f4xx_hal_can.o(i.HAL_CAN_GetRxFifoFillLevel)
    HAL_CAN_GetRxMessage                     0x08000cf7   Thumb Code   244  stm32f4xx_hal_can.o(i.HAL_CAN_GetRxMessage)
    HAL_CAN_IRQHandler                       0x08000deb   Thumb Code   508  stm32f4xx_hal_can.o(i.HAL_CAN_IRQHandler)
    HAL_CAN_Init                             0x08000fe7   Thumb Code   282  stm32f4xx_hal_can.o(i.HAL_CAN_Init)
    HAL_CAN_MspInit                          0x08001101   Thumb Code   294  can.o(i.HAL_CAN_MspInit)
    HAL_CAN_RxFifo0FullCallback              0x08001241   Thumb Code     2  stm32f4xx_hal_can.o(i.HAL_CAN_RxFifo0FullCallback)
    HAL_CAN_RxFifo0MsgPendingCallback        0x08001245   Thumb Code    72  canbus.o(i.HAL_CAN_RxFifo0MsgPendingCallback)
    HAL_CAN_RxFifo1FullCallback              0x0800129d   Thumb Code     2  stm32f4xx_hal_can.o(i.HAL_CAN_RxFifo1FullCallback)
    HAL_CAN_RxFifo1MsgPendingCallback        0x0800129f   Thumb Code     2  stm32f4xx_hal_can.o(i.HAL_CAN_RxFifo1MsgPendingCallback)
    HAL_CAN_SleepCallback                    0x080012a1   Thumb Code     2  stm32f4xx_hal_can.o(i.HAL_CAN_SleepCallback)
    HAL_CAN_Start                            0x080012a5   Thumb Code    88  stm32f4xx_hal_can.o(i.HAL_CAN_Start)
    HAL_CAN_TxMailbox0AbortCallback          0x080012fd   Thumb Code     2  stm32f4xx_hal_can.o(i.HAL_CAN_TxMailbox0AbortCallback)
    HAL_CAN_TxMailbox0CompleteCallback       0x080012ff   Thumb Code     2  stm32f4xx_hal_can.o(i.HAL_CAN_TxMailbox0CompleteCallback)
    HAL_CAN_TxMailbox1AbortCallback          0x08001301   Thumb Code     2  stm32f4xx_hal_can.o(i.HAL_CAN_TxMailbox1AbortCallback)
    HAL_CAN_TxMailbox1CompleteCallback       0x08001303   Thumb Code     2  stm32f4xx_hal_can.o(i.HAL_CAN_TxMailbox1CompleteCallback)
    HAL_CAN_TxMailbox2AbortCallback          0x08001305   Thumb Code     2  stm32f4xx_hal_can.o(i.HAL_CAN_TxMailbox2AbortCallback)
    HAL_CAN_TxMailbox2CompleteCallback       0x08001307   Thumb Code     2  stm32f4xx_hal_can.o(i.HAL_CAN_TxMailbox2CompleteCallback)
    HAL_CAN_WakeUpFromRxMsgCallback          0x08001309   Thumb Code     2  stm32f4xx_hal_can.o(i.HAL_CAN_WakeUpFromRxMsgCallback)
    HAL_DMA_Abort                            0x0800130b   Thumb Code   146  stm32f4xx_hal_dma.o(i.HAL_DMA_Abort)
    HAL_DMA_Abort_IT                         0x0800139d   Thumb Code    36  stm32f4xx_hal_dma.o(i.HAL_DMA_Abort_IT)
    HAL_DMA_IRQHandler                       0x080013c1   Thumb Code   412  stm32f4xx_hal_dma.o(i.HAL_DMA_IRQHandler)
    HAL_DMA_Init                             0x08001561   Thumb Code   206  stm32f4xx_hal_dma.o(i.HAL_DMA_Init)
    HAL_DMA_Start_IT                         0x08001635   Thumb Code   110  stm32f4xx_hal_dma.o(i.HAL_DMA_Start_IT)
    HAL_Delay                                0x080016a5   Thumb Code    32  stm32f4xx_hal.o(i.HAL_Delay)
    HAL_GPIO_Init                            0x080016c9   Thumb Code   510  stm32f4xx_hal_gpio.o(i.HAL_GPIO_Init)
    HAL_GPIO_WritePin                        0x080018fd   Thumb Code    10  stm32f4xx_hal_gpio.o(i.HAL_GPIO_WritePin)
    HAL_GetTick                              0x08001909   Thumb Code     6  stm32f4xx_hal.o(i.HAL_GetTick)
    HAL_IncTick                              0x08001915   Thumb Code    12  stm32f4xx_hal.o(i.HAL_IncTick)
    HAL_Init                                 0x08001925   Thumb Code    48  stm32f4xx_hal.o(i.HAL_Init)
    HAL_InitTick                             0x08001959   Thumb Code   132  stm32f4xx_hal_timebase_tim.o(i.HAL_InitTick)
    HAL_MspInit                              0x080019f1   Thumb Code    52  stm32f4xx_hal_msp.o(i.HAL_MspInit)
    HAL_NVIC_EnableIRQ                       0x08001a29   Thumb Code    26  stm32f4xx_hal_cortex.o(i.HAL_NVIC_EnableIRQ)
    HAL_NVIC_SetPriority                     0x08001a45   Thumb Code    60  stm32f4xx_hal_cortex.o(i.HAL_NVIC_SetPriority)
    HAL_NVIC_SetPriorityGrouping             0x08001a85   Thumb Code    26  stm32f4xx_hal_cortex.o(i.HAL_NVIC_SetPriorityGrouping)
    HAL_PWREx_EnableOverDrive                0x08001aa9   Thumb Code    98  stm32f4xx_hal_pwr_ex.o(i.HAL_PWREx_EnableOverDrive)
    HAL_RCC_ClockConfig                      0x08001b19   Thumb Code   288  stm32f4xx_hal_rcc.o(i.HAL_RCC_ClockConfig)
    HAL_RCC_GetClockConfig                   0x08001c4d   Thumb Code    54  stm32f4xx_hal_rcc.o(i.HAL_RCC_GetClockConfig)
    HAL_RCC_GetPCLK1Freq                     0x08001c8d   Thumb Code    20  stm32f4xx_hal_rcc.o(i.HAL_RCC_GetPCLK1Freq)
    HAL_RCC_GetPCLK2Freq                     0x08001cad   Thumb Code    20  stm32f4xx_hal_rcc.o(i.HAL_RCC_GetPCLK2Freq)
    HAL_RCC_GetSysClockFreq                  0x08001ccd   Thumb Code    88  stm32f4xx_hal_rcc.o(i.HAL_RCC_GetSysClockFreq)
    HAL_RCC_OscConfig                        0x08001d31   Thumb Code   856  stm32f4xx_hal_rcc.o(i.HAL_RCC_OscConfig)
    HAL_SPI_Init                             0x0800209d   Thumb Code   188  stm32f4xx_hal_spi.o(i.HAL_SPI_Init)
    HAL_SPI_MspInit                          0x08002159   Thumb Code    94  spi.o(i.HAL_SPI_MspInit)
    HAL_SPI_TransmitReceive                  0x080021c5   Thumb Code   496  stm32f4xx_hal_spi.o(i.HAL_SPI_TransmitReceive)
    HAL_TIMEx_BreakCallback                  0x080023b5   Thumb Code     2  stm32f4xx_hal_tim_ex.o(i.HAL_TIMEx_BreakCallback)
    HAL_TIMEx_CommutCallback                 0x080023b7   Thumb Code     2  stm32f4xx_hal_tim_ex.o(i.HAL_TIMEx_CommutCallback)
    HAL_TIM_Base_Init                        0x080023b9   Thumb Code    90  stm32f4xx_hal_tim.o(i.HAL_TIM_Base_Init)
    HAL_TIM_Base_MspInit                     0x08002413   Thumb Code     2  stm32f4xx_hal_tim.o(i.HAL_TIM_Base_MspInit)
    HAL_TIM_Base_Start_IT                    0x08002415   Thumb Code   100  stm32f4xx_hal_tim.o(i.HAL_TIM_Base_Start_IT)
    HAL_TIM_IC_CaptureCallback               0x08002495   Thumb Code     2  stm32f4xx_hal_tim.o(i.HAL_TIM_IC_CaptureCallback)
    HAL_TIM_IRQHandler                       0x08002497   Thumb Code   304  stm32f4xx_hal_tim.o(i.HAL_TIM_IRQHandler)
    HAL_TIM_OC_DelayElapsedCallback          0x080025c7   Thumb Code     2  stm32f4xx_hal_tim.o(i.HAL_TIM_OC_DelayElapsedCallback)
    HAL_TIM_PWM_PulseFinishedCallback        0x080025c9   Thumb Code     2  stm32f4xx_hal_tim.o(i.HAL_TIM_PWM_PulseFinishedCallback)
    HAL_TIM_PeriodElapsedCallback            0x080025cd   Thumb Code    14  main.o(i.HAL_TIM_PeriodElapsedCallback)
    HAL_TIM_TriggerCallback                  0x080025e1   Thumb Code     2  stm32f4xx_hal_tim.o(i.HAL_TIM_TriggerCallback)
    HAL_UARTEx_ReceiveToIdle_DMA             0x080025e3   Thumb Code    74  stm32f4xx_hal_uart.o(i.HAL_UARTEx_ReceiveToIdle_DMA)
    HAL_UARTEx_RxEventCallback               0x0800262d   Thumb Code    80  rc.o(i.HAL_UARTEx_RxEventCallback)
    HAL_UART_ErrorCallback                   0x0800268d   Thumb Code     2  stm32f4xx_hal_uart.o(i.HAL_UART_ErrorCallback)
    HAL_UART_IRQHandler                      0x08002691   Thumb Code   636  stm32f4xx_hal_uart.o(i.HAL_UART_IRQHandler)
    HAL_UART_Init                            0x08002911   Thumb Code   100  stm32f4xx_hal_uart.o(i.HAL_UART_Init)
    HAL_UART_MspInit                         0x08002975   Thumb Code   286  usart.o(i.HAL_UART_MspInit)
    HAL_UART_RxCpltCallback                  0x08002ab5   Thumb Code     2  stm32f4xx_hal_uart.o(i.HAL_UART_RxCpltCallback)
    HAL_UART_RxHalfCpltCallback              0x08002ab7   Thumb Code     2  stm32f4xx_hal_uart.o(i.HAL_UART_RxHalfCpltCallback)
    HAL_UART_TxCpltCallback                  0x08002ab9   Thumb Code     2  stm32f4xx_hal_uart.o(i.HAL_UART_TxCpltCallback)
    HardFault_Handler                        0x08002abb   Thumb Code     2  stm32f4xx_it.o(i.HardFault_Handler)
    MX_CAN1_Init                             0x08002abd   Thumb Code    52  can.o(i.MX_CAN1_Init)
    MX_CAN2_Init                             0x08002af9   Thumb Code    52  can.o(i.MX_CAN2_Init)
    MX_DMA_Init                              0x08002b35   Thumb Code    72  dma.o(i.MX_DMA_Init)
    MX_FREERTOS_Init                         0x08002b81   Thumb Code    32  freertos.o(i.MX_FREERTOS_Init)
    MX_GPIO_Init                             0x08002bb1   Thumb Code   148  gpio.o(i.MX_GPIO_Init)
    MX_SPI5_Init                             0x08002c4d   Thumb Code    60  spi.o(i.MX_SPI5_Init)
    MX_USART1_UART_Init                      0x08002c91   Thumb Code    48  usart.o(i.MX_USART1_UART_Init)
    MX_USART3_UART_Init                      0x08002cc9   Thumb Code    46  usart.o(i.MX_USART3_UART_Init)
    MemManage_Handler                        0x08002d05   Thumb Code     2  stm32f4xx_it.o(i.MemManage_Handler)
    NMI_Handler                              0x08002d07   Thumb Code     2  stm32f4xx_it.o(i.NMI_Handler)
    RC_GetData                               0x08002d09   Thumb Code     4  rc.o(i.RC_GetData)
    RC_Init                                  0x08002d11   Thumb Code    58  rc.o(i.RC_Init)
    RC_ProcessFrame                          0x08002d59   Thumb Code   108  rc.o(i.RC_ProcessFrame)
    StartDefaultTask                         0x08002ef1   Thumb Code     8  freertos.o(i.StartDefaultTask)
    StartUnderpan                            0x08002ef9   Thumb Code   160  underpan.o(i.StartUnderpan)
    SysTick_Handler                          0x08002fb9   Thumb Code    26  cmsis_os2.o(i.SysTick_Handler)
    SystemClock_Config                       0x08002fd5   Thumb Code   148  main.o(i.SystemClock_Config)
    SystemInit                               0x08003071   Thumb Code    12  system_stm32f4xx.o(i.SystemInit)
    TIM8_TRG_COM_TIM14_IRQHandler            0x08003081   Thumb Code     6  stm32f4xx_it.o(i.TIM8_TRG_COM_TIM14_IRQHandler)
    TIM_Base_SetConfig                       0x0800308d   Thumb Code   164  stm32f4xx_hal_tim.o(i.TIM_Base_SetConfig)
    UART_Start_Receive_DMA                   0x08003491   Thumb Code   146  stm32f4xx_hal_uart.o(i.UART_Start_Receive_DMA)
    USART1_IRQHandler                        0x08003531   Thumb Code     6  stm32f4xx_it.o(i.USART1_IRQHandler)
    USART3_IRQHandler                        0x0800353d   Thumb Code     6  stm32f4xx_it.o(i.USART3_IRQHandler)
    UsageFault_Handler                       0x08003549   Thumb Code     2  stm32f4xx_it.o(i.UsageFault_Handler)
    __ARM_fpclassify                         0x0800354b   Thumb Code    48  fpclassify.o(i.__ARM_fpclassify)
    __hardfp_cos                             0x080035a1   Thumb Code   180  cos.o(i.__hardfp_cos)
    __hardfp_fabs                            0x08003669   Thumb Code    20  fabs.o(i.__hardfp_fabs)
    __hardfp_sin                             0x08003681   Thumb Code   180  sin.o(i.__hardfp_sin)
    __ieee754_rem_pio2                       0x08003749   Thumb Code   938  rred.o(i.__ieee754_rem_pio2)
    __kernel_cos                             0x08003b81   Thumb Code   322  cos_i.o(i.__kernel_cos)
    __kernel_poly                            0x08003cf1   Thumb Code   248  poly.o(i.__kernel_poly)
    __kernel_sin                             0x08003de9   Thumb Code   280  sin_i.o(i.__kernel_sin)
    __mathlib_dbl_infnan                     0x08003f19   Thumb Code    20  dunder.o(i.__mathlib_dbl_infnan)
    __mathlib_dbl_invalid                    0x08003f31   Thumb Code    24  dunder.o(i.__mathlib_dbl_invalid)
    __mathlib_dbl_underflow                  0x08003f51   Thumb Code    24  dunder.o(i.__mathlib_dbl_underflow)
    fabs                                     0x08003f71   Thumb Code    24  fabs.o(i.fabs)
    init_quaternion                          0x08003f89   Thumb Code   360  bsp_imu.o(i.init_quaternion)
    ist8310_get_data                         0x08004155   Thumb Code    10  bsp_imu.o(i.ist8310_get_data)
    ist8310_init                             0x0800415f   Thumb Code   256  bsp_imu.o(i.ist8310_init)
    main                                     0x080042d9   Thumb Code    92  main.o(i.main)
    mpu_device_init                          0x08004335   Thumb Code    90  bsp_imu.o(i.mpu_device_init)
    mpu_get_data                             0x08004399   Thumb Code   234  bsp_imu.o(i.mpu_get_data)
    mpu_offset_call                          0x08004529   Thumb Code   162  bsp_imu.o(i.mpu_offset_call)
    mpu_read_byte                            0x080045d1   Thumb Code    68  bsp_imu.o(i.mpu_read_byte)
    mpu_read_bytes                           0x08004621   Thumb Code    80  bsp_imu.o(i.mpu_read_bytes)
    mpu_set_accel_fsr                        0x0800467d   Thumb Code    10  bsp_imu.o(i.mpu_set_accel_fsr)
    mpu_set_gyro_fsr                         0x08004687   Thumb Code    10  bsp_imu.o(i.mpu_set_gyro_fsr)
    mpu_write_byte                           0x08004691   Thumb Code    72  bsp_imu.o(i.mpu_write_byte)
    osDelay                                  0x080046e5   Thumb Code    26  cmsis_os2.o(i.osDelay)
    osKernelInitialize                       0x08004701   Thumb Code    32  cmsis_os2.o(i.osKernelInitialize)
    osKernelStart                            0x08004725   Thumb Code    48  cmsis_os2.o(i.osKernelStart)
    osThreadNew                              0x0800475d   Thumb Code   138  cmsis_os2.o(i.osThreadNew)
    pvPortMalloc                             0x08004f7d   Thumb Code   216  heap_4.o(i.pvPortMalloc)
    pxPortInitialiseStack                    0x08005059   Thumb Code    40  port.o(i.pxPortInitialiseStack)
    uxListRemove                             0x08005085   Thumb Code    38  list.o(i.uxListRemove)
    vApplicationGetIdleTaskMemory            0x080050ad   Thumb Code    16  cmsis_os2.o(i.vApplicationGetIdleTaskMemory)
    vApplicationGetTimerTaskMemory           0x080050c1   Thumb Code    18  cmsis_os2.o(i.vApplicationGetTimerTaskMemory)
    vListInitialise                          0x080050d9   Thumb Code    22  list.o(i.vListInitialise)
    vListInitialiseItem                      0x080050ef   Thumb Code     6  list.o(i.vListInitialiseItem)
    vListInsert                              0x080050f5   Thumb Code    48  list.o(i.vListInsert)
    vListInsertEnd                           0x08005125   Thumb Code    24  list.o(i.vListInsertEnd)
    vPortEnterCritical                       0x0800513d   Thumb Code    54  port.o(i.vPortEnterCritical)
    vPortExitCritical                        0x0800517d   Thumb Code    34  port.o(i.vPortExitCritical)
    vPortFree                                0x080051a5   Thumb Code    94  heap_4.o(i.vPortFree)
    vPortSetupTimerInterrupt                 0x08005209   Thumb Code    32  port.o(i.vPortSetupTimerInterrupt)
    vPortValidateInterruptPriority           0x0800522d   Thumb Code    74  port.o(i.vPortValidateInterruptPriority)
    vQueueAddToRegistry                      0x08005281   Thumb Code    34  queue.o(i.vQueueAddToRegistry)
    vQueueWaitForMessageRestricted           0x080052a9   Thumb Code    68  queue.o(i.vQueueWaitForMessageRestricted)
    vTaskDelay                               0x080052ed   Thumb Code    66  tasks.o(i.vTaskDelay)
    vTaskInternalSetTimeOutState             0x08005339   Thumb Code    12  tasks.o(i.vTaskInternalSetTimeOutState)
    vTaskMissedYield                         0x08005349   Thumb Code     8  tasks.o(i.vTaskMissedYield)
    vTaskPlaceOnEventList                    0x08005355   Thumb Code    44  tasks.o(i.vTaskPlaceOnEventList)
    vTaskPlaceOnEventListRestricted          0x08005385   Thumb Code    52  tasks.o(i.vTaskPlaceOnEventListRestricted)
    vTaskStartScheduler                      0x080053bd   Thumb Code   118  tasks.o(i.vTaskStartScheduler)
    vTaskSuspendAll                          0x08005445   Thumb Code    10  tasks.o(i.vTaskSuspendAll)
    vTaskSwitchContext                       0x08005455   Thumb Code    90  tasks.o(i.vTaskSwitchContext)
    xPortStartScheduler                      0x080054b9   Thumb Code   222  port.o(i.xPortStartScheduler)
    xPortSysTickHandler                      0x080055ad   Thumb Code    38  port.o(i.xPortSysTickHandler)
    xQueueGenericCreateStatic                0x080055d9   Thumb Code   102  queue.o(i.xQueueGenericCreateStatic)
    xQueueGenericReset                       0x08005641   Thumb Code   132  queue.o(i.xQueueGenericReset)
    xQueueGenericSend                        0x080056c9   Thumb Code   346  queue.o(i.xQueueGenericSend)
    xQueueGenericSendFromISR                 0x08005829   Thumb Code   190  queue.o(i.xQueueGenericSendFromISR)
    xQueueReceive                            0x080058e9   Thumb Code   308  queue.o(i.xQueueReceive)
    xTaskCheckForTimeOut                     0x08005a21   Thumb Code   112  tasks.o(i.xTaskCheckForTimeOut)
    xTaskCreate                              0x08005a95   Thumb Code    90  tasks.o(i.xTaskCreate)
    xTaskCreateStatic                        0x08005aef   Thumb Code    86  tasks.o(i.xTaskCreateStatic)
    xTaskGetSchedulerState                   0x08005b45   Thumb Code    22  tasks.o(i.xTaskGetSchedulerState)
    xTaskGetTickCount                        0x08005b61   Thumb Code     6  tasks.o(i.xTaskGetTickCount)
    xTaskIncrementTick                       0x08005b6d   Thumb Code   192  tasks.o(i.xTaskIncrementTick)
    xTaskPriorityDisinherit                  0x08005c35   Thumb Code   118  tasks.o(i.xTaskPriorityDisinherit)
    xTaskRemoveFromEventList                 0x08005cb5   Thumb Code    98  tasks.o(i.xTaskRemoveFromEventList)
    xTaskResumeAll                           0x08005d25   Thumb Code   182  tasks.o(i.xTaskResumeAll)
    xTimerCreateTimerTask                    0x08005de9   Thumb Code    78  timers.o(i.xTimerCreateTimerTask)
    xTimerGenericCommand                     0x08005e49   Thumb Code    98  timers.o(i.xTimerGenericCommand)
    __aeabi_dneg                             0x08005eb1   Thumb Code     0  basic.o(x$fpl$basic)
    _dneg                                    0x08005eb1   Thumb Code     6  basic.o(x$fpl$basic)
    __aeabi_fneg                             0x08005eb7   Thumb Code     0  basic.o(x$fpl$basic)
    _fneg                                    0x08005eb7   Thumb Code     6  basic.o(x$fpl$basic)
    _dabs                                    0x08005ebd   Thumb Code     6  basic.o(x$fpl$basic)
    _fabs                                    0x08005ec3   Thumb Code     6  basic.o(x$fpl$basic)
    __aeabi_dadd                             0x08005ec9   Thumb Code     0  daddsub_clz.o(x$fpl$dadd)
    _dadd                                    0x08005ec9   Thumb Code   332  daddsub_clz.o(x$fpl$dadd)
    __fpl_dcmp_Inf                           0x08006019   Thumb Code    24  dcmpi.o(x$fpl$dcmpinf)
    __aeabi_ddiv                             0x08006031   Thumb Code     0  ddiv.o(x$fpl$ddiv)
    _ddiv                                    0x08006031   Thumb Code   552  ddiv.o(x$fpl$ddiv)
    __aeabi_d2iz                             0x080062e1   Thumb Code     0  dfix.o(x$fpl$dfix)
    _dfix                                    0x080062e1   Thumb Code    94  dfix.o(x$fpl$dfix)
    __aeabi_i2d                              0x0800633f   Thumb Code     0  dflt_clz.o(x$fpl$dflt)
    _dflt                                    0x0800633f   Thumb Code    46  dflt_clz.o(x$fpl$dflt)
    __aeabi_ui2d                             0x0800636d   Thumb Code     0  dflt_clz.o(x$fpl$dfltu)
    _dfltu                                   0x0800636d   Thumb Code    38  dflt_clz.o(x$fpl$dfltu)
    __aeabi_cdcmple                          0x08006395   Thumb Code     0  dleqf.o(x$fpl$dleqf)
    _dcmple                                  0x08006395   Thumb Code   120  dleqf.o(x$fpl$dleqf)
    __fpl_dcmple_InfNaN                      0x080063f7   Thumb Code     0  dleqf.o(x$fpl$dleqf)
    __aeabi_dmul                             0x0800640d   Thumb Code     0  dmul.o(x$fpl$dmul)
    _dmul                                    0x0800640d   Thumb Code   332  dmul.o(x$fpl$dmul)
    __fpl_dnaninf                            0x08006561   Thumb Code   156  dnaninf.o(x$fpl$dnaninf)
    __fpl_dretinf                            0x080065fd   Thumb Code    12  dretinf.o(x$fpl$dretinf)
    __aeabi_cdrcmple                         0x08006609   Thumb Code     0  drleqf.o(x$fpl$drleqf)
    _drcmple                                 0x08006609   Thumb Code   108  drleqf.o(x$fpl$drleqf)
    __aeabi_drsub                            0x08006675   Thumb Code     0  daddsub_clz.o(x$fpl$drsb)
    _drsb                                    0x08006675   Thumb Code    22  daddsub_clz.o(x$fpl$drsb)
    __aeabi_dsub                             0x0800668d   Thumb Code     0  daddsub_clz.o(x$fpl$dsub)
    _dsub                                    0x0800668d   Thumb Code   464  daddsub_clz.o(x$fpl$dsub)
    _fp_init                                 0x08006861   Thumb Code    10  fpinit.o(x$fpl$fpinit)
    __fplib_config_fpu_vfp                   0x08006869   Thumb Code     0  fpinit.o(x$fpl$fpinit)
    __fplib_config_pureend_doubles           0x08006869   Thumb Code     0  fpinit.o(x$fpl$fpinit)
    __I$use$fp                               0x0800686a   Number         0  usenofp.o(x$fpl$usenofp)
    defaultTask_attributes                   0x0800686c   Data          36  freertos.o(.constdata)
    Underpan_attributes                      0x08006890   Data          36  freertos.o(.constdata)
    AHBPrescTable                            0x080068bc   Data          16  system_stm32f4xx.o(.constdata)
    APBPrescTable                            0x080068cc   Data           8  system_stm32f4xx.o(.constdata)
    Region$$Table$$Base                      0x08006a20   Number         0  anon$$obj.o(Region$$Table)
    Region$$Table$$Limit                     0x08006a40   Number         0  anon$$obj.o(Region$$Table)
    defaultTaskHandle                        0x20000000   Data           4  freertos.o(.data)
    UnderpanHandle                           0x20000004   Data           4  freertos.o(.data)
    uwTickFreq                               0x2000000c   Data           1  stm32f4xx_hal.o(.data)
    uwTickPrio                               0x20000010   Data           4  stm32f4xx_hal.o(.data)
    uwTick                                   0x20000014   Data           4  stm32f4xx_hal.o(.data)
    SystemCoreClock                          0x20000018   Data           4  system_stm32f4xx.o(.data)
    pxCurrentTCB                             0x2000001c   Data           4  tasks.o(.data)
    ZeroAnglePoint                           0x200000a0   Data           2  underpan.o(.data)
    revove_speed                             0x200000a2   Data           2  underpan.o(.data)
    max_speed                                0x200000a4   Data           2  underpan.o(.data)
    deviation_angle                          0x200000a8   Data           8  underpan.o(.data)
    id                                       0x200000b2   Data           1  bsp_imu.o(.data)
    q0                                       0x200000b4   Data           4  bsp_imu.o(.data)
    q1                                       0x200000b8   Data           4  bsp_imu.o(.data)
    q2                                       0x200000bc   Data           4  bsp_imu.o(.data)
    q3                                       0x200000c0   Data           4  bsp_imu.o(.data)
    exInt                                    0x200000c4   Data           4  bsp_imu.o(.data)
    eyInt                                    0x200000c8   Data           4  bsp_imu.o(.data)
    ezInt                                    0x200000cc   Data           4  bsp_imu.o(.data)
    last_update                              0x200000f4   Data           4  bsp_imu.o(.data)
    now_update                               0x200000f8   Data           4  bsp_imu.o(.data)
    ist_buff                                 0x200000fc   Data           6  bsp_imu.o(.data)
    hcan1                                    0x20000110   Data          40  can.o(.bss)
    hcan2                                    0x20000138   Data          40  can.o(.bss)
    hspi5                                    0x20000160   Data          88  spi.o(.bss)
    huart1                                   0x200001b8   Data          72  usart.o(.bss)
    huart3                                   0x20000200   Data          72  usart.o(.bss)
    hdma_usart1_rx                           0x20000248   Data          96  usart.o(.bss)
    hdma_usart3_rx                           0x200002a8   Data          96  usart.o(.bss)
    htim14                                   0x20000308   Data          72  stm32f4xx_hal_timebase_tim.o(.bss)
    xQueueRegistry                           0x20000350   Data          64  queue.o(.bss)
    sbus_rx_buffer                           0x20004eac   Data          36  rc.o(.bss)
    can2_6020_msg                            0x20004ee4   Data          36  underpan.o(.bss)
    imu                                      0x20004f08   Data          52  bsp_imu.o(.bss)
    mpu_buff                                 0x20004f3c   Data          14  bsp_imu.o(.bss)
    mpu_data                                 0x20004f4a   Data          32  bsp_imu.o(.bss)
    __libspace_start                         0x20004f6c   Data          96  libspace.o(.bss)
    __temporary_stack_top$libspace           0x20004fcc   Data           0  libspace.o(.bss)



==============================================================================

Memory Map of the image

  Image Entry point : 0x080001ad

  Load Region LR_IROM1 (Base: 0x08000000, Size: 0x00006b50, Max: 0x00200000, ABSOLUTE)

    Execution Region ER_IROM1 (Exec base: 0x08000000, Load base: 0x08000000, Size: 0x00006a40, Max: 0x00200000, ABSOLUTE)

    Exec Addr    Load Addr    Size         Type   Attr      Idx    E Section Name        Object

    0x08000000   0x08000000   0x000001ac   Data   RO            3    RESET               startup_stm32f427xx.o
    0x080001ac   0x080001ac   0x00000008   Code   RO         6035  * !!!main             c_w.l(__main.o)
    0x080001b4   0x080001b4   0x00000034   Code   RO         6373    !!!scatter          c_w.l(__scatter.o)
    0x080001e8   0x080001e8   0x0000001a   Code   RO         6375    !!handler_copy      c_w.l(__scatter_copy.o)
    0x08000202   0x08000202   0x00000002   PAD
    0x08000204   0x08000204   0x0000001c   Code   RO         6377    !!handler_zi        c_w.l(__scatter_zi.o)
    0x08000220   0x08000220   0x00000002   Code   RO         6244    .ARM.Collect$$libinit$$00000000  c_w.l(libinit.o)
    0x08000222   0x08000222   0x00000004   Code   RO         6253    .ARM.Collect$$libinit$$00000001  c_w.l(libinit2.o)
    0x08000226   0x08000226   0x00000000   Code   RO         6256    .ARM.Collect$$libinit$$00000004  c_w.l(libinit2.o)
    0x08000226   0x08000226   0x00000000   Code   RO         6259    .ARM.Collect$$libinit$$0000000A  c_w.l(libinit2.o)
    0x08000226   0x08000226   0x00000000   Code   RO         6261    .ARM.Collect$$libinit$$0000000C  c_w.l(libinit2.o)
    0x08000226   0x08000226   0x00000000   Code   RO         6263    .ARM.Collect$$libinit$$0000000E  c_w.l(libinit2.o)
    0x08000226   0x08000226   0x00000000   Code   RO         6266    .ARM.Collect$$libinit$$00000011  c_w.l(libinit2.o)
    0x08000226   0x08000226   0x00000000   Code   RO         6268    .ARM.Collect$$libinit$$00000013  c_w.l(libinit2.o)
    0x08000226   0x08000226   0x00000000   Code   RO         6270    .ARM.Collect$$libinit$$00000015  c_w.l(libinit2.o)
    0x08000226   0x08000226   0x00000000   Code   RO         6272    .ARM.Collect$$libinit$$00000017  c_w.l(libinit2.o)
    0x08000226   0x08000226   0x00000000   Code   RO         6274    .ARM.Collect$$libinit$$00000019  c_w.l(libinit2.o)
    0x08000226   0x08000226   0x00000000   Code   RO         6276    .ARM.Collect$$libinit$$0000001B  c_w.l(libinit2.o)
    0x08000226   0x08000226   0x00000000   Code   RO         6278    .ARM.Collect$$libinit$$0000001D  c_w.l(libinit2.o)
    0x08000226   0x08000226   0x00000000   Code   RO         6280    .ARM.Collect$$libinit$$0000001F  c_w.l(libinit2.o)
    0x08000226   0x08000226   0x00000000   Code   RO         6282    .ARM.Collect$$libinit$$00000021  c_w.l(libinit2.o)
    0x08000226   0x08000226   0x00000000   Code   RO         6284    .ARM.Collect$$libinit$$00000023  c_w.l(libinit2.o)
    0x08000226   0x08000226   0x00000000   Code   RO         6286    .ARM.Collect$$libinit$$00000025  c_w.l(libinit2.o)
    0x08000226   0x08000226   0x00000000   Code   RO         6290    .ARM.Collect$$libinit$$0000002C  c_w.l(libinit2.o)
    0x08000226   0x08000226   0x00000000   Code   RO         6292    .ARM.Collect$$libinit$$0000002E  c_w.l(libinit2.o)
    0x08000226   0x08000226   0x00000000   Code   RO         6294    .ARM.Collect$$libinit$$00000030  c_w.l(libinit2.o)
    0x08000226   0x08000226   0x00000000   Code   RO         6296    .ARM.Collect$$libinit$$00000032  c_w.l(libinit2.o)
    0x08000226   0x08000226   0x00000002   Code   RO         6297    .ARM.Collect$$libinit$$00000033  c_w.l(libinit2.o)
    0x08000228   0x08000228   0x00000002   Code   RO         6328    .ARM.Collect$$libshutdown$$00000000  c_w.l(libshutdown.o)
    0x0800022a   0x0800022a   0x00000000   Code   RO         6354    .ARM.Collect$$libshutdown$$00000002  c_w.l(libshutdown2.o)
    0x0800022a   0x0800022a   0x00000000   Code   RO         6356    .ARM.Collect$$libshutdown$$00000004  c_w.l(libshutdown2.o)
    0x0800022a   0x0800022a   0x00000000   Code   RO         6358    .ARM.Collect$$libshutdown$$00000006  c_w.l(libshutdown2.o)
    0x0800022a   0x0800022a   0x00000000   Code   RO         6361    .ARM.Collect$$libshutdown$$00000009  c_w.l(libshutdown2.o)
    0x0800022a   0x0800022a   0x00000000   Code   RO         6364    .ARM.Collect$$libshutdown$$0000000C  c_w.l(libshutdown2.o)
    0x0800022a   0x0800022a   0x00000000   Code   RO         6366    .ARM.Collect$$libshutdown$$0000000E  c_w.l(libshutdown2.o)
    0x0800022a   0x0800022a   0x00000000   Code   RO         6369    .ARM.Collect$$libshutdown$$00000011  c_w.l(libshutdown2.o)
    0x0800022a   0x0800022a   0x00000002   Code   RO         6370    .ARM.Collect$$libshutdown$$00000012  c_w.l(libshutdown2.o)
    0x0800022c   0x0800022c   0x00000000   Code   RO         6129    .ARM.Collect$$rtentry$$00000000  c_w.l(__rtentry.o)
    0x0800022c   0x0800022c   0x00000000   Code   RO         6205    .ARM.Collect$$rtentry$$00000002  c_w.l(__rtentry2.o)
    0x0800022c   0x0800022c   0x00000006   Code   RO         6217    .ARM.Collect$$rtentry$$00000004  c_w.l(__rtentry4.o)
    0x08000232   0x08000232   0x00000000   Code   RO         6207    .ARM.Collect$$rtentry$$00000009  c_w.l(__rtentry2.o)
    0x08000232   0x08000232   0x00000004   Code   RO         6208    .ARM.Collect$$rtentry$$0000000A  c_w.l(__rtentry2.o)
    0x08000236   0x08000236   0x00000000   Code   RO         6210    .ARM.Collect$$rtentry$$0000000C  c_w.l(__rtentry2.o)
    0x08000236   0x08000236   0x00000008   Code   RO         6211    .ARM.Collect$$rtentry$$0000000D  c_w.l(__rtentry2.o)
    0x0800023e   0x0800023e   0x00000002   Code   RO         6245    .ARM.Collect$$rtexit$$00000000  c_w.l(rtexit.o)
    0x08000240   0x08000240   0x00000000   Code   RO         6301    .ARM.Collect$$rtexit$$00000002  c_w.l(rtexit2.o)
    0x08000240   0x08000240   0x00000004   Code   RO         6302    .ARM.Collect$$rtexit$$00000003  c_w.l(rtexit2.o)
    0x08000244   0x08000244   0x00000006   Code   RO         6303    .ARM.Collect$$rtexit$$00000004  c_w.l(rtexit2.o)
    0x0800024a   0x0800024a   0x00000002   PAD
    0x0800024c   0x0800024c   0x000000be   Code   RO         5480    .emb_text           port.o
    0x0800030a   0x0800030a   0x00000002   PAD
    0x0800030c   0x0800030c   0x00000040   Code   RO            4    .text               startup_stm32f427xx.o
    0x0800034c   0x0800034c   0x000000ee   Code   RO         6019    .text               c_w.l(lludivv7m.o)
    0x0800043a   0x0800043a   0x0000008a   Code   RO         6021    .text               c_w.l(rt_memcpy_v6.o)
    0x080004c4   0x080004c4   0x00000064   Code   RO         6023    .text               c_w.l(rt_memcpy_w.o)
    0x08000528   0x08000528   0x00000010   Code   RO         6027    .text               c_w.l(aeabi_memset.o)
    0x08000538   0x08000538   0x00000044   Code   RO         6029    .text               c_w.l(rt_memclr.o)
    0x0800057c   0x0800057c   0x0000004e   Code   RO         6031    .text               c_w.l(rt_memclr_w.o)
    0x080005ca   0x080005ca   0x00000006   Code   RO         6033    .text               c_w.l(heapauxi.o)
    0x080005d0   0x080005d0   0x00000016   Code   RO         6134    .text               c_w.l(_rserrno.o)
    0x080005e6   0x080005e6   0x00000002   PAD
    0x080005e8   0x080005e8   0x00000008   Code   RO         6224    .text               c_w.l(rt_errno_addr_intlibspace.o)
    0x080005f0   0x080005f0   0x00000008   Code   RO         6228    .text               c_w.l(libspace.o)
    0x080005f8   0x080005f8   0x0000004a   Code   RO         6231    .text               c_w.l(sys_stackheap_outer.o)
    0x08000642   0x08000642   0x00000012   Code   RO         6233    .text               c_w.l(exit.o)
    0x08000654   0x08000654   0x0000000c   Code   RO         6298    .text               c_w.l(sys_exit.o)
    0x08000660   0x08000660   0x00000002   Code   RO         6317    .text               c_w.l(use_no_semi.o)
    0x08000662   0x08000662   0x00000000   Code   RO         6319    .text               c_w.l(indicate_semi.o)
    0x08000662   0x08000662   0x00000002   Code   RO          471    i.BusFault_Handler  stm32f4xx_it.o
    0x08000664   0x08000664   0x00000058   Code   RO         5560    i.CAN1_BusStart     canbus.o
    0x080006bc   0x080006bc   0x00000040   Code   RO         5563    i.CAN1_Send         canbus.o
    0x080006fc   0x080006fc   0x00000058   Code   RO         5564    i.CAN2_BusStart     canbus.o
    0x08000754   0x08000754   0x00000034   Code   RO         5565    i.CAN2_FindLatestById  canbus.o
    0x08000788   0x08000788   0x0000000c   Code   RO          472    i.CAN2_RX0_IRQHandler  stm32f4xx_it.o
    0x08000794   0x08000794   0x0000000c   Code   RO          473    i.CAN2_SCE_IRQHandler  stm32f4xx_it.o
    0x080007a0   0x080007a0   0x0000000c   Code   RO          474    i.CAN2_TX_IRQHandler  stm32f4xx_it.o
    0x080007ac   0x080007ac   0x0000000e   Code   RO         5568    i.CAN_RxLatestClear  canbus.o
    0x080007ba   0x080007ba   0x00000002   PAD
    0x080007bc   0x080007bc   0x00000030   Code   RO         5569    i.CAN_RxLatestFindIndex  canbus.o
    0x080007ec   0x080007ec   0x00000078   Code   RO         5570    i.CAN_RxLatestStore  canbus.o
    0x08000864   0x08000864   0x0000000c   Code   RO          475    i.DMA1_Stream1_IRQHandler  stm32f4xx_it.o
    0x08000870   0x08000870   0x0000000c   Code   RO          476    i.DMA2_Stream2_IRQHandler  stm32f4xx_it.o
    0x0800087c   0x0800087c   0x00000028   Code   RO         2358    i.DMA_CalcBaseAndBitshift  stm32f4xx_hal_dma.o
    0x080008a4   0x080008a4   0x00000054   Code   RO         2359    i.DMA_CheckFifoParam  stm32f4xx_hal_dma.o
    0x080008f8   0x080008f8   0x00000028   Code   RO         2360    i.DMA_SetConfig     stm32f4xx_hal_dma.o
    0x08000920   0x08000920   0x00000002   Code   RO          477    i.DebugMon_Handler  stm32f4xx_it.o
    0x08000922   0x08000922   0x00000004   Code   RO           13    i.Error_Handler     main.o
    0x08000926   0x08000926   0x00000002   PAD
    0x08000928   0x08000928   0x000001a8   Code   RO         5746    i.GetUnderpanWheelSpeed  underpan.o
    0x08000ad0   0x08000ad0   0x00000024   Code   RO         1614    i.HAL_CAN_ActivateNotification  stm32f4xx_hal_can.o
    0x08000af4   0x08000af4   0x000000d0   Code   RO         1615    i.HAL_CAN_AddTxMessage  stm32f4xx_hal_can.o
    0x08000bc4   0x08000bc4   0x0000010c   Code   RO         1616    i.HAL_CAN_ConfigFilter  stm32f4xx_hal_can.o
    0x08000cd0   0x08000cd0   0x00000002   Code   RO         1619    i.HAL_CAN_ErrorCallback  stm32f4xx_hal_can.o
    0x08000cd2   0x08000cd2   0x00000002   PAD
    0x08000cd4   0x08000cd4   0x00000022   Code   RO         1621    i.HAL_CAN_GetRxFifoFillLevel  stm32f4xx_hal_can.o
    0x08000cf6   0x08000cf6   0x000000f4   Code   RO         1622    i.HAL_CAN_GetRxMessage  stm32f4xx_hal_can.o
    0x08000dea   0x08000dea   0x000001fc   Code   RO         1626    i.HAL_CAN_IRQHandler  stm32f4xx_hal_can.o
    0x08000fe6   0x08000fe6   0x0000011a   Code   RO         1627    i.HAL_CAN_Init      stm32f4xx_hal_can.o
    0x08001100   0x08001100   0x00000140   Code   RO          309    i.HAL_CAN_MspInit   can.o
    0x08001240   0x08001240   0x00000002   Code   RO         1634    i.HAL_CAN_RxFifo0FullCallback  stm32f4xx_hal_can.o
    0x08001242   0x08001242   0x00000002   PAD
    0x08001244   0x08001244   0x00000058   Code   RO         5571    i.HAL_CAN_RxFifo0MsgPendingCallback  canbus.o
    0x0800129c   0x0800129c   0x00000002   Code   RO         1636    i.HAL_CAN_RxFifo1FullCallback  stm32f4xx_hal_can.o
    0x0800129e   0x0800129e   0x00000002   Code   RO         1637    i.HAL_CAN_RxFifo1MsgPendingCallback  stm32f4xx_hal_can.o
    0x080012a0   0x080012a0   0x00000002   Code   RO         1638    i.HAL_CAN_SleepCallback  stm32f4xx_hal_can.o
    0x080012a2   0x080012a2   0x00000002   PAD
    0x080012a4   0x080012a4   0x00000058   Code   RO         1639    i.HAL_CAN_Start     stm32f4xx_hal_can.o
    0x080012fc   0x080012fc   0x00000002   Code   RO         1641    i.HAL_CAN_TxMailbox0AbortCallback  stm32f4xx_hal_can.o
    0x080012fe   0x080012fe   0x00000002   Code   RO         1642    i.HAL_CAN_TxMailbox0CompleteCallback  stm32f4xx_hal_can.o
    0x08001300   0x08001300   0x00000002   Code   RO         1643    i.HAL_CAN_TxMailbox1AbortCallback  stm32f4xx_hal_can.o
    0x08001302   0x08001302   0x00000002   Code   RO         1644    i.HAL_CAN_TxMailbox1CompleteCallback  stm32f4xx_hal_can.o
    0x08001304   0x08001304   0x00000002   Code   RO         1645    i.HAL_CAN_TxMailbox2AbortCallback  stm32f4xx_hal_can.o
    0x08001306   0x08001306   0x00000002   Code   RO         1646    i.HAL_CAN_TxMailbox2CompleteCallback  stm32f4xx_hal_can.o
    0x08001308   0x08001308   0x00000002   Code   RO         1648    i.HAL_CAN_WakeUpFromRxMsgCallback  stm32f4xx_hal_can.o
    0x0800130a   0x0800130a   0x00000092   Code   RO         2361    i.HAL_DMA_Abort     stm32f4xx_hal_dma.o
    0x0800139c   0x0800139c   0x00000024   Code   RO         2362    i.HAL_DMA_Abort_IT  stm32f4xx_hal_dma.o
    0x080013c0   0x080013c0   0x000001a0   Code   RO         2366    i.HAL_DMA_IRQHandler  stm32f4xx_hal_dma.o
    0x08001560   0x08001560   0x000000d4   Code   RO         2367    i.HAL_DMA_Init      stm32f4xx_hal_dma.o
    0x08001634   0x08001634   0x0000006e   Code   RO         2371    i.HAL_DMA_Start_IT  stm32f4xx_hal_dma.o
    0x080016a2   0x080016a2   0x00000002   PAD
    0x080016a4   0x080016a4   0x00000024   Code   RO         2816    i.HAL_Delay         stm32f4xx_hal.o
    0x080016c8   0x080016c8   0x00000234   Code   RO         2254    i.HAL_GPIO_Init     stm32f4xx_hal_gpio.o
    0x080018fc   0x080018fc   0x0000000a   Code   RO         2258    i.HAL_GPIO_WritePin  stm32f4xx_hal_gpio.o
    0x08001906   0x08001906   0x00000002   PAD
    0x08001908   0x08001908   0x0000000c   Code   RO         2824    i.HAL_GetTick       stm32f4xx_hal.o
    0x08001914   0x08001914   0x00000010   Code   RO         2830    i.HAL_IncTick       stm32f4xx_hal.o
    0x08001924   0x08001924   0x00000034   Code   RO         2831    i.HAL_Init          stm32f4xx_hal.o
    0x08001958   0x08001958   0x00000098   Code   RO          601    i.HAL_InitTick      stm32f4xx_hal_timebase_tim.o
    0x080019f0   0x080019f0   0x00000038   Code   RO          577    i.HAL_MspInit       stm32f4xx_hal_msp.o
    0x08001a28   0x08001a28   0x0000001a   Code   RO         2664    i.HAL_NVIC_EnableIRQ  stm32f4xx_hal_cortex.o
    0x08001a42   0x08001a42   0x00000002   PAD
    0x08001a44   0x08001a44   0x00000040   Code   RO         2670    i.HAL_NVIC_SetPriority  stm32f4xx_hal_cortex.o
    0x08001a84   0x08001a84   0x00000024   Code   RO         2671    i.HAL_NVIC_SetPriorityGrouping  stm32f4xx_hal_cortex.o
    0x08001aa8   0x08001aa8   0x00000070   Code   RO         2590    i.HAL_PWREx_EnableOverDrive  stm32f4xx_hal_pwr_ex.o
    0x08001b18   0x08001b18   0x00000134   Code   RO         1848    i.HAL_RCC_ClockConfig  stm32f4xx_hal_rcc.o
    0x08001c4c   0x08001c4c   0x00000040   Code   RO         1852    i.HAL_RCC_GetClockConfig  stm32f4xx_hal_rcc.o
    0x08001c8c   0x08001c8c   0x00000020   Code   RO         1855    i.HAL_RCC_GetPCLK1Freq  stm32f4xx_hal_rcc.o
    0x08001cac   0x08001cac   0x00000020   Code   RO         1856    i.HAL_RCC_GetPCLK2Freq  stm32f4xx_hal_rcc.o
    0x08001ccc   0x08001ccc   0x00000064   Code   RO         1857    i.HAL_RCC_GetSysClockFreq  stm32f4xx_hal_rcc.o
    0x08001d30   0x08001d30   0x0000036c   Code   RO         1860    i.HAL_RCC_OscConfig  stm32f4xx_hal_rcc.o
    0x0800209c   0x0800209c   0x000000bc   Code   RO         3090    i.HAL_SPI_Init      stm32f4xx_hal_spi.o
    0x08002158   0x08002158   0x0000006c   Code   RO          382    i.HAL_SPI_MspInit   spi.o
    0x080021c4   0x080021c4   0x000001f0   Code   RO         3099    i.HAL_SPI_TransmitReceive  stm32f4xx_hal_spi.o
    0x080023b4   0x080023b4   0x00000002   Code   RO         1346    i.HAL_TIMEx_BreakCallback  stm32f4xx_hal_tim_ex.o
    0x080023b6   0x080023b6   0x00000002   Code   RO         1347    i.HAL_TIMEx_CommutCallback  stm32f4xx_hal_tim_ex.o
    0x080023b8   0x080023b8   0x0000005a   Code   RO          642    i.HAL_TIM_Base_Init  stm32f4xx_hal_tim.o
    0x08002412   0x08002412   0x00000002   Code   RO          644    i.HAL_TIM_Base_MspInit  stm32f4xx_hal_tim.o
    0x08002414   0x08002414   0x00000080   Code   RO          647    i.HAL_TIM_Base_Start_IT  stm32f4xx_hal_tim.o
    0x08002494   0x08002494   0x00000002   Code   RO          676    i.HAL_TIM_IC_CaptureCallback  stm32f4xx_hal_tim.o
    0x08002496   0x08002496   0x00000130   Code   RO          690    i.HAL_TIM_IRQHandler  stm32f4xx_hal_tim.o
    0x080025c6   0x080025c6   0x00000002   Code   RO          693    i.HAL_TIM_OC_DelayElapsedCallback  stm32f4xx_hal_tim.o
    0x080025c8   0x080025c8   0x00000002   Code   RO          720    i.HAL_TIM_PWM_PulseFinishedCallback  stm32f4xx_hal_tim.o
    0x080025ca   0x080025ca   0x00000002   PAD
    0x080025cc   0x080025cc   0x00000014   Code   RO           14    i.HAL_TIM_PeriodElapsedCallback  main.o
    0x080025e0   0x080025e0   0x00000002   Code   RO          733    i.HAL_TIM_TriggerCallback  stm32f4xx_hal_tim.o
    0x080025e2   0x080025e2   0x0000004a   Code   RO         3411    i.HAL_UARTEx_ReceiveToIdle_DMA  stm32f4xx_hal_uart.o
    0x0800262c   0x0800262c   0x00000060   Code   RO         5669    i.HAL_UARTEx_RxEventCallback  rc.o
    0x0800268c   0x0800268c   0x00000002   Code   RO         3427    i.HAL_UART_ErrorCallback  stm32f4xx_hal_uart.o
    0x0800268e   0x0800268e   0x00000002   PAD
    0x08002690   0x08002690   0x00000280   Code   RO         3430    i.HAL_UART_IRQHandler  stm32f4xx_hal_uart.o
    0x08002910   0x08002910   0x00000064   Code   RO         3431    i.HAL_UART_Init     stm32f4xx_hal_uart.o
    0x08002974   0x08002974   0x00000140   Code   RO          424    i.HAL_UART_MspInit  usart.o
    0x08002ab4   0x08002ab4   0x00000002   Code   RO         3437    i.HAL_UART_RxCpltCallback  stm32f4xx_hal_uart.o
    0x08002ab6   0x08002ab6   0x00000002   Code   RO         3438    i.HAL_UART_RxHalfCpltCallback  stm32f4xx_hal_uart.o
    0x08002ab8   0x08002ab8   0x00000002   Code   RO         3442    i.HAL_UART_TxCpltCallback  stm32f4xx_hal_uart.o
    0x08002aba   0x08002aba   0x00000002   Code   RO          478    i.HardFault_Handler  stm32f4xx_it.o
    0x08002abc   0x08002abc   0x0000003c   Code   RO          310    i.MX_CAN1_Init      can.o
    0x08002af8   0x08002af8   0x0000003c   Code   RO          311    i.MX_CAN2_Init      can.o
    0x08002b34   0x08002b34   0x0000004c   Code   RO          357    i.MX_DMA_Init       dma.o
    0x08002b80   0x08002b80   0x00000030   Code   RO          259    i.MX_FREERTOS_Init  freertos.o
    0x08002bb0   0x08002bb0   0x0000009c   Code   RO          235    i.MX_GPIO_Init      gpio.o
    0x08002c4c   0x08002c4c   0x00000044   Code   RO          383    i.MX_SPI5_Init      spi.o
    0x08002c90   0x08002c90   0x00000038   Code   RO          425    i.MX_USART1_UART_Init  usart.o
    0x08002cc8   0x08002cc8   0x0000003c   Code   RO          426    i.MX_USART3_UART_Init  usart.o
    0x08002d04   0x08002d04   0x00000002   Code   RO          479    i.MemManage_Handler  stm32f4xx_it.o
    0x08002d06   0x08002d06   0x00000002   Code   RO          480    i.NMI_Handler       stm32f4xx_it.o
    0x08002d08   0x08002d08   0x00000008   Code   RO         5670    i.RC_GetData        rc.o
    0x08002d10   0x08002d10   0x00000048   Code   RO         5671    i.RC_Init           rc.o
    0x08002d58   0x08002d58   0x00000070   Code   RO         5672    i.RC_ProcessFrame   rc.o
    0x08002dc8   0x08002dc8   0x0000006c   Code   RO         3128    i.SPI_EndRxTxTransaction  stm32f4xx_hal_spi.o
    0x08002e34   0x08002e34   0x000000bc   Code   RO         3133    i.SPI_WaitFlagStateUntilTimeout  stm32f4xx_hal_spi.o
    0x08002ef0   0x08002ef0   0x00000008   Code   RO          260    i.StartDefaultTask  freertos.o
    0x08002ef8   0x08002ef8   0x000000c0   Code   RO         5747    i.StartUnderpan     underpan.o
    0x08002fb8   0x08002fb8   0x0000001a   Code   RO         4912    i.SysTick_Handler   cmsis_os2.o
    0x08002fd2   0x08002fd2   0x00000002   PAD
    0x08002fd4   0x08002fd4   0x0000009c   Code   RO           15    i.SystemClock_Config  main.o
    0x08003070   0x08003070   0x00000010   Code   RO         3765    i.SystemInit        system_stm32f4xx.o
    0x08003080   0x08003080   0x0000000c   Code   RO          481    i.TIM8_TRG_COM_TIM14_IRQHandler  stm32f4xx_it.o
    0x0800308c   0x0800308c   0x000000d0   Code   RO          735    i.TIM_Base_SetConfig  stm32f4xx_hal_tim.o
    0x0800315c   0x0800315c   0x0000000e   Code   RO         3444    i.UART_DMAAbortOnError  stm32f4xx_hal_uart.o
    0x0800316a   0x0800316a   0x0000004a   Code   RO         3445    i.UART_DMAError     stm32f4xx_hal_uart.o
    0x080031b4   0x080031b4   0x00000086   Code   RO         3446    i.UART_DMAReceiveCplt  stm32f4xx_hal_uart.o
    0x0800323a   0x0800323a   0x0000001e   Code   RO         3448    i.UART_DMARxHalfCplt  stm32f4xx_hal_uart.o
    0x08003258   0x08003258   0x0000004e   Code   RO         3454    i.UART_EndRxTransfer  stm32f4xx_hal_uart.o
    0x080032a6   0x080032a6   0x0000001c   Code   RO         3455    i.UART_EndTxTransfer  stm32f4xx_hal_uart.o
    0x080032c2   0x080032c2   0x000000c2   Code   RO         3456    i.UART_Receive_IT   stm32f4xx_hal_uart.o
    0x08003384   0x08003384   0x0000010c   Code   RO         3457    i.UART_SetConfig    stm32f4xx_hal_uart.o
    0x08003490   0x08003490   0x000000a0   Code   RO         3458    i.UART_Start_Receive_DMA  stm32f4xx_hal_uart.o
    0x08003530   0x08003530   0x0000000c   Code   RO          482    i.USART1_IRQHandler  stm32f4xx_it.o
    0x0800353c   0x0800353c   0x0000000c   Code   RO          483    i.USART3_IRQHandler  stm32f4xx_it.o
    0x08003548   0x08003548   0x00000002   Code   RO          484    i.UsageFault_Handler  stm32f4xx_it.o
    0x0800354a   0x0800354a   0x00000030   Code   RO         6188    i.__ARM_fpclassify  m_wm.l(fpclassify.o)
    0x0800357a   0x0800357a   0x00000020   Code   RO         2677    i.__NVIC_SetPriority  stm32f4xx_hal_cortex.o
    0x0800359a   0x0800359a   0x00000006   PAD
    0x080035a0   0x080035a0   0x000000c8   Code   RO         6087    i.__hardfp_cos      m_wm.l(cos.o)
    0x08003668   0x08003668   0x00000014   Code   RO         6099    i.__hardfp_fabs     m_wm.l(fabs.o)
    0x0800367c   0x0800367c   0x00000004   PAD
    0x08003680   0x08003680   0x000000c8   Code   RO         6105    i.__hardfp_sin      m_wm.l(sin.o)
    0x08003748   0x08003748   0x00000438   Code   RO         6193    i.__ieee754_rem_pio2  m_wm.l(rred.o)
    0x08003b80   0x08003b80   0x00000170   Code   RO         6171    i.__kernel_cos      m_wm.l(cos_i.o)
    0x08003cf0   0x08003cf0   0x000000f8   Code   RO         6190    i.__kernel_poly     m_wm.l(poly.o)
    0x08003de8   0x08003de8   0x00000130   Code   RO         6198    i.__kernel_sin      m_wm.l(sin_i.o)
    0x08003f18   0x08003f18   0x00000014   Code   RO         6175    i.__mathlib_dbl_infnan  m_wm.l(dunder.o)
    0x08003f2c   0x08003f2c   0x00000004   PAD
    0x08003f30   0x08003f30   0x00000020   Code   RO         6177    i.__mathlib_dbl_invalid  m_wm.l(dunder.o)
    0x08003f50   0x08003f50   0x00000020   Code   RO         6180    i.__mathlib_dbl_underflow  m_wm.l(dunder.o)
    0x08003f70   0x08003f70   0x00000018   Code   RO         6101    i.fabs              m_wm.l(fabs.o)
    0x08003f88   0x08003f88   0x000001cc   Code   RO         5782    i.init_quaternion   bsp_imu.o
    0x08004154   0x08004154   0x0000000a   Code   RO         5784    i.ist8310_get_data  bsp_imu.o
    0x0800415e   0x0800415e   0x00000100   Code   RO         5785    i.ist8310_init      bsp_imu.o
    0x0800425e   0x0800425e   0x00000038   Code   RO         5786    i.ist_reg_read_by_mpu  bsp_imu.o
    0x08004296   0x08004296   0x00000042   Code   RO         5787    i.ist_reg_write_by_mpu  bsp_imu.o
    0x080042d8   0x080042d8   0x0000005c   Code   RO           16    i.main              main.o
    0x08004334   0x08004334   0x00000064   Code   RO         5788    i.mpu_device_init   bsp_imu.o
    0x08004398   0x08004398   0x00000100   Code   RO         5789    i.mpu_get_data      bsp_imu.o
    0x08004498   0x08004498   0x0000008e   Code   RO         5790    i.mpu_master_i2c_auto_read_config  bsp_imu.o
    0x08004526   0x08004526   0x00000002   PAD
    0x08004528   0x08004528   0x000000a8   Code   RO         5791    i.mpu_offset_call   bsp_imu.o
    0x080045d0   0x080045d0   0x00000050   Code   RO         5792    i.mpu_read_byte     bsp_imu.o
    0x08004620   0x08004620   0x0000005c   Code   RO         5793    i.mpu_read_bytes    bsp_imu.o
    0x0800467c   0x0800467c   0x0000000a   Code   RO         5794    i.mpu_set_accel_fsr  bsp_imu.o
    0x08004686   0x08004686   0x0000000a   Code   RO         5795    i.mpu_set_gyro_fsr  bsp_imu.o
    0x08004690   0x08004690   0x00000054   Code   RO         5796    i.mpu_write_byte    bsp_imu.o
    0x080046e4   0x080046e4   0x0000001a   Code   RO         4914    i.osDelay           cmsis_os2.o
    0x080046fe   0x080046fe   0x00000002   PAD
    0x08004700   0x08004700   0x00000024   Code   RO         4928    i.osKernelInitialize  cmsis_os2.o
    0x08004724   0x08004724   0x00000038   Code   RO         4931    i.osKernelStart     cmsis_os2.o
    0x0800475c   0x0800475c   0x0000008a   Code   RO         4973    i.osThreadNew       cmsis_os2.o
    0x080047e6   0x080047e6   0x00000002   PAD
    0x080047e8   0x080047e8   0x0000005c   Code   RO         4373    i.prvAddCurrentTaskToDelayedList  tasks.o
    0x08004844   0x08004844   0x000000d0   Code   RO         4374    i.prvAddNewTaskToReadyList  tasks.o
    0x08004914   0x08004914   0x00000058   Code   RO         4738    i.prvCheckForValidListAndQueue  timers.o
    0x0800496c   0x0800496c   0x00000026   Code   RO         3970    i.prvCopyDataFromQueue  queue.o
    0x08004992   0x08004992   0x0000006c   Code   RO         3971    i.prvCopyDataToQueue  queue.o
    0x080049fe   0x080049fe   0x00000034   Code   RO         4375    i.prvDeleteTCB      tasks.o
    0x08004a32   0x08004a32   0x00000002   PAD
    0x08004a34   0x08004a34   0x0000004c   Code   RO         5425    i.prvHeapInit       heap_4.o
    0x08004a80   0x08004a80   0x00000060   Code   RO         4376    i.prvIdleTask       tasks.o
    0x08004ae0   0x08004ae0   0x00000022   Code   RO         3973    i.prvInitialiseNewQueue  queue.o
    0x08004b02   0x08004b02   0x00000002   PAD
    0x08004b04   0x08004b04   0x000000b0   Code   RO         4377    i.prvInitialiseNewTask  tasks.o
    0x08004bb4   0x08004bb4   0x0000004c   Code   RO         5426    i.prvInsertBlockIntoFreeList  heap_4.o
    0x08004c00   0x08004c00   0x00000038   Code   RO         4740    i.prvInsertTimerInActiveList  timers.o
    0x08004c38   0x08004c38   0x0000001c   Code   RO         3974    i.prvIsQueueEmpty   queue.o
    0x08004c54   0x08004c54   0x000000fc   Code   RO         4741    i.prvProcessReceivedCommands  timers.o
    0x08004d50   0x08004d50   0x000000c0   Code   RO         4742    i.prvProcessTimerOrBlockTask  timers.o
    0x08004e10   0x08004e10   0x00000020   Code   RO         4379    i.prvResetNextTaskUnblockTime  tasks.o
    0x08004e30   0x08004e30   0x00000028   Code   RO         4743    i.prvSampleTimeNow  timers.o
    0x08004e58   0x08004e58   0x0000006c   Code   RO         4744    i.prvSwitchTimerLists  timers.o
    0x08004ec4   0x08004ec4   0x00000028   Code   RO         5481    i.prvTaskExitError  port.o
    0x08004eec   0x08004eec   0x00000024   Code   RO         4745    i.prvTimerTask      timers.o
    0x08004f10   0x08004f10   0x0000006a   Code   RO         3975    i.prvUnlockQueue    queue.o
    0x08004f7a   0x08004f7a   0x00000002   PAD
    0x08004f7c   0x08004f7c   0x000000dc   Code   RO         5427    i.pvPortMalloc      heap_4.o
    0x08005058   0x08005058   0x0000002c   Code   RO         5482    i.pxPortInitialiseStack  port.o
    0x08005084   0x08005084   0x00000026   Code   RO         3930    i.uxListRemove      list.o
    0x080050aa   0x080050aa   0x00000002   PAD
    0x080050ac   0x080050ac   0x00000014   Code   RO         4985    i.vApplicationGetIdleTaskMemory  cmsis_os2.o
    0x080050c0   0x080050c0   0x00000018   Code   RO         4986    i.vApplicationGetTimerTaskMemory  cmsis_os2.o
    0x080050d8   0x080050d8   0x00000016   Code   RO         3931    i.vListInitialise   list.o
    0x080050ee   0x080050ee   0x00000006   Code   RO         3932    i.vListInitialiseItem  list.o
    0x080050f4   0x080050f4   0x00000030   Code   RO         3933    i.vListInsert       list.o
    0x08005124   0x08005124   0x00000018   Code   RO         3934    i.vListInsertEnd    list.o
    0x0800513c   0x0800513c   0x00000040   Code   RO         5484    i.vPortEnterCritical  port.o
    0x0800517c   0x0800517c   0x00000028   Code   RO         5485    i.vPortExitCritical  port.o
    0x080051a4   0x080051a4   0x00000064   Code   RO         5428    i.vPortFree         heap_4.o
    0x08005208   0x08005208   0x00000024   Code   RO         5486    i.vPortSetupTimerInterrupt  port.o
    0x0800522c   0x0800522c   0x00000054   Code   RO         5487    i.vPortValidateInterruptPriority  port.o
    0x08005280   0x08005280   0x00000028   Code   RO         3981    i.vQueueAddToRegistry  queue.o
    0x080052a8   0x080052a8   0x00000044   Code   RO         3985    i.vQueueWaitForMessageRestricted  queue.o
    0x080052ec   0x080052ec   0x0000004c   Code   RO         4392    i.vTaskDelay        tasks.o
    0x08005338   0x08005338   0x00000010   Code   RO         4397    i.vTaskInternalSetTimeOutState  tasks.o
    0x08005348   0x08005348   0x0000000c   Code   RO         4398    i.vTaskMissedYield  tasks.o
    0x08005354   0x08005354   0x00000030   Code   RO         4400    i.vTaskPlaceOnEventList  tasks.o
    0x08005384   0x08005384   0x00000038   Code   RO         4401    i.vTaskPlaceOnEventListRestricted  tasks.o
    0x080053bc   0x080053bc   0x00000088   Code   RO         4409    i.vTaskStartScheduler  tasks.o
    0x08005444   0x08005444   0x00000010   Code   RO         4411    i.vTaskSuspendAll   tasks.o
    0x08005454   0x08005454   0x00000064   Code   RO         4412    i.vTaskSwitchContext  tasks.o
    0x080054b8   0x080054b8   0x000000f4   Code   RO         5488    i.xPortStartScheduler  port.o
    0x080055ac   0x080055ac   0x0000002c   Code   RO         5489    i.xPortSysTickHandler  port.o
    0x080055d8   0x080055d8   0x00000066   Code   RO         3991    i.xQueueGenericCreateStatic  queue.o
    0x0800563e   0x0800563e   0x00000002   PAD
    0x08005640   0x08005640   0x00000088   Code   RO         3992    i.xQueueGenericReset  queue.o
    0x080056c8   0x080056c8   0x00000160   Code   RO         3993    i.xQueueGenericSend  queue.o
    0x08005828   0x08005828   0x000000be   Code   RO         3994    i.xQueueGenericSendFromISR  queue.o
    0x080058e6   0x080058e6   0x00000002   PAD
    0x080058e8   0x080058e8   0x00000138   Code   RO         4003    i.xQueueReceive     queue.o
    0x08005a20   0x08005a20   0x00000074   Code   RO         4414    i.xTaskCheckForTimeOut  tasks.o
    0x08005a94   0x08005a94   0x0000005a   Code   RO         4415    i.xTaskCreate       tasks.o
    0x08005aee   0x08005aee   0x00000056   Code   RO         4416    i.xTaskCreateStatic  tasks.o
    0x08005b44   0x08005b44   0x0000001c   Code   RO         4420    i.xTaskGetSchedulerState  tasks.o
    0x08005b60   0x08005b60   0x0000000c   Code   RO         4421    i.xTaskGetTickCount  tasks.o
    0x08005b6c   0x08005b6c   0x000000c8   Code   RO         4423    i.xTaskIncrementTick  tasks.o
    0x08005c34   0x08005c34   0x00000080   Code   RO         4426    i.xTaskPriorityDisinherit  tasks.o
    0x08005cb4   0x08005cb4   0x00000070   Code   RO         4428    i.xTaskRemoveFromEventList  tasks.o
    0x08005d24   0x08005d24   0x000000c4   Code   RO         4429    i.xTaskResumeAll    tasks.o
    0x08005de8   0x08005de8   0x00000060   Code   RO         4754    i.xTimerCreateTimerTask  timers.o
    0x08005e48   0x08005e48   0x00000068   Code   RO         4755    i.xTimerGenericCommand  timers.o
    0x08005eb0   0x08005eb0   0x00000018   Code   RO         6136    x$fpl$basic         fz_wm.l(basic.o)
    0x08005ec8   0x08005ec8   0x00000150   Code   RO         6039    x$fpl$dadd          fz_wm.l(daddsub_clz.o)
    0x08006018   0x08006018   0x00000018   Code   RO         6226    x$fpl$dcmpinf       fz_wm.l(dcmpi.o)
    0x08006030   0x08006030   0x000002b0   Code   RO         6139    x$fpl$ddiv          fz_wm.l(ddiv.o)
    0x080062e0   0x080062e0   0x0000005e   Code   RO         6045    x$fpl$dfix          fz_wm.l(dfix.o)
    0x0800633e   0x0800633e   0x0000002e   Code   RO         6050    x$fpl$dflt          fz_wm.l(dflt_clz.o)
    0x0800636c   0x0800636c   0x00000026   Code   RO         6049    x$fpl$dfltu         fz_wm.l(dflt_clz.o)
    0x08006392   0x08006392   0x00000002   PAD
    0x08006394   0x08006394   0x00000078   Code   RO         6144    x$fpl$dleqf         fz_wm.l(dleqf.o)
    0x0800640c   0x0800640c   0x00000154   Code   RO         6055    x$fpl$dmul          fz_wm.l(dmul.o)
    0x08006560   0x08006560   0x0000009c   Code   RO         6146    x$fpl$dnaninf       fz_wm.l(dnaninf.o)
    0x080065fc   0x080065fc   0x0000000c   Code   RO         6148    x$fpl$dretinf       fz_wm.l(dretinf.o)
    0x08006608   0x08006608   0x0000006c   Code   RO         6057    x$fpl$drleqf        fz_wm.l(drleqf.o)
    0x08006674   0x08006674   0x00000016   Code   RO         6040    x$fpl$drsb          fz_wm.l(daddsub_clz.o)
    0x0800668a   0x0800668a   0x00000002   PAD
    0x0800668c   0x0800668c   0x000001d4   Code   RO         6041    x$fpl$dsub          fz_wm.l(daddsub_clz.o)
    0x08006860   0x08006860   0x0000000a   Code   RO         6313    x$fpl$fpinit        fz_wm.l(fpinit.o)
    0x0800686a   0x0800686a   0x00000000   Code   RO         6156    x$fpl$usenofp       fz_wm.l(usenofp.o)
    0x0800686a   0x0800686a   0x00000002   PAD
    0x0800686c   0x0800686c   0x00000048   Data   RO          262    .constdata          freertos.o
    0x080068b4   0x080068b4   0x00000008   Data   RO         2373    .constdata          stm32f4xx_hal_dma.o
    0x080068bc   0x080068bc   0x00000010   Data   RO         3766    .constdata          system_stm32f4xx.o
    0x080068cc   0x080068cc   0x00000008   Data   RO         3767    .constdata          system_stm32f4xx.o
    0x080068d4   0x080068d4   0x00000014   Data   RO         5798    .constdata          bsp_imu.o
    0x080068e8   0x080068e8   0x00000030   Data   RO         6172    .constdata          m_wm.l(cos_i.o)
    0x08006918   0x08006918   0x000000c8   Data   RO         6195    .constdata          m_wm.l(rred.o)
    0x080069e0   0x080069e0   0x00000028   Data   RO         6199    .constdata          m_wm.l(sin_i.o)
    0x08006a08   0x08006a08   0x00000015   Data   RO          263    .conststring        freertos.o
    0x08006a1d   0x08006a1d   0x00000003   PAD
    0x08006a20   0x08006a20   0x00000020   Data   RO         6371    Region$$Table       anon$$obj.o


    Execution Region RW_IRAM2 (Exec base: 0x10000000, Load base: 0x08006b50, Size: 0x00000000, Max: 0x00010000, ABSOLUTE)

    **** No section assigned to this execution region ****


    Execution Region RW_IRAM1 (Exec base: 0x20000000, Load base: 0x08006a40, Size: 0x000055d0, Max: 0x00030000, ABSOLUTE)

    Exec Addr    Load Addr    Size         Type   Attr      Idx    E Section Name        Object

    0x20000000   0x08006a40   0x00000008   Data   RW          264    .data               freertos.o
    0x20000008   0x08006a48   0x00000004   Data   RW          313    .data               can.o
    0x2000000c   0x08006a4c   0x0000000c   Data   RW         2838    .data               stm32f4xx_hal.o
    0x20000018   0x08006a58   0x00000004   Data   RW         3768    .data               system_stm32f4xx.o
    0x2000001c   0x08006a5c   0x0000003c   Data   RW         4432    .data               tasks.o
    0x20000058   0x08006a98   0x00000014   Data   RW         4763    .data               timers.o
    0x2000006c   0x08006aac   0x00000004   Data   RW         4988    .data               cmsis_os2.o
    0x20000070   0x08006ab0   0x00000020   Data   RW         5434    .data               heap_4.o
    0x20000090   0x08006ad0   0x0000000c   Data   RW         5490    .data               port.o
    0x2000009c   0x08006adc   0x00000001   Data   RW         5674    .data               rc.o
    0x2000009d   0x08006add   0x00000003   PAD
    0x200000a0   0x08006ae0   0x00000010   Data   RW         5749    .data               underpan.o
    0x200000b0   0x08006af0   0x00000060   Data   RW         5799    .data               bsp_imu.o
    0x20000110        -       0x00000050   Zero   RW          312    .bss                can.o
    0x20000160        -       0x00000058   Zero   RW          384    .bss                spi.o
    0x200001b8        -       0x00000150   Zero   RW          427    .bss                usart.o
    0x20000308        -       0x00000048   Zero   RW          604    .bss                stm32f4xx_hal_timebase_tim.o
    0x20000350        -       0x00000040   Zero   RW         4007    .bss                queue.o
    0x20000390        -       0x000004c4   Zero   RW         4431    .bss                tasks.o
    0x20000854        -       0x00000118   Zero   RW         4762    .bss                timers.o
    0x2000096c        -       0x000006b8   Zero   RW         4987    .bss                cmsis_os2.o
    0x20001024        -       0x00003c00   Zero   RW         5433    .bss                heap_4.o
    0x20004c24        -       0x00000288   Zero   RW         5572    .bss                canbus.o
    0x20004eac        -       0x00000038   Zero   RW         5673    .bss                rc.o
    0x20004ee4        -       0x00000024   Zero   RW         5748    .bss                underpan.o
    0x20004f08        -       0x00000062   Zero   RW         5797    .bss                bsp_imu.o
    0x20004f6a   0x08006b50   0x00000002   PAD
    0x20004f6c        -       0x00000060   Zero   RW         6229    .bss                c_w.l(libspace.o)
    0x20004fcc   0x08006b50   0x00000004   PAD
    0x20004fd0        -       0x00000200   Zero   RW            2    HEAP                startup_stm32f427xx.o
    0x200051d0        -       0x00000400   Zero   RW            1    STACK               startup_stm32f427xx.o


==============================================================================

Image component sizes


      Code (inc. data)   RO Data    RW Data    ZI Data      Debug   Object Name

      1790        174         20         96         98      10981   bsp_imu.o
       440         42          0          4         80       2586   can.o
       562         42          0          0        648       6466   canbus.o
       326         22          0          4       1720      65259   cmsis_os2.o
        76          4          0          0          0        826   dma.o
         0          0          0          0          0      19500   event_groups.o
        56         16         93          8          0       1820   freertos.o
       156          8          0          0          0       1035   gpio.o
       472         24          0         32      15360       4899   heap_4.o
       138          0          0          0          0       3582   list.o
       272         14          0          0          0     773853   main.o
       786         82          0         12          0      11557   port.o
      1514         20          0          0         64      17476   queue.o
       288         38          0          1         56       3975   rc.o
       176         22          0          0         88       1705   spi.o
        64         26        428          0       1536        848   startup_stm32f427xx.o
       116         18          0         12          0       8894   stm32f4xx_hal.o
      1692          6          0          0          0      15188   stm32f4xx_hal_can.o
       158         14          0          0          0      33066   stm32f4xx_hal_cortex.o
      1084         16          8          0          0       7382   stm32f4xx_hal_dma.o
       574         54          0          0          0       2220   stm32f4xx_hal_gpio.o
        56          4          0          0          0        874   stm32f4xx_hal_msp.o
       112         14          0          0          0       1296   stm32f4xx_hal_pwr_ex.o
      1412         86          0          0          0       5945   stm32f4xx_hal_rcc.o
       980         16          0          0          0       4925   stm32f4xx_hal_spi.o
       740         72          0          0          0       7536   stm32f4xx_hal_tim.o
         4          0          0          0          0       1641   stm32f4xx_hal_tim_ex.o
       152         20          0          0         72       1496   stm32f4xx_hal_timebase_tim.o
      1802         28          0          0          0      12845   stm32f4xx_hal_uart.o
       108         48          0          0          0       6638   stm32f4xx_it.o
         0          0          0          0          0        412   stream_buffer.o
        16          4         24          4          0       1139   system_stm32f4xx.o
      2084        168          0         60       1220      27012   tasks.o
       972         80          0         20        280      32207   timers.o
       616         42          0         16         36       2686   underpan.o
       436         56          0          0        336       2609   usart.o

    ----------------------------------------------------------------------
     20278       1280        608        272      21596    1102379   Object Totals
         0          0         32          0          0          0   (incl. Generated)
        48          0          3          3          2          0   (incl. Padding)

    ----------------------------------------------------------------------

      Code (inc. data)   RO Data    RW Data    ZI Data      Debug   Library Member Name

         8          0          0          0          0         68   __main.o
         0          0          0          0          0          0   __rtentry.o
        12          0          0          0          0          0   __rtentry2.o
         6          0          0          0          0          0   __rtentry4.o
        52          8          0          0          0          0   __scatter.o
        26          0          0          0          0          0   __scatter_copy.o
        28          0          0          0          0          0   __scatter_zi.o
        22          0          0          0          0        100   _rserrno.o
        16          0          0          0          0         68   aeabi_memset.o
        18          0          0          0          0         80   exit.o
         6          0          0          0          0        152   heapauxi.o
         0          0          0          0          0          0   indicate_semi.o
         2          0          0          0          0          0   libinit.o
         6          0          0          0          0          0   libinit2.o
         2          0          0          0          0          0   libshutdown.o
         2          0          0          0          0          0   libshutdown2.o
         8          4          0          0         96         68   libspace.o
       238          0          0          0          0        100   lludivv7m.o
         8          4          0          0          0         68   rt_errno_addr_intlibspace.o
        68          0          0          0          0         68   rt_memclr.o
        78          0          0          0          0         80   rt_memclr_w.o
       138          0          0          0          0         68   rt_memcpy_v6.o
       100          0          0          0          0         80   rt_memcpy_w.o
         2          0          0          0          0          0   rtexit.o
        10          0          0          0          0          0   rtexit2.o
        12          4          0          0          0         68   sys_exit.o
        74          0          0          0          0         80   sys_stackheap_outer.o
         2          0          0          0          0         68   use_no_semi.o
        24          0          0          0          0        164   basic.o
       826         16          0          0          0        492   daddsub_clz.o
        24          0          0          0          0        116   dcmpi.o
       688        140          0          0          0        256   ddiv.o
        94          4          0          0          0        140   dfix.o
        84          0          0          0          0        232   dflt_clz.o
       120          4          0          0          0        140   dleqf.o
       340         12          0          0          0        152   dmul.o
       156          4          0          0          0        140   dnaninf.o
        12          0          0          0          0        116   dretinf.o
       108          0          0          0          0        128   drleqf.o
        10          0          0          0          0        116   fpinit.o
         0          0          0          0          0          0   usenofp.o
       200         20          0          0          0        164   cos.o
       368         46         48          0          0        200   cos_i.o
        84         16          0          0          0        372   dunder.o
        44          0          0          0          0        248   fabs.o
        48          0          0          0          0        124   fpclassify.o
       248          0          0          0          0        152   poly.o
      1080        142        200          0          0        188   rred.o
       200         20          0          0          0        164   sin.o
       304         24         40          0          0        208   sin_i.o

    ----------------------------------------------------------------------
      6026        468        288          0        100       5228   Library Totals
        20          0          0          0          4          0   (incl. Padding)

    ----------------------------------------------------------------------

      Code (inc. data)   RO Data    RW Data    ZI Data      Debug   Library Name

       944         20          0          0         96       1216   c_w.l
      2486        180          0          0          0       2192   fz_wm.l
      2576        268        288          0          0       1820   m_wm.l

    ----------------------------------------------------------------------
      6026        468        288          0        100       5228   Library Totals

    ----------------------------------------------------------------------

==============================================================================


      Code (inc. data)   RO Data    RW Data    ZI Data      Debug   

     26304       1748        896        272      21696    1084535   Grand Totals
     26304       1748        896        272      21696    1084535   ELF Image Totals
     26304       1748        896        272          0          0   ROM Totals

==============================================================================

    Total RO  Size (Code + RO Data)                27200 (  26.56kB)
    Total RW  Size (RW Data + ZI Data)             21968 (  21.45kB)
    Total ROM Size (Code + RO Data + RW Data)      27472 (  26.83kB)

==============================================================================

